Archive member included because of file (symbol)

O:\fehqt\Proteus/EWL/lib/armv7e-m\libc.a(__strtold.o)
                              Libraries\FEHSD.o (strtod)
O:\fehqt\Proteus/EWL/lib/armv7e-m\libc.a(sprintf.o)
                              Libraries\FEHLCD.o (sprintf)
O:\fehqt\Proteus/EWL/lib/armv7e-m\libc.a(vsnprintf.o)
                              O:\fehqt\Proteus/EWL/lib/armv7e-m\libc.a(sprintf.o) (vsnprintf)
O:\fehqt\Proteus/EWL/lib/armv7e-m\libc.a(vsscanf.o)
                              O:\fehqt\Proteus/EWL/lib/armv7e-m\libc.a(__strtold.o) (__StringRead)
O:\fehqt\Proteus/EWL/lib/armv7e-m\libc.a(atoi.o)
                              Libraries\FEHSD.o (strtol)
O:\fehqt\Proteus/EWL/lib/armv7e-m\libc.a(exit.o)
                              Startup\__arm_start.o (exit)
O:\fehqt\Proteus/EWL/lib/armv7e-m\libc.a(rand.o)
                              ..\grid.o (rand)
O:\fehqt\Proteus/EWL/lib/armv7e-m\libc.a(strtoul.o)
                              Libraries\FEHSD.o (strtoul)
O:\fehqt\Proteus/EWL/lib/armv7e-m\libc.a(memchr.o)
                              Libraries\FEHSD.o (memchr)
O:\fehqt\Proteus/EWL/lib/armv7e-m\libc.a(memcpy.o)
                              O:\fehqt\Proteus/EWL/lib/armv7e-m\libc.a(vsnprintf.o) (memcpy)
O:\fehqt\Proteus/EWL/lib/armv7e-m\libc.a(memset.o)
                              Startup\__arm_start.o (memset)
O:\fehqt\Proteus/EWL/lib/armv7e-m\libc.a(strchr.o)
                              Libraries\FEHSD.o (strchr)
O:\fehqt\Proteus/EWL/lib/armv7e-m\libc.a(strcmp.o)
                              Libraries\FEHLCD.o (strcmp)
O:\fehqt\Proteus/EWL/lib/armv7e-m\libc.a(strcpy.o)
                              Libraries\FEHLCD.o (strcpy)
O:\fehqt\Proteus/EWL/lib/armv7e-m\libc.a(strlen.o)
                              Libraries\FEHLCD.o (strlen)
O:\fehqt\Proteus/EWL/lib/armv7e-m\libc.a(printformat_.o)
                              (__pformatter_)
O:\fehqt\Proteus/EWL/lib/armv7e-m\libc.a(scanformat_.o)
                              (__sformatter)
O:\fehqt\Proteus/EWL/lib/armv7e-m\libc.a(ctype_aeabi.o)
                              Libraries\FEHSD.o (isspace)
O:\fehqt\Proteus/EWL/lib/armv7e-m\libc.a(errno.o)
                              O:\fehqt\Proteus/EWL/lib/armv7e-m\libc.a(__strtold.o) (errno)
O:\fehqt\Proteus/EWL/lib/armv7e-m\libc.a(__strtoul.o)
                              O:\fehqt\Proteus/EWL/lib/armv7e-m\libc.a(atoi.o) (__strtoul)
O:\fehqt\Proteus/EWL/lib/armv7e-m\libc.a(__filll_mem.o)
                              O:\fehqt\Proteus/EWL/lib/armv7e-m\libc.a(memset.o) (__fill_mem)
O:\fehqt\Proteus/EWL/lib/armv7e-m\libm.a(ansi_fp.o)
                              O:\fehqt\Proteus/EWL/lib/armv7e-m\libc.a(__strtold.o) (__dec2num)
O:\fehqt\Proteus/EWL/lib/armv7e-m\libm.a(float.o)
                              O:\fehqt\Proteus/EWL/lib/armv7e-m\libc.a(__strtold.o) (__extended_max)
O:\fehqt\Proteus/EWL/lib/armv7e-m\libm.a(math_api.o)
                              O:\fehqt\Proteus/EWL/lib/armv7e-m\libm.a(ansi_fp.o) (__signbitd)
O:\fehqt\Proteus/EWL/lib/armv7e-m\libm.a(s_frexp.o)
                              O:\fehqt\Proteus/EWL/lib/armv7e-m\libm.a(ansi_fp.o) (frexp)
O:\fehqt\Proteus/EWL/lib/armv7e-m\libm.a(w_pow.o)
                              O:\fehqt\Proteus/EWL/lib/armv7e-m\libm.a(ansi_fp.o) (pow)
O:\fehqt\Proteus/EWL/lib/armv7e-m\libm.a(e_pow.o)
                              O:\fehqt\Proteus/EWL/lib/armv7e-m\libm.a(w_pow.o) (__ieee754_pow)
O:\fehqt\Proteus/EWL/lib/armv7e-m\libm.a(scalbn.o)
                              O:\fehqt\Proteus/EWL/lib/armv7e-m\libm.a(e_pow.o) (scalbn)
O:\fehqt\Proteus/EWL/lib/armv7e-m\libm.a(w_sqrt.o)
                              O:\fehqt\Proteus/EWL/lib/armv7e-m\libm.a(e_pow.o) (sqrt)
O:\fehqt\Proteus/EWL/lib/armv7e-m\libm.a(e_sqrt.o)
                              O:\fehqt\Proteus/EWL/lib/armv7e-m\libm.a(w_sqrt.o) (__ieee754_sqrt)
O:\fehqt\Proteus/EWL/lib/armv7e-m\libm.a(s_ldexp.o)
                              O:\fehqt\Proteus/EWL/lib/armv7e-m\libm.a(scalbn.o) (ldexp)
o:/fehqt/proteus/gcc/bin/../lib/gcc/arm-none-eabi/4.6.2/armv7e-m\libgcc.a(_arm_addsubdf3.o)
                              Libraries\FEHLCD.o (__aeabi_dsub)
o:/fehqt/proteus/gcc/bin/../lib/gcc/arm-none-eabi/4.6.2/armv7e-m\libgcc.a(_arm_muldivdf3.o)
                              Libraries\FEHMotor.o (__aeabi_dmul)
o:/fehqt/proteus/gcc/bin/../lib/gcc/arm-none-eabi/4.6.2/armv7e-m\libgcc.a(_arm_cmpdf2.o)
                              O:\fehqt\Proteus/EWL/lib/armv7e-m\libc.a(__strtold.o) (__aeabi_dcmpeq)
o:/fehqt/proteus/gcc/bin/../lib/gcc/arm-none-eabi/4.6.2/armv7e-m\libgcc.a(_arm_fixdfsi.o)
                              Libraries\FEHMotor.o (__aeabi_d2iz)
o:/fehqt/proteus/gcc/bin/../lib/gcc/arm-none-eabi/4.6.2/armv7e-m\libgcc.a(_arm_fixunsdfsi.o)
                              ..\main.o (__aeabi_d2uiz)
o:/fehqt/proteus/gcc/bin/../lib/gcc/arm-none-eabi/4.6.2/armv7e-m\libgcc.a(_arm_truncdfsf2.o)
[...]
Memory Configuration

Name             Origin             Length             Attributes
m_interrupts     0x0000c000         0x00000400         xr
m_cfmprotrom     0x0000c400         0x00000010         xr
m_text           0x0000c410         0x00073bf0         xr
m_data           0x1fff0400         0x0000fc00         xrw
m_data2          0x20000000         0x00010000         xrw
*default*        0x00000000         0xffffffff

Linker script and memory map

LOAD ..\vectorlight.o
LOAD ..\tile.o
LOAD ..\grid.o
LOAD ..\main.o
LOAD Startup\__arm_start.o
LOAD Startup\__arm_end.o
LOAD Startup\kinetis_sysinit.o
LOAD Libraries\FEHMotor.o
LOAD Drivers\mcg.o
LOAD Drivers\i2c.o
LOAD Drivers\spi.o
LOAD Drivers\uart.o
LOAD Drivers\ff.o
LOAD Drivers\SDHC.o
LOAD Drivers\lptmr.o
LOAD FEHProteus.o
LOAD Drivers\FEHPropeller.o
LOAD Libraries\FEHUtility.o
LOAD Libraries\FEHIO.o
LOAD Drivers\adc16.o
LOAD Libraries\FEHBuzzer.o
LOAD Libraries\FEHServo.o
LOAD Libraries\FEHLCD.o
LOAD Libraries\FEHAccel.o
LOAD Libraries\FEHBattery.o
LOAD Drivers\FEHXBee.o
LOAD Libraries\FEHRPS.o
LOAD Libraries\FEHSD.o
LOAD Libraries\FEHRandom.o
                0x00015124                __pformatter = __pformatter_
                [0x0001551c]                __sformatter = __sformatter
LOAD O:\fehqt\Proteus/EWL/lib/armv7e-m\libstdc++.a
LOAD O:\fehqt\Proteus/EWL/lib/armv7e-m\libm.a
START GROUP
LOAD O:\fehqt\Proteus/EWL/lib/armv7e-m\libc.a
LOAD O:\fehqt\Proteus/EWL/lib/armv7e-m\libc++.a
LOAD O:\fehqt\Proteus/EWL/lib/armv7e-m\libm.a
LOAD o:/fehqt/proteus/gcc/bin/../lib/gcc/arm-none-eabi/4.6.2/armv7e-m\libgcc.a
LOAD O:\fehqt\Proteus/EWL/lib/armv7e-m\librt.a
LOAD o:/fehqt/proteus/gcc/bin/../lib/gcc/arm-none-eabi/4.6.2/../../../../arm-none-eabi/lib/armv7e-m\libsupc++.a
END GROUP
                0x20000000                _estack = 0x20000000
                0x20000000                __SP_INIT = _estack
                0x00000800                __heap_size = 0x800
                0x00000800                __stack_size = 0x800

.interrupts     0x0000c000      0x1e0
                0x0000c000                __vector_table = .
                0x0000c000                . = ALIGN (0x4)
 *(.vectortable)
 .vectortable   0x0000c000      0x1e0 Startup\kinetis_sysinit.o
                0x0000c1e0                . = ALIGN (0x4)

.cfmprotect     0x0000c400        0x0
                0x0000c400                . = ALIGN (0x4)
 *(.cfmconfig)
                0x0000c400                . = ALIGN (0x4)

.text           0x0000c410     0xb6c0
                0x0000c410                . = ALIGN (0x4)
 *(.text)
 .text          0x0000c410      0x370 o:/fehqt/proteus/gcc/bin/../lib/gcc/arm-none-eabi/4.6.2/armv7e-m\libgcc.a(_arm_addsubdf3.o)
                0x0000c410                __aeabi_drsub
                0x0000c418                __aeabi_dsub
                0x0000c418                __subdf3
                0x0000c41c                __aeabi_dadd
                0x0000c41c                __adddf3
                0x0000c694                __floatunsidf
                0x0000c694                __aeabi_ui2d
                0x0000c6b4                __floatsidf
                0x0000c6b4                __aeabi_i2d
                0x0000c6d8                __aeabi_f2d
                0x0000c6d8                __extendsfdf2
                0x0000c714                __floatundidf
                0x0000c714                __aeabi_ul2d
                0x0000c724                __floatdidf
                0x0000c724                __aeabi_l2d
 .text          0x0000c780      0x424 o:/fehqt/proteus/gcc/bin/../lib/gcc/arm-none-eabi/4.6.2/armv7e-m\libgcc.a(_arm_muldivdf3.o)
                0x0000c780                __aeabi_dmul
                0x0000c780                __muldf3
                0x0000c9d4                __divdf3
                0x0000c9d4                __aeabi_ddiv
 .text          0x0000cba4       0x50 o:/fehqt/proteus/gcc/bin/../lib/gcc/arm-none-eabi/4.6.2/armv7e-m\libgcc.a(_arm_fixdfsi.o)
                0x0000cba4                __aeabi_d2iz
                0x0000cba4                __fixdfsi
 .text          0x0000cbf4       0x40 o:/fehqt/proteus/gcc/bin/../lib/gcc/arm-none-eabi/4.6.2/armv7e-m\libgcc.a(_arm_fixunsdfsi.o)
                0x0000cbf4                __aeabi_d2uiz
                0x0000cbf4                __fixunsdfsi
 .text          0x0000cc34       0xa0 o:/fehqt/proteus/gcc/bin/../lib/gcc/arm-none-eabi/4.6.2/armv7e-m\libgcc.a(_arm_truncdfsf2.o)
                0x0000cc34                __truncdfsf2
                0x0000cc34                __aeabi_d2f
 .text          0x0000ccd4      0x21c o:/fehqt/proteus/gcc/bin/../lib/gcc/arm-none-eabi/4.6.2/armv7e-m\libgcc.a(_arm_addsubsf3.o)
                0x0000ccd4                __aeabi_frsub
                0x0000ccdc                __subsf3
                0x0000ccdc                __aeabi_fsub
                0x0000cce0                __aeabi_fadd
                0x0000cce0                __addsf3
                0x0000ce40                __aeabi_ui2f
                0x0000ce40                __floatunsisf
                0x0000ce48                __aeabi_i2f
                0x0000ce48                __floatsisf
                0x0000ce64                __aeabi_ul2f
                0x0000ce64                __floatundisf
                0x0000ce74                __aeabi_l2f
                0x0000ce74                __floatdisf
 .text          0x0000cef0      0x2a0 o:/fehqt/proteus/gcc/bin/../lib/gcc/arm-none-eabi/4.6.2/armv7e-m\libgcc.a(_arm_muldivsf3.o)
                0x0000cef0                __mulsf3
                0x0000cef0                __aeabi_fmul
                0x0000d058                __aeabi_fdiv
                0x0000d058                __divsf3
 .text          0x0000d190       0xec o:/fehqt/proteus/gcc/bin/../lib/gcc/arm-none-eabi/4.6.2/armv7e-m\libgcc.a(_arm_cmpsf2.o)
                0x0000d190                __gesf2
                0x0000d190                __gtsf2
                0x0000d198                __lesf2
                0x0000d198                __ltsf2
                0x0000d1a0                __nesf2
                0x0000d1a0                __eqsf2
                0x0000d1a0                __cmpsf2
                0x0000d200                __aeabi_cfrcmple
                0x0000d208                __aeabi_cfcmpeq
                0x0000d208                __aeabi_cfcmple
                0x0000d218                __aeabi_fcmpeq
                0x0000d22c                __aeabi_fcmplt
                0x0000d240                __aeabi_fcmple
                0x0000d254                __aeabi_fcmpge
                0x0000d268                __aeabi_fcmpgt
 .text          0x0000d27c       0x4c o:/fehqt/proteus/gcc/bin/../lib/gcc/arm-none-eabi/4.6.2/armv7e-m\libgcc.a(_arm_fixsfsi.o)
                0x0000d27c                __aeabi_f2iz
                0x0000d27c                __fixsfsi
 .text          0x0000d2c8      0xb54 o:/fehqt/proteus/gcc/bin/../lib/gcc/arm-none-eabi/4.6.2/armv7e-m\libgcc.a(unwind-arm.o)
                0x0000d570                _Unwind_VRS_Get
                0x0000d5b0                _Unwind_VRS_Set
                0x0000d910                __aeabi_unwind_cpp_pr2
                0x0000d914                __aeabi_unwind_cpp_pr1
                0x0000d918                __aeabi_unwind_cpp_pr0
                0x0000d91c                _Unwind_VRS_Pop
                0x0000dcd0                _Unwind_GetCFA
                0x0000dcd4                __gnu_Unwind_RaiseException
                0x0000dd34                __gnu_Unwind_ForcedUnwind
                0x0000dd48                __gnu_Unwind_Resume
                0x0000dd84                __gnu_Unwind_Resume_or_Rethrow
                0x0000dd94                _Unwind_Complete
                0x0000dd98                _Unwind_DeleteException
                0x0000dda8                __gnu_Unwind_Backtrace
 .text          0x0000de1c      0x1ac o:/fehqt/proteus/gcc/bin/../lib/gcc/arm-none-eabi/4.6.2/armv7e-m\libgcc.a(libunwind.o)
                0x0000de1c                __restore_core_regs
                0x0000de1c                restore_core_regs
                0x0000de34                __gnu_Unwind_Restore_VFP
                0x0000de3c                __gnu_Unwind_Save_VFP
                0x0000de44                __gnu_Unwind_Restore_VFP_D
                0x0000de4c                __gnu_Unwind_Save_VFP_D
                0x0000de54                __gnu_Unwind_Restore_VFP_D_16_to_31
                0x0000de5c                __gnu_Unwind_Save_VFP_D_16_to_31
                0x0000de64                __gnu_Unwind_Restore_WMMXD
                0x0000dea8                __gnu_Unwind_Save_WMMXD
                0x0000deec                __gnu_Unwind_Restore_WMMXC
                0x0000df00                __gnu_Unwind_Save_WMMXC
                0x0000df14                ___Unwind_RaiseException
                0x0000df14                _Unwind_RaiseException
                0x0000df38                _Unwind_Resume
                0x0000df38                ___Unwind_Resume
                0x0000df5c                _Unwind_Resume_or_Rethrow
                0x0000df5c                ___Unwind_Resume_or_Rethrow
                0x0000df80                _Unwind_ForcedUnwind
                0x0000df80                ___Unwind_ForcedUnwind
                0x0000dfa4                ___Unwind_Backtrace
                0x0000dfa4                _Unwind_Backtrace
 .text          0x0000dfc8      0x374 o:/fehqt/proteus/gcc/bin/../lib/gcc/arm-none-eabi/4.6.2/armv7e-m\libgcc.a(pr-support.o)
                0x0000e01c                __gnu_unwind_execute
                0x0000e2e4                __gnu_unwind_frame
                0x0000e30c                _Unwind_GetRegionStart
                0x0000e318                _Unwind_GetLanguageSpecificData
                0x0000e32c                _Unwind_GetDataRelBase
                0x0000e334                _Unwind_GetTextRelBase
 *(.text*)
 .text._ZN4TileC2Ev
                0x0000e33c       0x18 ..\tile.o
                0x0000e33c                Tile::Tile()
                0x0000e33c                Tile::Tile()
 .text._ZN4Tile6getRowEv
                0x0000e354       0x18 ..\tile.o
                0x0000e354                Tile::getRow()
 .text._ZN4Tile6getColEv
                0x0000e36c       0x18 ..\tile.o
                0x0000e36c                Tile::getCol()
 .text._ZN4Tile8getColorEv
                0x0000e384       0x18 ..\tile.o
                0x0000e384                Tile::getColor()
 .text._ZN4Tile10wasCheckedEv
                0x0000e39c       0x18 ..\tile.o
                0x0000e39c                Tile::wasChecked()
 .text._ZN4Tile6setRowEi
                0x0000e3b4       0x1c ..\tile.o
                0x0000e3b4                Tile::setRow(int)
 .text._ZN4Tile6setColEi
                0x0000e3d0       0x1c ..\tile.o
                0x0000e3d0                Tile::setCol(int)
 .text._ZN4Tile8setColorEi
                0x0000e3ec       0x1c ..\tile.o
                0x0000e3ec                Tile::setColor(int)
 .text._ZN4Tile10setCheckedEb
                0x0000e408       0x1c ..\tile.o
                0x0000e408                Tile::setChecked(bool)
 .text._ZN4GridC2Eiii
                0x0000e424      0x1c4 ..\grid.o
                0x0000e424                Grid::Grid(int, int, int)
                0x0000e424                Grid::Grid(int, int, int)
 .text._ZN4Grid7getTileEii
                0x0000e5e8       0x30 ..\grid.o
                0x0000e5e8                Grid::getTile(int, int)
 .text._ZN4Grid8getTriesEv
                0x0000e618       0x18 ..\grid.o
                0x0000e618                Grid::getTries()
 .text._ZN4Grid8setTriesEi
                0x0000e630       0x1c ..\grid.o
                0x0000e630                Grid::setTries(int)
 .text._ZN4Grid10isCompleteEv
                0x0000e64c       0xc8 ..\grid.o
                0x0000e64c                Grid::isComplete()
 .text._ZN4Grid12updateColorsEP4Tileii
                0x0000e714      0x1a8 ..\grid.o
                0x0000e714                Grid::updateColors(Tile*, int, int)
 .text._ZN4Grid5printEv
                0x0000e8bc      0x174 ..\grid.o
                0x0000e8bc                Grid::print()
 .text._ZN11VectorLightIP4TileEC2Ev
                0x0000ea30       0x38 ..\grid.o
                0x0000ea30                VectorLight<Tile*>::VectorLight()
                0x0000ea30                VectorLight<Tile*>::VectorLight()
 .text._ZN11VectorLightIP4TileE4sizeEv
                0x0000ea68       0x18 ..\grid.o
                0x0000ea68                VectorLight<Tile*>::size()
 .text._ZN11VectorLightIP4TileE5emptyEv
                0x0000ea80       0x24 ..\grid.o
                0x0000ea80                VectorLight<Tile*>::empty()
 .text._ZN11VectorLightIP4TileE8pop_backEv
                0x0000eaa4       0x38 ..\grid.o
                0x0000eaa4                VectorLight<Tile*>::pop_back()
 .text._ZN11VectorLightIP4TileE9push_backES1_
                0x0000eadc       0x38 ..\grid.o
                0x0000eadc                VectorLight<Tile*>::push_back(Tile*)
 .text._ZN11VectorLightIP4TileE13vector_resizeEv
                0x0000eb14      0x110 ..\grid.o
                0x0000eb14                VectorLight<Tile*>::vector_resize()
 .text._Z7FloodItii
                0x0000ec24      0x23c ..\main.o
                0x0000ec24                FloodIt(int, int)
 .text.main     0x0000ee60      0x144 ..\main.o
                0x0000ee60                main
 .text.zero_fill_bss
                0x0000efa4       0x34 Startup\__arm_start.o
 .text.__thumb_startup
                0x0000efd8       0x34 Startup\__arm_start.o
                0x0000efd8                __thumb_startup
 .text.InitFEHProteus
                0x0000f00c      0x168 Startup\__arm_start.o
                0x0000f00c                InitFEHProteus
 .text.pll_init_bl
                0x0000f174      0x130 Startup\__arm_start.o
 .text.InitPowerButton
                0x0000f2a4       0x90 Startup\__arm_start.o
                0x0000f2a4                InitPowerButton
 .text._ExitProcess
                0x0000f334        0xc Startup\__arm_end.o
                0x0000f334                _ExitProcess
 .text.Default_Handler
                0x0000f340        0xc Startup\kinetis_sysinit.o
                0x0000f340                BusFault_Handler()
                0x0000f340                HardFault_Handler()
                0x0000f340                SysTick_Handler()
                0x0000f340                PendSV_Handler()
                0x0000f340                DebugMonitor_Handler()
                0x0000f340                MemManage_Handler()
                0x0000f340                NMI_Handler()
                0x0000f340                SVC_Handler()
                0x0000f340                Default_Handler
                0x0000f340                UsageFault_Handler()
 .text.__init_hardware
                0x0000f34c       0x44 Startup\kinetis_sysinit.o
                0x0000f34c                __init_hardware
 .text._Z8PortDISRv
                0x0000f390       0x64 Startup\kinetis_sysinit.o
                0x0000f390                PortDISR()
 .text._Z21IIC_StartTransmissionhh
                0x0000f3f4       0x98 Drivers\i2c.o
                0x0000f3f4                IIC_StartTransmission(unsigned char, unsigned char)
 .text._Z5Pausev
                0x0000f48c       0x34 Drivers\i2c.o
                0x0000f48c                Pause()
 .text._Z21MMA8451QWriteRegisterhh
                0x0000f4c0       0x8c Drivers\i2c.o
                0x0000f4c0                MMA8451QWriteRegister(unsigned char, unsigned char)
 .text._Z8i2c_Waitv
                0x0000f54c       0x88 Drivers\i2c.o
                0x0000f54c                i2c_Wait()
 .text._Z12SPI_SendCharh
                0x0000f5d4       0x1c Drivers\spi.o
                0x0000f5d4                SPI_SendChar(unsigned char)
 .text._Z16SPI_WriteCommandhh
                0x0000f5f0       0x34 Drivers\spi.o
                0x0000f5f0                SPI_WriteCommand(unsigned char, unsigned char)
 .text._Z11SPI_GetCharv
                0x0000f624       0x14 Drivers\spi.o
                0x0000f624                SPI_GetChar()
 .text._Z15SPI_ReadCommandh
                0x0000f638       0x3c Drivers\spi.o
                0x0000f638                SPI_ReadCommand(unsigned char)
 .text._Z13SPI_CS_Assertv
                0x0000f674       0x24 Drivers\spi.o
                0x0000f674                SPI_CS_Assert()
 .text._Z15SPI_CS_Deassertv
                0x0000f698       0x24 Drivers\spi.o
                0x0000f698                SPI_CS_Deassert()
 .text._Z12SPI_Transferh
                0x0000f6bc       0x88 Drivers\spi.o
                0x0000f6bc                SPI_Transfer(unsigned char)
 *fill*         0x0000f744        0x4 00
 .text._Z8SPI_Initv
                0x0000f748       0xe8 Drivers\spi.o
                0x0000f748                SPI_Init()
 .text._Z9uart_initPV11UART_MemMapii
                0x0000f830      0x20c Drivers\uart.o
                0x0000f830                uart_init(UART_MemMap volatile*, int, int)
 .text._Z12uart_getcharPV11UART_MemMap
                0x0000fa3c       0x34 Drivers\uart.o
                0x0000fa3c                uart_getchar(UART_MemMap volatile*)
 .text._ZL7mem_setPvij
                0x0000fa70       0x44 Drivers\ff.o
 .text._ZL11move_windowP5FATFSm
                0x0000fab4       0xf0 Drivers\ff.o
 .text._ZL4syncP5FATFS
                0x0000fba4      0x188 Drivers\ff.o
 .text._ZL8validateP5FATFSt
                0x0000fd2c       0x54 Drivers\ff.o
 .text._Z6f_syncP3FIL
                0x0000fd80      0x1c0 Drivers\ff.o
                0x0000fd80                f_sync(FIL*)
 .text._Z7f_closeP3FIL
                0x0000ff40       0x2c Drivers\ff.o
                0x0000ff40                f_close(FIL*)
 .text._ZL17SDHC_set_baudratemm
                0x0000ff6c      0x14c Drivers\SDHC.o
 .text._Z9SDHC_initP17esdhc_info_structPK17esdhc_init_struct
                0x000100b8      0x1c4 Drivers\SDHC.o
                0x000100b8                SDHC_init(esdhc_info_struct*, esdhc_init_struct const*)
 .text._ZL15SDHC_is_runningv
                0x0001027c       0x28 Drivers\SDHC.o
 .text._ZL16SDHC_status_waitm
                0x000102a4       0x38 Drivers\SDHC.o
 .text._ZL17SDHC_send_commandP20esdhc_command_struct
                0x000102dc      0x2a0 Drivers\SDHC.o
 .text._Z10SDHC_ioctlmPv
                0x0001057c      0x978 Drivers\SDHC.o
                0x0001057c                SDHC_ioctl(unsigned long, void*)
 .text._ZL14rcvr_datablockPhm
                0x00010ef4      0x134 Drivers\SDHC.o
 .text._Z9disk_readhPhmh
                0x00011028      0x13c Drivers\SDHC.o
                0x00011028                disk_read(unsigned char, unsigned char*, unsigned long, unsigned char)
 .text._ZL14xmit_datablockPKhm
                0x00011164       0xe0 Drivers\SDHC.o
 .text._Z10disk_writehPKhmh
                0x00011244      0x1cc Drivers\SDHC.o
                0x00011244                disk_write(unsigned char, unsigned char const*, unsigned long, unsigned char)
 .text._Z10disk_ioctlhhPv
                0x00011410      0x128 Drivers\SDHC.o
                0x00011410                disk_ioctl(unsigned char, unsigned char, void*)
 .text._Z11disk_statush
                0x00011538       0x30 Drivers\SDHC.o
                0x00011538                disk_status(unsigned char)
 .text._Z13time_delay_msm
                0x00011568       0xa4 Drivers\lptmr.o
                0x00011568                time_delay_ms(unsigned long)
 .text._Z41__static_initialization_and_destruction_0ii
                0x0001160c       0x30 FEHProteus.o
 .text._GLOBAL__sub_I_Propeller
                0x0001163c       0x14 FEHProteus.o
 .text._ZN12FEHPropellerC2Ev
                0x00011650       0x20 Drivers\FEHPropeller.o
                0x00011650                FEHPropeller::FEHPropeller()
                0x00011650                FEHPropeller::FEHPropeller()
 .text._ZN12FEHPropeller10InitializeEv
                0x00011670       0x94 Drivers\FEHPropeller.o
                0x00011670                FEHPropeller::Initialize()
 .text._ZL5Delaymjj
                0x00011704       0xc4 Libraries\FEHUtility.o
 .text._Z5Sleepi
                0x000117c8       0x34 Libraries\FEHUtility.o
                0x000117c8                Sleep(int)
 *fill*         0x000117fc        0x4 00
 .text._Z5Sleepd
                0x00011800       0x58 Libraries\FEHUtility.o
                0x00011800                Sleep(double)
 .text._Z7TimeNowv
                0x00011858       0x70 Libraries\FEHUtility.o
                0x00011858                TimeNow()
 .text._Z9portB_isrv
                0x000118c8       0xd4 Libraries\FEHIO.o
                0x000118c8                portB_isr()
 .text._Z9portC_isrv
                0x0001199c       0xd8 Libraries\FEHIO.o
                0x0001199c                portC_isr()
 .text._Z9portA_isrv
                0x00011a74       0xd8 Libraries\FEHIO.o
                0x00011a74                portA_isr()
 .text._Z9portE_isrv
                0x00011b4c       0xd0 Libraries\FEHIO.o
                0x00011b4c                portE_isr()
 .text._ZN14AnalogInputPinC2EN5FEHIO8FEHIOPinE
                0x00011c1c       0x20 Libraries\FEHIO.o
                0x00011c1c                AnalogInputPin::AnalogInputPin(FEHIO::FEHIOPin)
                0x00011c1c                AnalogInputPin::AnalogInputPin(FEHIO::FEHIOPin)
 .text._ZN13AnalogEncoder12EncoderValueEv
                0x00011c3c       0xe4 Libraries\FEHIO.o
                0x00011c3c                AnalogEncoder::EncoderValue()
 .text._ZN14AnalogInputPin8InitADCsEv
                0x00011d20      0x120 Libraries\FEHIO.o
                0x00011d20                AnalogInputPin::InitADCs()
 .text._Z8pit0_isrv
                0x00011e40       0x34 Libraries\FEHIO.o
                0x00011e40                pit0_isr()
 .text._ZN13AnalogEncoder4InitEv
                0x00011e74       0x64 Libraries\FEHIO.o
                0x00011e74                AnalogEncoder::Init()
 .text._ZN13AnalogEncoder14SetCounterInitEj
                0x00011ed8       0x20 Libraries\FEHIO.o
                0x00011ed8                AnalogEncoder::SetCounterInit(unsigned int)
 .text._ZN13AnalogEncoder10ProcessIntEv
                0x00011ef8       0x80 Libraries\FEHIO.o
                0x00011ef8                AnalogEncoder::ProcessInt()
 .text._ZN13AnalogEncoder14ProcessIntSelfEv
                0x00011f78       0x80 Libraries\FEHIO.o
                0x00011f78                AnalogEncoder::ProcessIntSelf()
 .text._Z7ADC_CalPV10ADC_MemMap
                0x00011ff8      0x14c Drivers\adc16.o
                0x00011ff8                ADC_Cal(ADC_MemMap volatile*)
 .text._Z14ADC_Config_AltPV10ADC_MemMapP7adc_cfg
                0x00012144       0x6c Drivers\adc16.o
                0x00012144                ADC_Config_Alt(ADC_MemMap volatile*, adc_cfg*)
 .text._ZN9FEHBuzzerC2Ev
                0x000121b0       0x18 Libraries\FEHBuzzer.o
                0x000121b0                FEHBuzzer::FEHBuzzer()
                0x000121b0                FEHBuzzer::FEHBuzzer()
 .text._Z41__static_initialization_and_destruction_0ii
                0x000121c8       0x30 Libraries\FEHBuzzer.o
 .text._GLOBAL__sub_I_Buzzer
                0x000121f8       0x14 Libraries\FEHBuzzer.o
 .text._ZN6FEHLCD11_InitializeEv
                0x0001220c      0x5dc Libraries\FEHLCD.o
                0x0001220c                FEHLCD::_Initialize()
 .text._ZN6FEHLCDC2Ev
                0x000127e8       0x64 Libraries\FEHLCD.o
                0x000127e8                FEHLCD::FEHLCD()
                0x000127e8                FEHLCD::FEHLCD()
 .text._ZN6FEHLCD10InitializeEv
                0x0001284c       0x38 Libraries\FEHLCD.o
                0x0001284c                FEHLCD::Initialize()
 .text._ZN6FEHLCD10PrintImageEii
                0x00012884      0x100 Libraries\FEHLCD.o
                0x00012884                FEHLCD::PrintImage(int, int)
 .text._ZN6FEHLCD9PrintLogoEii
                0x00012984      0x100 Libraries\FEHLCD.o
                0x00012984                FEHLCD::PrintLogo(int, int)
 .text._ZN6FEHLCD22ConvertFEHColorTo24BitENS_11FEHLCDColorE
                0x00012a84       0x80 Libraries\FEHLCD.o
                0x00012a84                FEHLCD::ConvertFEHColorTo24Bit(FEHLCD::FEHLCDColor)
 .text._ZN6FEHLCD24Convert24BitColorTo16BitEj
                0x00012b04       0x40 Libraries\FEHLCD.o
                0x00012b04                FEHLCD::Convert24BitColorTo16Bit(unsigned int)
 .text._ZN6FEHLCD22ConvertRGBColorTo16BitEhhh
                0x00012b44       0x44 Libraries\FEHLCD.o
                0x00012b44                FEHLCD::ConvertRGBColorTo16Bit(unsigned char, unsigned char, unsigned char)
 .text._ZN6FEHLCD5ClearENS_11FEHLCDColorE
                0x00012b88       0x28 Libraries\FEHLCD.o
                0x00012b88                FEHLCD::Clear(FEHLCD::FEHLCDColor)
 .text._ZN6FEHLCD5ClearEj
                0x00012bb0       0x2c Libraries\FEHLCD.o
                0x00012bb0                FEHLCD::Clear(unsigned int)
 .text._ZN6FEHLCD18SetBackgroundColorENS_11FEHLCDColorE
                0x00012bdc       0x28 Libraries\FEHLCD.o
                0x00012bdc                FEHLCD::SetBackgroundColor(FEHLCD::FEHLCDColor)
 .text._ZN6FEHLCD18SetBackgroundColorEj
                0x00012c04       0x28 Libraries\FEHLCD.o
                0x00012c04                FEHLCD::SetBackgroundColor(unsigned int)
 .text._ZN6FEHLCD12SetFontColorENS_11FEHLCDColorE
                0x00012c2c       0x28 Libraries\FEHLCD.o
                0x00012c2c                FEHLCD::SetFontColor(FEHLCD::FEHLCDColor)
 .text._ZN6FEHLCD12SetFontColorEj
                0x00012c54       0x28 Libraries\FEHLCD.o
                0x00012c54                FEHLCD::SetFontColor(unsigned int)
 .text._ZN6FEHLCD7WriteAtEPKcii
                0x00012c7c       0x58 Libraries\FEHLCD.o
                0x00012c7c                FEHLCD::WriteAt(char const*, int, int)
 .text._ZN6FEHLCD7WriteAtEiii
                0x00012cd4       0x3c Libraries\FEHLCD.o
                0x00012cd4                FEHLCD::WriteAt(int, int, int)
 .text._ZN6FEHLCD11TS_SPI_InitEv
                0x00012d10       0xa8 Libraries\FEHLCD.o
                0x00012d10                FEHLCD::TS_SPI_Init()
 .text._ZN6FEHLCD5TouchEPfS0_
                0x00012db8      0x240 Libraries\FEHLCD.o
                0x00012db8                FEHLCD::Touch(float*, float*)
 .text._ZN6FEHLCD3absEi
                0x00012ff8       0x28 Libraries\FEHLCD.o
                0x00012ff8                FEHLCD::abs(int)
 .text._ZN6FEHLCD5WriteEPKc
                0x00013020       0x5c Libraries\FEHLCD.o
                0x00013020                FEHLCD::Write(char const*)
 .text._ZN6FEHLCD5WriteEi
                0x0001307c       0x34 Libraries\FEHLCD.o
                0x0001307c                FEHLCD::Write(int)
 .text._ZN6FEHLCD9WriteLineEPKc
                0x000130b0       0x28 Libraries\FEHLCD.o
                0x000130b0                FEHLCD::WriteLine(char const*)
 .text._ZN6FEHLCD9WriteLineEi
                0x000130d8       0x28 Libraries\FEHLCD.o
                0x000130d8                FEHLCD::WriteLine(int)
 .text._ZN6FEHLCD10WriteIndexEh
                0x00013100      0x288 Libraries\FEHLCD.o
                0x00013100                FEHLCD::WriteIndex(unsigned char)
 .text._ZN6FEHLCD14WriteParameterEh
                0x00013388      0x254 Libraries\FEHLCD.o
                0x00013388                FEHLCD::WriteParameter(unsigned char)
 .text._ZN6FEHLCD6_ClearEv
                0x000135dc      0x228 Libraries\FEHLCD.o
                0x000135dc                FEHLCD::_Clear()
 .text._ZN6FEHLCD8NextLineEv
                0x00013804       0x30 Libraries\FEHLCD.o
                0x00013804                FEHLCD::NextLine()
 .text._ZN6FEHLCD9CheckLineEv
                0x00013834       0x2c Libraries\FEHLCD.o
                0x00013834                FEHLCD::CheckLine()
 .text._ZN6FEHLCD8NextCharEv
                0x00013860       0x34 Libraries\FEHLCD.o
                0x00013860                FEHLCD::NextChar()
 .text._ZN6FEHLCD9DrawPixelEii
                0x00013894       0x30 Libraries\FEHLCD.o
                0x00013894                FEHLCD::DrawPixel(int, int)
 .text._Z4SwapRiS_
                0x000138c4       0x28 Libraries\FEHLCD.o
                0x000138c4                Swap(int&, int&)
 .text._ZN6FEHLCD13DrawRectangleEiiii
                0x000138ec       0x80 Libraries\FEHLCD.o
                0x000138ec                FEHLCD::DrawRectangle(int, int, int, int)
 .text._ZN6FEHLCD13SetDrawRegionEiiii
                0x0001396c      0x10c Libraries\FEHLCD.o
                0x0001396c                FEHLCD::SetDrawRegion(int, int, int, int)
 .text._ZN6FEHLCD13FillRectangleEiiii
                0x00013a78       0x5c Libraries\FEHLCD.o
                0x00013a78                FEHLCD::FillRectangle(int, int, int, int)
 .text._ZN6FEHLCD8DrawLineEiiii
                0x00013ad4      0x17c Libraries\FEHLCD.o
                0x00013ad4                FEHLCD::DrawLine(int, int, int, int)
 .text._ZN6FEHLCD9WriteCharEiic
                0x00013c50       0x40 Libraries\FEHLCD.o
                0x00013c50                FEHLCD::WriteChar(int, int, char)
 .text._ZN6FEHLCD11WriteCharAtEiic
                0x00013c90      0x278 Libraries\FEHLCD.o
                0x00013c90                FEHLCD::WriteCharAt(int, int, char)
 .text._ZN6FEHLCD11RepeatColorEv
                0x00013f08       0xbc Libraries\FEHLCD.o
                0x00013f08                FEHLCD::RepeatColor()
 .text._ZN6FEHLCD10_ForePixelEv
                0x00013fc4      0x160 Libraries\FEHLCD.o
                0x00013fc4                FEHLCD::_ForePixel()
 .text._ZN6FEHLCD10_BackPixelEv
                0x00014124      0x160 Libraries\FEHLCD.o
                0x00014124                FEHLCD::_BackPixel()
 .text._ZN6FEHLCD22SetRegisterColorValuesEv
                0x00014284      0x4c0 Libraries\FEHLCD.o
                0x00014284                FEHLCD::SetRegisterColorValues()
 .text._Z41__static_initialization_and_destruction_0ii
                0x00014744       0x30 Libraries\FEHLCD.o
 .text._GLOBAL__sub_I_image
                0x00014774       0x14 Libraries\FEHLCD.o
 .text._ZN8FEHAccelC2Ev
                0x00014788       0xa8 Libraries\FEHAccel.o
                0x00014788                FEHAccel::FEHAccel()
                0x00014788                FEHAccel::FEHAccel()
 .text._Z41__static_initialization_and_destruction_0ii
                0x00014830       0x30 Libraries\FEHAccel.o
 .text._GLOBAL__sub_I_Accel
                0x00014860       0x14 Libraries\FEHAccel.o
 .text._ZN10FEHBatteryC2EN5FEHIO8FEHIOPinE
                0x00014874       0x24 Libraries\FEHBattery.o
                0x00014874                FEHBattery::FEHBattery(FEHIO::FEHIOPin)
                0x00014874                FEHBattery::FEHBattery(FEHIO::FEHIOPin)
 .text._Z41__static_initialization_and_destruction_0ii
                0x00014898       0x34 Libraries\FEHBattery.o
 .text._GLOBAL__sub_I_Battery
                0x000148cc       0x14 Libraries\FEHBattery.o
 .text._ZN7FEHXBeeC2Ev
                0x000148e0       0x20 Drivers\FEHXBee.o
                0x000148e0                FEHXBee::FEHXBee()
                0x000148e0                FEHXBee::FEHXBee()
 .text._ZN7FEHXBee17SetPacketCallBackEPFvPhhE
                0x00014900       0x20 Drivers\FEHXBee.o
                0x00014900                FEHXBee::SetPacketCallBack(void (*)(unsigned char*, unsigned char))
 .text._Z9UART0_ISRv
                0x00014920      0x174 Drivers\FEHXBee.o
                0x00014920                UART0_ISR()
 .text._ZN6FEHRPSC2Ev
                0x00014a94       0x88 Libraries\FEHRPS.o
                0x00014a94                FEHRPS::FEHRPS()
                0x00014a94                FEHRPS::FEHRPS()
 .text._Z14RPSDataProcessPhh
                0x00014b1c      0x164 Libraries\FEHRPS.o
                0x00014b1c                RPSDataProcess(unsigned char*, unsigned char)
 .text._Z41__static_initialization_and_destruction_0ii
                0x00014c80       0x30 Libraries\FEHRPS.o
 .text._GLOBAL__sub_I_RPS
                0x00014cb0       0x14 Libraries\FEHRPS.o
 .text._ZN5FEHSDC2Ev
                0x00014cc4       0x34 Libraries\FEHSD.o
                0x00014cc4                FEHSD::FEHSD()
                0x00014cc4                FEHSD::FEHSD()
 .text._ZN5FEHSD9FCloseAllEv
                0x00014cf8       0xa4 Libraries\FEHSD.o
                0x00014cf8                FEHSD::FCloseAll()
 .text._Z41__static_initialization_and_destruction_0ii
                0x00014d9c       0x30 Libraries\FEHSD.o
 .text._GLOBAL__sub_I_SD
                0x00014dcc       0x14 Libraries\FEHSD.o
 .text._ZN9FEHRandom10InitializeEv
                0x00014de0       0x54 Libraries\FEHRandom.o
                0x00014de0                FEHRandom::Initialize()
 .text.sprintf  0x00014e34       0x1c O:\fehqt\Proteus/EWL/lib/armv7e-m\libc.a(sprintf.o)
                0x00014e34                sprintf
 .text.__StringWrite
                0x00014e50       0x28 O:\fehqt\Proteus/EWL/lib/armv7e-m\libc.a(vsnprintf.o)
                0x00014e50                __StringWrite
 .text.vsnprintf
                0x00014e78       0x34 O:\fehqt\Proteus/EWL/lib/armv7e-m\libc.a(vsnprintf.o)
                0x00014e78                vsnprintf
 .text.exit     0x00014eac       0x38 O:\fehqt\Proteus/EWL/lib/armv7e-m\libc.a(exit.o)
                0x00014eac                exit
 .text.rand     0x00014ee4       0x20 O:\fehqt\Proteus/EWL/lib/armv7e-m\libc.a(rand.o)
                0x00014ee4                rand
 .text.srand    0x00014f04        0xc O:\fehqt\Proteus/EWL/lib/armv7e-m\libc.a(rand.o)
                0x00014f04                srand
 .text.memchr   0x00014f10       0x1a O:\fehqt\Proteus/EWL/lib/armv7e-m\libc.a(memchr.o)
                0x00014f10                memchr
 .text.memcpy   0x00014f2a       0x12 O:\fehqt\Proteus/EWL/lib/armv7e-m\libc.a(memcpy.o)
                0x00014f2a                memcpy
 .text.memset   0x00014f3c        0xc O:\fehqt\Proteus/EWL/lib/armv7e-m\libc.a(memset.o)
                0x00014f3c                memset
 .text.strchr   0x00014f48       0x1c O:\fehqt\Proteus/EWL/lib/armv7e-m\libc.a(strchr.o)
                0x00014f48                strchr
 .text.strcmp   0x00014f64       0x18 O:\fehqt\Proteus/EWL/lib/armv7e-m\libc.a(strcmp.o)
                0x00014f64                strcmp
 .text.strlen   0x00014f7c       0x10 O:\fehqt\Proteus/EWL/lib/armv7e-m\libc.a(strlen.o)
                0x00014f7c                strlen
 .text.long2str.isra.0
                0x00014f8c      0x196 O:\fehqt\Proteus/EWL/lib/armv7e-m\libc.a(printformat_.o)
 *fill*         0x00015122        0x2 00
 .text.__pformatter_
                0x00015124      0x3f8 O:\fehqt\Proteus/EWL/lib/armv7e-m\libc.a(printformat_.o)
                0x00015124                __pformatter_
 .text.__sformatter
                0x0001551c      0x74e O:\fehqt\Proteus/EWL/lib/armv7e-m\libc.a(scanformat_.o)
                0x0001551c                __sformatter
 *fill*         0x00015c6a        0x2 00
 .text.isalpha  0x00015c6c       0x1c O:\fehqt\Proteus/EWL/lib/armv7e-m\libc.a(ctype_aeabi.o)
                0x00015c6c                isalpha
 .text.isspace  0x00015c88       0x1c O:\fehqt\Proteus/EWL/lib/armv7e-m\libc.a(ctype_aeabi.o)
                0x00015c88                isspace
 .text.toupper  0x00015ca4        0xc O:\fehqt\Proteus/EWL/lib/armv7e-m\libc.a(ctype_aeabi.o)
                0x00015ca4                toupper
 .text.__strtoul
                0x00015cb0      0x1dc O:\fehqt\Proteus/EWL/lib/armv7e-m\libc.a(__strtoul.o)
                0x00015cb0                __strtoul
 .text.__fill_mem
                0x00015e8c       0x76 O:\fehqt\Proteus/EWL/lib/armv7e-m\libc.a(__filll_mem.o)
                0x00015e8c                __fill_mem
 *fill*         0x00015f02        0x2 00
 .text.__init_cpp
                0x00015f04       0x4c O:\fehqt\Proteus/EWL/lib/armv7e-m\librt.a(gcc_ctor_dtor.o)
                0x00015f04                __init_cpp
 .text.__fini_cpp
                0x00015f50       0x34 O:\fehqt\Proteus/EWL/lib/armv7e-m\librt.a(gcc_ctor_dtor.o)
                0x00015f50                __fini_cpp
 .text.__copy_rom_section
                0x00015f84       0x44 O:\fehqt\Proteus/EWL/lib/armv7e-m\librt.a(ROMCopy.o)
                0x00015f84                __copy_rom_section
 .text.__copy_rom_sections_to_ram
                0x00015fc8       0x34 O:\fehqt\Proteus/EWL/lib/armv7e-m\librt.a(ROMCopy.o)
                0x00015fc8                __copy_rom_sections_to_ram
 .text.__destroy_global_chain
                0x00015ffc       0x1c O:\fehqt\Proteus/EWL/lib/armv7e-m\librt.a(__arm_eabi_init.o)
                0x00015ffc                __destroy_global_chain
 .text.__init_registers
                0x00016018       0x20 O:\fehqt\Proteus/EWL/lib/armv7e-m\librt.a(__arm_eabi_init.o)
                0x00016018                __init_registers
 .text.__init_user
                0x00016038        0x4 O:\fehqt\Proteus/EWL/lib/armv7e-m\librt.a(__arm_eabi_init.o)
                0x00016038                __init_user
 .text._ZNSt9bad_allocD2Ev
                0x0001603c        0xc O:\fehqt\Proteus/EWL/lib/armv7e-m\librt.a(New.o)
                0x0001603c                std::bad_alloc::~bad_alloc()
                0x0001603c                std::bad_alloc::~bad_alloc()
 .text._ZNKSt9bad_alloc4whatEv
                0x00016048        0x8 O:\fehqt\Proteus/EWL/lib/armv7e-m\librt.a(New.o)
                0x00016048                std::bad_alloc::what() const
 .text._Znwj    0x00016050       0x4c O:\fehqt\Proteus/EWL/lib/armv7e-m\librt.a(New.o)
                0x00016050                operator new(unsigned int)
 .text._ZdlPv   0x0001609c        0x8 O:\fehqt\Proteus/EWL/lib/armv7e-m\librt.a(New.o)
                0x0001609c                operator delete(void*)
 .text._ZNSt9bad_allocD0Ev
                0x000160a4       0x14 O:\fehqt\Proteus/EWL/lib/armv7e-m\librt.a(New.o)
                0x000160a4                std::bad_alloc::~bad_alloc()
 .text._Znaj    0x000160b8       0x14 O:\fehqt\Proteus/EWL/lib/armv7e-m\librt.a(New.o)
                0x000160b8                operator new[](unsigned int)
 .text._ZdaPv   0x000160cc        0x8 O:\fehqt\Proteus/EWL/lib/armv7e-m\librt.a(New.o)
                0x000160cc                operator delete[](void*)
 .text._ZNK10__cxxabiv117__class_type_info11__do_upcastEPKS0_PPv
                0x000160d4       0x38 o:/fehqt/proteus/gcc/bin/../lib/gcc/arm-none-eabi/4.6.2/../../../../arm-none-eabi/lib/armv7e-m\libsupc++.a(class_type_info.o)
                0x000160d4                __cxxabiv1::__class_type_info::__do_upcast(__cxxabiv1::__class_type_info const*, void**) const
 .text._ZNK10__cxxabiv117__class_type_info20__do_find_public_srcEiPKvPKS0_S2_
                0x0001610c        0xc o:/fehqt/proteus/gcc/bin/../lib/gcc/arm-none-eabi/4.6.2/../../../../arm-none-eabi/lib/armv7e-m\libsupc++.a(class_type_info.o)
                0x0001610c                __cxxabiv1::__class_type_info::__do_find_public_src(int, void const*, __cxxabiv1::__class_type_info const*, void const*) const
 .text._ZNK10__cxxabiv117__class_type_info11__do_upcastEPKS0_PKvRNS0_15__upcast_resultE
                0x00016118       0x1c o:/fehqt/proteus/gcc/bin/../lib/gcc/arm-none-eabi/4.6.2/../../../../arm-none-eabi/lib/armv7e-m\libsupc++.a(class_type_info.o)
                0x00016118                __cxxabiv1::__class_type_info::__do_upcast(__cxxabiv1::__class_type_info const*, void const*, __cxxabiv1::__class_type_info::__upcast_result&) const
 .text._ZN10__cxxabiv117__class_type_infoD2Ev
                0x00016134       0x14 o:/fehqt/proteus/gcc/bin/../lib/gcc/arm-none-eabi/4.6.2/../../../../arm-none-eabi/lib/armv7e-m\libsupc++.a(class_type_info.o)
                0x00016134                __cxxabiv1::__class_type_info::~__class_type_info()
                0x00016134                __cxxabiv1::__class_type_info::~__class_type_info()
 .text._ZN10__cxxabiv117__class_type_infoD0Ev
                0x00016148       0x1c o:/fehqt/proteus/gcc/bin/../lib/gcc/arm-none-eabi/4.6.2/../../../../arm-none-eabi/lib/armv7e-m\libsupc++.a(class_type_info.o)
                0x00016148                __cxxabiv1::__class_type_info::~__class_type_info()
 .text._ZNK10__cxxabiv117__class_type_info12__do_dyncastEiNS0_10__sub_kindEPKS0_PKvS3_S5_RNS0_16__dyncast_resultE
                0x00016164       0x3c o:/fehqt/proteus/gcc/bin/../lib/gcc/arm-none-eabi/4.6.2/../../../../arm-none-eabi/lib/armv7e-m\libsupc++.a(class_type_info.o)
                0x00016164                __cxxabiv1::__class_type_info::__do_dyncast(int, __cxxabiv1::__class_type_info::__sub_kind, __cxxabiv1::__class_type_info const*, void const*, __cxxabiv1::__class_type_info const*, void const*, __cxxabiv1::__class_type_info::__dyncast_result&) const
 .text._ZNK10__cxxabiv117__class_type_info10__do_catchEPKSt9type_infoPPvj
                0x000161a0       0x28 o:/fehqt/proteus/gcc/bin/../lib/gcc/arm-none-eabi/4.6.2/../../../../arm-none-eabi/lib/armv7e-m\libsupc++.a(class_type_info.o)
                0x000161a0                __cxxabiv1::__class_type_info::__do_catch(std::type_info const*, void**, unsigned int) const
 .text.__cxa_allocate_exception
                0x000161c8       0x70 o:/fehqt/proteus/gcc/bin/../lib/gcc/arm-none-eabi/4.6.2/../../../../arm-none-eabi/lib/armv7e-m\libsupc++.a(eh_alloc.o)
                0x000161c8                __cxa_allocate_exception
 .text.__cxa_free_exception
                0x00016238       0x34 o:/fehqt/proteus/gcc/bin/../lib/gcc/arm-none-eabi/4.6.2/../../../../arm-none-eabi/lib/armv7e-m\libsupc++.a(eh_alloc.o)
                0x00016238                __cxa_free_exception
 .text.__cxa_end_cleanup
                0x0001626c        0xc o:/fehqt/proteus/gcc/bin/../lib/gcc/arm-none-eabi/4.6.2/../../../../arm-none-eabi/lib/armv7e-m\libsupc++.a(eh_arm.o)
                0x0001626c                __cxa_end_cleanup
 .text.__cxa_type_match
                0x00016278       0xec o:/fehqt/proteus/gcc/bin/../lib/gcc/arm-none-eabi/4.6.2/../../../../arm-none-eabi/lib/armv7e-m\libsupc++.a(eh_arm.o)
                0x00016278                __cxa_type_match
 .text.__cxa_begin_cleanup
                0x00016364       0x78 o:/fehqt/proteus/gcc/bin/../lib/gcc/arm-none-eabi/4.6.2/../../../../arm-none-eabi/lib/armv7e-m\libsupc++.a(eh_arm.o)
                0x00016364                __cxa_begin_cleanup
 .text.__gnu_end_cleanup
                0x000163dc       0x7c o:/fehqt/proteus/gcc/bin/../lib/gcc/arm-none-eabi/4.6.2/../../../../arm-none-eabi/lib/armv7e-m\libsupc++.a(eh_arm.o)
                0x000163dc                __gnu_end_cleanup
 .text.__cxa_bad_typeid
                0x00016458       0x24 o:/fehqt/proteus/gcc/bin/../lib/gcc/arm-none-eabi/4.6.2/../../../../arm-none-eabi/lib/armv7e-m\libsupc++.a(eh_aux_runtime.o)
                0x00016458                __cxa_bad_typeid
 .text.__cxa_call_terminate
                0x0001647c       0x50 o:/fehqt/proteus/gcc/bin/../lib/gcc/arm-none-eabi/4.6.2/../../../../arm-none-eabi/lib/armv7e-m\libsupc++.a(eh_call.o)
                0x0001647c                __cxa_call_terminate
 .text.__cxa_call_unexpected
                0x000164cc      0x120 o:/fehqt/proteus/gcc/bin/../lib/gcc/arm-none-eabi/4.6.2/../../../../arm-none-eabi/lib/armv7e-m\libsupc++.a(eh_call.o)
                0x000164cc                __cxa_call_unexpected
 .text.__cxa_begin_catch
                0x000165ec       0x98 o:/fehqt/proteus/gcc/bin/../lib/gcc/arm-none-eabi/4.6.2/../../../../arm-none-eabi/lib/armv7e-m\libsupc++.a(eh_catch.o)
                0x000165ec                __cxa_begin_catch
 .text.__cxa_end_catch
                0x00016684       0x98 o:/fehqt/proteus/gcc/bin/../lib/gcc/arm-none-eabi/4.6.2/../../../../arm-none-eabi/lib/armv7e-m\libsupc++.a(eh_catch.o)
                0x00016684                __cxa_end_catch
 .text._ZNSt9exceptionD2Ev
                0x0001671c        0xc o:/fehqt/proteus/gcc/bin/../lib/gcc/arm-none-eabi/4.6.2/../../../../arm-none-eabi/lib/armv7e-m\libsupc++.a(eh_exception.o)
                0x0001671c                std::exception::~exception()
                0x0001671c                std::exception::~exception()
 .text._ZNSt13bad_exceptionD2Ev
                0x00016728        0xc o:/fehqt/proteus/gcc/bin/../lib/gcc/arm-none-eabi/4.6.2/../../../../arm-none-eabi/lib/armv7e-m\libsupc++.a(eh_exception.o)
                0x00016728                std::bad_exception::~bad_exception()
                0x00016728                std::bad_exception::~bad_exception()
 .text._ZNKSt9exception4whatEv
                0x00016734        0xc o:/fehqt/proteus/gcc/bin/../lib/gcc/arm-none-eabi/4.6.2/../../../../arm-none-eabi/lib/armv7e-m\libsupc++.a(eh_exception.o)
                0x00016734                std::exception::what() const
 .text._ZNKSt13bad_exception4whatEv
                0x00016740        0xc o:/fehqt/proteus/gcc/bin/../lib/gcc/arm-none-eabi/4.6.2/../../../../arm-none-eabi/lib/armv7e-m\libsupc++.a(eh_exception.o)
                0x00016740                std::bad_exception::what() const
 .text._ZNSt13bad_exceptionD0Ev
                0x0001674c       0x14 o:/fehqt/proteus/gcc/bin/../lib/gcc/arm-none-eabi/4.6.2/../../../../arm-none-eabi/lib/armv7e-m\libsupc++.a(eh_exception.o)
                0x0001674c                std::bad_exception::~bad_exception()
 .text._ZNSt9exceptionD0Ev
                0x00016760       0x14 o:/fehqt/proteus/gcc/bin/../lib/gcc/arm-none-eabi/4.6.2/../../../../arm-none-eabi/lib/armv7e-m\libsupc++.a(eh_exception.o)
                0x00016760                std::exception::~exception()
 .text.__cxa_get_globals_fast
                0x00016774        0xc o:/fehqt/proteus/gcc/bin/../lib/gcc/arm-none-eabi/4.6.2/../../../../arm-none-eabi/lib/armv7e-m\libsupc++.a(eh_globals.o)
                0x00016774                __cxa_get_globals_fast
 .text.__cxa_get_globals
                0x00016780        0xc o:/fehqt/proteus/gcc/bin/../lib/gcc/arm-none-eabi/4.6.2/../../../../arm-none-eabi/lib/armv7e-m\libsupc++.a(eh_globals.o)
                0x00016780                __cxa_get_globals
 .text._ZL12read_sleb128PKhPl
                0x0001678c       0x3c o:/fehqt/proteus/gcc/bin/../lib/gcc/arm-none-eabi/4.6.2/../../../../arm-none-eabi/lib/armv7e-m\libsupc++.a(eh_personality.o)
 .text._ZL28read_encoded_value_with_basehjPKhPj
                0x000167c8       0xa4 o:/fehqt/proteus/gcc/bin/../lib/gcc/arm-none-eabi/4.6.2/../../../../arm-none-eabi/lib/armv7e-m\libsupc++.a(eh_personality.o)
 .text._ZL21base_of_encoded_valuehP15_Unwind_Context
                0x0001686c       0x4c o:/fehqt/proteus/gcc/bin/../lib/gcc/arm-none-eabi/4.6.2/../../../../arm-none-eabi/lib/armv7e-m\libsupc++.a(eh_personality.o)
 .text._ZL17parse_lsda_headerP15_Unwind_ContextPKhP16lsda_header_info.constprop.1
                0x000168b8       0x90 o:/fehqt/proteus/gcc/bin/../lib/gcc/arm-none-eabi/4.6.2/../../../../arm-none-eabi/lib/armv7e-m\libsupc++.a(eh_personality.o)
 .text.__gxx_personality_v0
                0x00016948      0x3bc o:/fehqt/proteus/gcc/bin/../lib/gcc/arm-none-eabi/4.6.2/../../../../arm-none-eabi/lib/armv7e-m\libsupc++.a(eh_personality.o)
                0x00016948                __gxx_personality_v0
 .text._ZN10__cxxabiv111__terminateEPFvvE
                0x00016d04       0x28 o:/fehqt/proteus/gcc/bin/../lib/gcc/arm-none-eabi/4.6.2/../../../../arm-none-eabi/lib/armv7e-m\libsupc++.a(eh_terminate.o)
                0x00016d04                __cxxabiv1::__terminate(void (*)())
 .text._ZSt9terminatev
                0x00016d2c       0x10 o:/fehqt/proteus/gcc/bin/../lib/gcc/arm-none-eabi/4.6.2/../../../../arm-none-eabi/lib/armv7e-m\libsupc++.a(eh_terminate.o)
                0x00016d2c                std::terminate()
 .text._ZN10__cxxabiv112__unexpectedEPFvvE
                0x00016d3c        0x8 o:/fehqt/proteus/gcc/bin/../lib/gcc/arm-none-eabi/4.6.2/../../../../arm-none-eabi/lib/armv7e-m\libsupc++.a(eh_terminate.o)
                0x00016d3c                __cxxabiv1::__unexpected(void (*)())
 .text._ZSt10unexpectedv
                0x00016d44       0x14 o:/fehqt/proteus/gcc/bin/../lib/gcc/arm-none-eabi/4.6.2/../../../../arm-none-eabi/lib/armv7e-m\libsupc++.a(eh_terminate.o)
                0x00016d44                std::unexpected()
 .text._ZL23__gxx_exception_cleanup19_Unwind_Reason_CodeP21_Unwind_Control_Block
                0x00016d58       0x4c o:/fehqt/proteus/gcc/bin/../lib/gcc/arm-none-eabi/4.6.2/../../../../arm-none-eabi/lib/armv7e-m\libsupc++.a(eh_throw.o)
 .text.__cxa_throw
                0x00016da4       0x80 o:/fehqt/proteus/gcc/bin/../lib/gcc/arm-none-eabi/4.6.2/../../../../arm-none-eabi/lib/armv7e-m\libsupc++.a(eh_throw.o)
                0x00016da4                __cxa_throw
 .text.__cxa_rethrow
                0x00016e24       0x78 o:/fehqt/proteus/gcc/bin/../lib/gcc/arm-none-eabi/4.6.2/../../../../arm-none-eabi/lib/armv7e-m\libsupc++.a(eh_throw.o)
                0x00016e24                __cxa_rethrow
 .text._ZN10__cxxabiv123__fundamental_type_infoD2Ev
                0x00016e9c       0x14 o:/fehqt/proteus/gcc/bin/../lib/gcc/arm-none-eabi/4.6.2/../../../../arm-none-eabi/lib/armv7e-m\libsupc++.a(fundamental_type_info.o)
                0x00016e9c                __cxxabiv1::__fundamental_type_info::~__fundamental_type_info()
                0x00016e9c                __cxxabiv1::__fundamental_type_info::~__fundamental_type_info()
 .text._ZN10__cxxabiv123__fundamental_type_infoD0Ev
                0x00016eb0       0x1c o:/fehqt/proteus/gcc/bin/../lib/gcc/arm-none-eabi/4.6.2/../../../../arm-none-eabi/lib/armv7e-m\libsupc++.a(fundamental_type_info.o)
                0x00016eb0                __cxxabiv1::__fundamental_type_info::~__fundamental_type_info()
 .text._ZNK10__cxxabiv119__pointer_type_info14__is_pointer_pEv
                0x00016ecc        0x4 o:/fehqt/proteus/gcc/bin/../lib/gcc/arm-none-eabi/4.6.2/../../../../arm-none-eabi/lib/armv7e-m\libsupc++.a(pointer_type_info.o)
                0x00016ecc                __cxxabiv1::__pointer_type_info::__is_pointer_p() const
 .text._ZN10__cxxabiv119__pointer_type_infoD2Ev
                0x00016ed0       0x14 o:/fehqt/proteus/gcc/bin/../lib/gcc/arm-none-eabi/4.6.2/../../../../arm-none-eabi/lib/armv7e-m\libsupc++.a(pointer_type_info.o)
                0x00016ed0                __cxxabiv1::__pointer_type_info::~__pointer_type_info()
                0x00016ed0                __cxxabiv1::__pointer_type_info::~__pointer_type_info()
 .text._ZN10__cxxabiv119__pointer_type_infoD0Ev
                0x00016ee4       0x1c o:/fehqt/proteus/gcc/bin/../lib/gcc/arm-none-eabi/4.6.2/../../../../arm-none-eabi/lib/armv7e-m\libsupc++.a(pointer_type_info.o)
                0x00016ee4                __cxxabiv1::__pointer_type_info::~__pointer_type_info()
 .text._ZNK10__cxxabiv119__pointer_type_info15__pointer_catchEPKNS_17__pbase_type_infoEPPvj
                0x00016f00       0x44 o:/fehqt/proteus/gcc/bin/../lib/gcc/arm-none-eabi/4.6.2/../../../../arm-none-eabi/lib/armv7e-m\libsupc++.a(pointer_type_info.o)
                0x00016f00                __cxxabiv1::__pointer_type_info::__pointer_catch(__cxxabiv1::__pbase_type_info const*, void**, unsigned int) const
 .text._ZN10__cxxabiv120__si_class_type_infoD2Ev
                0x00016f44       0x14 o:/fehqt/proteus/gcc/bin/../lib/gcc/arm-none-eabi/4.6.2/../../../../arm-none-eabi/lib/armv7e-m\libsupc++.a(si_class_type_info.o)
                0x00016f44                __cxxabiv1::__si_class_type_info::~__si_class_type_info()
                0x00016f44                __cxxabiv1::__si_class_type_info::~__si_class_type_info()
 .text._ZN10__cxxabiv120__si_class_type_infoD0Ev
                0x00016f58       0x1c o:/fehqt/proteus/gcc/bin/../lib/gcc/arm-none-eabi/4.6.2/../../../../arm-none-eabi/lib/armv7e-m\libsupc++.a(si_class_type_info.o)
                0x00016f58                __cxxabiv1::__si_class_type_info::~__si_class_type_info()
 .text._ZNK10__cxxabiv120__si_class_type_info11__do_upcastEPKNS_17__class_type_infoEPKvRNS1_15__upcast_resultE
                0x00016f74       0x24 o:/fehqt/proteus/gcc/bin/../lib/gcc/arm-none-eabi/4.6.2/../../../../arm-none-eabi/lib/armv7e-m\libsupc++.a(si_class_type_info.o)
                0x00016f74                __cxxabiv1::__si_class_type_info::__do_upcast(__cxxabiv1::__class_type_info const*, void const*, __cxxabiv1::__class_type_info::__upcast_result&) const
 .text._ZNK10__cxxabiv120__si_class_type_info12__do_dyncastEiNS_17__class_type_info10__sub_kindEPKS1_PKvS4_S6_RNS1_16__dyncast_resultE
                0x00016f98       0x94 o:/fehqt/proteus/gcc/bin/../lib/gcc/arm-none-eabi/4.6.2/../../../../arm-none-eabi/lib/armv7e-m\libsupc++.a(si_class_type_info.o)
                0x00016f98                __cxxabiv1::__si_class_type_info::__do_dyncast(int, __cxxabiv1::__class_type_info::__sub_kind, __cxxabiv1::__class_type_info const*, void const*, __cxxabiv1::__class_type_info const*, void const*, __cxxabiv1::__class_type_info::__dyncast_result&) const
 .text._ZNK10__cxxabiv120__si_class_type_info20__do_find_public_srcEiPKvPKNS_17__class_type_infoES2_
                0x0001702c       0x34 o:/fehqt/proteus/gcc/bin/../lib/gcc/arm-none-eabi/4.6.2/../../../../arm-none-eabi/lib/armv7e-m\libsupc++.a(si_class_type_info.o)
                0x0001702c                __cxxabiv1::__si_class_type_info::__do_find_public_src(int, void const*, __cxxabiv1::__class_type_info const*, void const*) const
 .text._ZNSt9type_infoD2Ev
                0x00017060        0xc o:/fehqt/proteus/gcc/bin/../lib/gcc/arm-none-eabi/4.6.2/../../../../arm-none-eabi/lib/armv7e-m\libsupc++.a(tinfo.o)
                0x00017060                std::type_info::~type_info()
                0x00017060                std::type_info::~type_info()
 .text._ZNKSt9type_info14__is_pointer_pEv
                0x0001706c        0x4 o:/fehqt/proteus/gcc/bin/../lib/gcc/arm-none-eabi/4.6.2/../../../../arm-none-eabi/lib/armv7e-m\libsupc++.a(tinfo.o)
                0x0001706c                std::type_info::__is_pointer_p() const
 .text._ZNKSt9type_info15__is_function_pEv
                0x00017070        0x4 o:/fehqt/proteus/gcc/bin/../lib/gcc/arm-none-eabi/4.6.2/../../../../arm-none-eabi/lib/armv7e-m\libsupc++.a(tinfo.o)
                0x00017070                std::type_info::__is_function_p() const
 .text._ZNKSt9type_info11__do_upcastEPKN10__cxxabiv117__class_type_infoEPPv
                0x00017074        0x4 o:/fehqt/proteus/gcc/bin/../lib/gcc/arm-none-eabi/4.6.2/../../../../arm-none-eabi/lib/armv7e-m\libsupc++.a(tinfo.o)
                0x00017074                std::type_info::__do_upcast(__cxxabiv1::__class_type_info const*, void**) const
 .text._ZNSt9type_infoD0Ev
                0x00017078       0x14 o:/fehqt/proteus/gcc/bin/../lib/gcc/arm-none-eabi/4.6.2/../../../../arm-none-eabi/lib/armv7e-m\libsupc++.a(tinfo.o)
                0x00017078                std::type_info::~type_info()
 .text._ZNKSt9type_infoeqERKS_
                0x0001708c       0x30 o:/fehqt/proteus/gcc/bin/../lib/gcc/arm-none-eabi/4.6.2/../../../../arm-none-eabi/lib/armv7e-m\libsupc++.a(tinfo.o)
                0x0001708c                std::type_info::operator==(std::type_info const&) const
 .text._ZNKSt9type_info10__do_catchEPKS_PPvj
                0x000170bc        0x4 o:/fehqt/proteus/gcc/bin/../lib/gcc/arm-none-eabi/4.6.2/../../../../arm-none-eabi/lib/armv7e-m\libsupc++.a(tinfo.o)
                0x000170bc                std::type_info::__do_catch(std::type_info const*, void**, unsigned int) const
 .text._ZNKSt10bad_typeid4whatEv
                0x000170c0        0xc o:/fehqt/proteus/gcc/bin/../lib/gcc/arm-none-eabi/4.6.2/../../../../arm-none-eabi/lib/armv7e-m\libsupc++.a(bad_typeid.o)
                0x000170c0                std::bad_typeid::what() const
 .text._ZNSt10bad_typeidD2Ev
                0x000170cc       0x14 o:/fehqt/proteus/gcc/bin/../lib/gcc/arm-none-eabi/4.6.2/../../../../arm-none-eabi/lib/armv7e-m\libsupc++.a(bad_typeid.o)
                0x000170cc                std::bad_typeid::~bad_typeid()
                0x000170cc                std::bad_typeid::~bad_typeid()
 .text._ZNSt10bad_typeidD0Ev
                0x000170e0       0x1c o:/fehqt/proteus/gcc/bin/../lib/gcc/arm-none-eabi/4.6.2/../../../../arm-none-eabi/lib/armv7e-m\libsupc++.a(bad_typeid.o)
                0x000170e0                std::bad_typeid::~bad_typeid()
 .text._ZNK10__cxxabiv117__pbase_type_info15__pointer_catchEPKS0_PPvj
                0x000170fc       0x10 o:/fehqt/proteus/gcc/bin/../lib/gcc/arm-none-eabi/4.6.2/../../../../arm-none-eabi/lib/armv7e-m\libsupc++.a(pbase_type_info.o)
                0x000170fc                __cxxabiv1::__pbase_type_info::__pointer_catch(__cxxabiv1::__pbase_type_info const*, void**, unsigned int) const
 .text._ZN10__cxxabiv117__pbase_type_infoD2Ev
                0x0001710c       0x14 o:/fehqt/proteus/gcc/bin/../lib/gcc/arm-none-eabi/4.6.2/../../../../arm-none-eabi/lib/armv7e-m\libsupc++.a(pbase_type_info.o)
                0x0001710c                __cxxabiv1::__pbase_type_info::~__pbase_type_info()
                0x0001710c                __cxxabiv1::__pbase_type_info::~__pbase_type_info()
 .text._ZN10__cxxabiv117__pbase_type_infoD0Ev
                0x00017120       0x1c o:/fehqt/proteus/gcc/bin/../lib/gcc/arm-none-eabi/4.6.2/../../../../arm-none-eabi/lib/armv7e-m\libsupc++.a(pbase_type_info.o)
                0x00017120                __cxxabiv1::__pbase_type_info::~__pbase_type_info()
 .text._ZNK10__cxxabiv117__pbase_type_info10__do_catchEPKSt9type_infoPPvj
                0x0001713c       0x68 o:/fehqt/proteus/gcc/bin/../lib/gcc/arm-none-eabi/4.6.2/../../../../arm-none-eabi/lib/armv7e-m\libsupc++.a(pbase_type_info.o)
                0x0001713c                __cxxabiv1::__pbase_type_info::__do_catch(std::type_info const*, void**, unsigned int) const
 .text.abort    0x000171a4       0x24 O:\fehqt\Proteus/EWL/lib/armv7e-m\libc.a(abort.o)
                0x000171a4                abort
 .text.sbrk     0x000171c8       0x28 O:\fehqt\Proteus/EWL/lib/armv7e-m\libc.a(alloc.o)
                0x000171c8                sbrk
 .text.malloc   0x000171f0      0x110 O:\fehqt\Proteus/EWL/lib/armv7e-m\libc.a(alloc.o)
                0x000171f0                malloc
 .text.free     0x00017300       0x10 O:\fehqt\Proteus/EWL/lib/armv7e-m\libc.a(alloc.o)
                0x00017300                free
 .text.raise    0x00017310       0x3c O:\fehqt\Proteus/EWL/lib/armv7e-m\libc.a(raise.o)
                0x00017310                raise
 *(.rodata)
 .rodata        0x0001734c       0x2c ..\grid.o
 .rodata        0x00017378       0x5c ..\main.o
 .rodata        0x000173d4       0x78 Libraries\FEHIO.o
 .rodata        0x0001744c       0x34 Libraries\FEHLCD.o
 *(.rodata*)
 .rodata.K60_SDHC0_init
                0x00017480        0xc Drivers\SDHC.o
                0x00017480                K60_SDHC0_init
 .rodata._ZL21ESDHC_COMMAND_XFERTYP
                0x0001748c      0x100 Drivers\SDHC.o
 .rodata._ZL10ADCNumbers
                0x0001758c       0x24 Libraries\FEHIO.o
 .rodata._ZL16AnalogPinNumbers
                0x000175b0       0x84 Libraries\FEHIO.o
 .rodata.str1.1
                0x00000000        0x0 O:\fehqt\Proteus/EWL/lib/armv7e-m\libc.a(printformat_.o)
                                  0x1 (size before relaxing)
 .rodata.__aeabi_ctype_table_C
                0x00017634      0x101 O:\fehqt\Proteus/EWL/lib/armv7e-m\libc.a(ctype_aeabi.o)
                0x00017634                __aeabi_ctype_table_C
 *fill*         0x00017735        0x3 00
 .rodata._ZTVSt9bad_alloc
                0x00017738       0x18 O:\fehqt\Proteus/EWL/lib/armv7e-m\librt.a(New.o)
                0x00017738                vtable for std::bad_alloc
 .rodata._ZTISt9bad_alloc
                0x00017750        0xc O:\fehqt\Proteus/EWL/lib/armv7e-m\librt.a(New.o)
                0x00017750                typeinfo for std::bad_alloc
 .rodata._ZTSSt9bad_alloc
                0x0001775c        0xd O:\fehqt\Proteus/EWL/lib/armv7e-m\librt.a(New.o)
                0x0001775c                typeinfo name for std::bad_alloc
 .rodata.str1.1
                0x00017769       0x14 O:\fehqt\Proteus/EWL/lib/armv7e-m\librt.a(New.o)
 *fill*         0x0001777d        0x3 00
 .rodata._ZTVN10__cxxabiv117__class_type_infoE
                0x00017780       0x30 o:/fehqt/proteus/gcc/bin/../lib/gcc/arm-none-eabi/4.6.2/../../../../arm-none-eabi/lib/armv7e-m\libsupc++.a(class_type_info.o)
                0x00017780                vtable for __cxxabiv1::__class_type_info
 .rodata._ZTIN10__cxxabiv117__class_type_infoE
                0x000177b0        0xc o:/fehqt/proteus/gcc/bin/../lib/gcc/arm-none-eabi/4.6.2/../../../../arm-none-eabi/lib/armv7e-m\libsupc++.a(class_type_info.o)
                0x000177b0                typeinfo for __cxxabiv1::__class_type_info
 .rodata._ZTSN10__cxxabiv117__class_type_infoE
                0x000177bc       0x24 o:/fehqt/proteus/gcc/bin/../lib/gcc/arm-none-eabi/4.6.2/../../../../arm-none-eabi/lib/armv7e-m\libsupc++.a(class_type_info.o)
                0x000177bc                typeinfo name for __cxxabiv1::__class_type_info
 .rodata._ZTVSt9exception
                0x000177e0       0x18 o:/fehqt/proteus/gcc/bin/../lib/gcc/arm-none-eabi/4.6.2/../../../../arm-none-eabi/lib/armv7e-m\libsupc++.a(eh_exception.o)
                0x000177e0                vtable for std::exception
 .rodata._ZTIN10__cxxabiv115__forced_unwindE
                0x000177f8        0x8 o:/fehqt/proteus/gcc/bin/../lib/gcc/arm-none-eabi/4.6.2/../../../../arm-none-eabi/lib/armv7e-m\libsupc++.a(eh_exception.o)
                0x000177f8                typeinfo for __cxxabiv1::__forced_unwind
 .rodata._ZTISt9exception
                0x00017800        0x8 o:/fehqt/proteus/gcc/bin/../lib/gcc/arm-none-eabi/4.6.2/../../../../arm-none-eabi/lib/armv7e-m\libsupc++.a(eh_exception.o)
                0x00017800                typeinfo for std::exception
 .rodata._ZTSSt13bad_exception
                0x00017808       0x14 o:/fehqt/proteus/gcc/bin/../lib/gcc/arm-none-eabi/4.6.2/../../../../arm-none-eabi/lib/armv7e-m\libsupc++.a(eh_exception.o)
                0x00017808                typeinfo name for std::bad_exception
 .rodata.str1.4
                0x0001781c       0x23 o:/fehqt/proteus/gcc/bin/../lib/gcc/arm-none-eabi/4.6.2/../../../../arm-none-eabi/lib/armv7e-m\libsupc++.a(eh_exception.o)
                                 0x24 (size before relaxing)
 *fill*         0x0001783f        0x1 00
 .rodata._ZTSN10__cxxabiv119__foreign_exceptionE
                0x00017840       0x24 o:/fehqt/proteus/gcc/bin/../lib/gcc/arm-none-eabi/4.6.2/../../../../arm-none-eabi/lib/armv7e-m\libsupc++.a(eh_exception.o)
                0x00017840                typeinfo name for __cxxabiv1::__foreign_exception
 .rodata._ZTIN10__cxxabiv119__foreign_exceptionE
                0x00017864        0x8 o:/fehqt/proteus/gcc/bin/../lib/gcc/arm-none-eabi/4.6.2/../../../../arm-none-eabi/lib/armv7e-m\libsupc++.a(eh_exception.o)
                0x00017864                typeinfo for __cxxabiv1::__foreign_exception
 *fill*         0x0001786c        0x4 00
 .rodata._ZTVSt13bad_exception
                0x00017870       0x18 o:/fehqt/proteus/gcc/bin/../lib/gcc/arm-none-eabi/4.6.2/../../../../arm-none-eabi/lib/armv7e-m\libsupc++.a(eh_exception.o)
                0x00017870                vtable for std::bad_exception
 .rodata._ZTSSt9exception
                0x00017888       0x10 o:/fehqt/proteus/gcc/bin/../lib/gcc/arm-none-eabi/4.6.2/../../../../arm-none-eabi/lib/armv7e-m\libsupc++.a(eh_exception.o)
                0x00017888                typeinfo name for std::exception
 .rodata._ZTSN10__cxxabiv115__forced_unwindE
                0x00017898       0x20 o:/fehqt/proteus/gcc/bin/../lib/gcc/arm-none-eabi/4.6.2/../../../../arm-none-eabi/lib/armv7e-m\libsupc++.a(eh_exception.o)
                0x00017898                typeinfo name for __cxxabiv1::__forced_unwind
 .rodata._ZTISt13bad_exception
                0x000178b8        0xc o:/fehqt/proteus/gcc/bin/../lib/gcc/arm-none-eabi/4.6.2/../../../../arm-none-eabi/lib/armv7e-m\libsupc++.a(eh_exception.o)
                0x000178b8                typeinfo for std::bad_exception
 .rodata._ZTIPv
                0x000178c4       0x10 o:/fehqt/proteus/gcc/bin/../lib/gcc/arm-none-eabi/4.6.2/../../../../arm-none-eabi/lib/armv7e-m\libsupc++.a(fundamental_type_info.o)
                0x000178c4                typeinfo for void*
 .rodata._ZTIv  0x000178d4        0x8 o:/fehqt/proteus/gcc/bin/../lib/gcc/arm-none-eabi/4.6.2/../../../../arm-none-eabi/lib/armv7e-m\libsupc++.a(fundamental_type_info.o)
                0x000178d4                typeinfo for void
 .rodata._ZTSPv
                0x000178dc        0x4 o:/fehqt/proteus/gcc/bin/../lib/gcc/arm-none-eabi/4.6.2/../../../../arm-none-eabi/lib/armv7e-m\libsupc++.a(fundamental_type_info.o)
                0x000178dc                typeinfo name for void*
 .rodata._ZTSv  0x000178e0        0x4 o:/fehqt/proteus/gcc/bin/../lib/gcc/arm-none-eabi/4.6.2/../../../../arm-none-eabi/lib/armv7e-m\libsupc++.a(fundamental_type_info.o)
                0x000178e0                typeinfo name for void
 .rodata._ZTIN10__cxxabiv123__fundamental_type_infoE
                0x000178e4        0xc o:/fehqt/proteus/gcc/bin/../lib/gcc/arm-none-eabi/4.6.2/../../../../arm-none-eabi/lib/armv7e-m\libsupc++.a(fundamental_type_info.o)
                0x000178e4                typeinfo for __cxxabiv1::__fundamental_type_info
 .rodata._ZTSN10__cxxabiv123__fundamental_type_infoE
                0x000178f0       0x28 o:/fehqt/proteus/gcc/bin/../lib/gcc/arm-none-eabi/4.6.2/../../../../arm-none-eabi/lib/armv7e-m\libsupc++.a(fundamental_type_info.o)
                0x000178f0                typeinfo name for __cxxabiv1::__fundamental_type_info
 .rodata._ZTVN10__cxxabiv123__fundamental_type_infoE
                0x00017918       0x20 o:/fehqt/proteus/gcc/bin/../lib/gcc/arm-none-eabi/4.6.2/../../../../arm-none-eabi/lib/armv7e-m\libsupc++.a(fundamental_type_info.o)
                0x00017918                vtable for __cxxabiv1::__fundamental_type_info
 .rodata._ZTSN10__cxxabiv119__pointer_type_infoE
                0x00017938       0x24 o:/fehqt/proteus/gcc/bin/../lib/gcc/arm-none-eabi/4.6.2/../../../../arm-none-eabi/lib/armv7e-m\libsupc++.a(pointer_type_info.o)
                0x00017938                typeinfo name for __cxxabiv1::__pointer_type_info
 .rodata._ZTIN10__cxxabiv119__pointer_type_infoE
                0x0001795c        0xc o:/fehqt/proteus/gcc/bin/../lib/gcc/arm-none-eabi/4.6.2/../../../../arm-none-eabi/lib/armv7e-m\libsupc++.a(pointer_type_info.o)
                0x0001795c                typeinfo for __cxxabiv1::__pointer_type_info
 .rodata._ZTVN10__cxxabiv119__pointer_type_infoE
                0x00017968       0x28 o:/fehqt/proteus/gcc/bin/../lib/gcc/arm-none-eabi/4.6.2/../../../../arm-none-eabi/lib/armv7e-m\libsupc++.a(pointer_type_info.o)
                0x00017968                vtable for __cxxabiv1::__pointer_type_info
 .rodata._ZTVN10__cxxabiv120__si_class_type_infoE
                0x00017990       0x30 o:/fehqt/proteus/gcc/bin/../lib/gcc/arm-none-eabi/4.6.2/../../../../arm-none-eabi/lib/armv7e-m\libsupc++.a(si_class_type_info.o)
                0x00017990                vtable for __cxxabiv1::__si_class_type_info
 .rodata._ZTIN10__cxxabiv120__si_class_type_infoE
                0x000179c0        0xc o:/fehqt/proteus/gcc/bin/../lib/gcc/arm-none-eabi/4.6.2/../../../../arm-none-eabi/lib/armv7e-m\libsupc++.a(si_class_type_info.o)
                0x000179c0                typeinfo for __cxxabiv1::__si_class_type_info
 .rodata._ZTSN10__cxxabiv120__si_class_type_infoE
                0x000179cc       0x28 o:/fehqt/proteus/gcc/bin/../lib/gcc/arm-none-eabi/4.6.2/../../../../arm-none-eabi/lib/armv7e-m\libsupc++.a(si_class_type_info.o)
                0x000179cc                typeinfo name for __cxxabiv1::__si_class_type_info
 .rodata._ZTISt9type_info
                0x000179f4        0x8 o:/fehqt/proteus/gcc/bin/../lib/gcc/arm-none-eabi/4.6.2/../../../../arm-none-eabi/lib/armv7e-m\libsupc++.a(tinfo.o)
                0x000179f4                typeinfo for std::type_info
 .rodata._ZTSSt9type_info
                0x000179fc       0x10 o:/fehqt/proteus/gcc/bin/../lib/gcc/arm-none-eabi/4.6.2/../../../../arm-none-eabi/lib/armv7e-m\libsupc++.a(tinfo.o)
                0x000179fc                typeinfo name for std::type_info
 *fill*         0x00017a0c        0x4 00
 .rodata._ZTVSt9type_info
                0x00017a10       0x20 o:/fehqt/proteus/gcc/bin/../lib/gcc/arm-none-eabi/4.6.2/../../../../arm-none-eabi/lib/armv7e-m\libsupc++.a(tinfo.o)
                0x00017a10                vtable for std::type_info
 .rodata._ZTVSt10bad_typeid
                0x00017a30       0x18 o:/fehqt/proteus/gcc/bin/../lib/gcc/arm-none-eabi/4.6.2/../../../../arm-none-eabi/lib/armv7e-m\libsupc++.a(bad_typeid.o)
                0x00017a30                vtable for std::bad_typeid
 .rodata._ZTISt10bad_typeid
                0x00017a48        0xc o:/fehqt/proteus/gcc/bin/../lib/gcc/arm-none-eabi/4.6.2/../../../../arm-none-eabi/lib/armv7e-m\libsupc++.a(bad_typeid.o)
                0x00017a48                typeinfo for std::bad_typeid
 .rodata.str1.4
                0x00017a54       0x10 o:/fehqt/proteus/gcc/bin/../lib/gcc/arm-none-eabi/4.6.2/../../../../arm-none-eabi/lib/armv7e-m\libsupc++.a(bad_typeid.o)
 .rodata._ZTSSt10bad_typeid
                0x00017a64       0x10 o:/fehqt/proteus/gcc/bin/../lib/gcc/arm-none-eabi/4.6.2/../../../../arm-none-eabi/lib/armv7e-m\libsupc++.a(bad_typeid.o)
                0x00017a64                typeinfo name for std::bad_typeid
 .rodata._ZTIN10__cxxabiv117__pbase_type_infoE
                0x00017a74        0xc o:/fehqt/proteus/gcc/bin/../lib/gcc/arm-none-eabi/4.6.2/../../../../arm-none-eabi/lib/armv7e-m\libsupc++.a(pbase_type_info.o)
                0x00017a74                typeinfo for __cxxabiv1::__pbase_type_info
 .rodata._ZTSN10__cxxabiv117__pbase_type_infoE
                0x00017a80       0x24 o:/fehqt/proteus/gcc/bin/../lib/gcc/arm-none-eabi/4.6.2/../../../../arm-none-eabi/lib/armv7e-m\libsupc++.a(pbase_type_info.o)
                0x00017a80                typeinfo name for __cxxabiv1::__pbase_type_info
 *fill*         0x00017aa4        0x4 00
 .rodata._ZTVN10__cxxabiv117__pbase_type_infoE
                0x00017aa8       0x28 o:/fehqt/proteus/gcc/bin/../lib/gcc/arm-none-eabi/4.6.2/../../../../arm-none-eabi/lib/armv7e-m\libsupc++.a(pbase_type_info.o)
                0x00017aa8                vtable for __cxxabiv1::__pbase_type_info
 *(.glue_7)
 .glue_7        0x00000000        0x0 linker stubs
 *(.glue_7t)
 .glue_7t       0x00000000        0x0 linker stubs
 *(.eh_frame)
 *(.init)
 *(.fini)
                0x00017ad0                . = ALIGN (0x4)
                0x00017ad0                _etext = .

.vfp11_veneer   0x00017ad0        0x0
 .vfp11_veneer  0x00000000        0x0 linker stubs

.v4_bx          0x00017ad0        0x0
 .v4_bx         0x00000000        0x0 linker stubs

.ARM.extab      0x00017ad0      0x138
 *(.ARM.extab* .gnu.linkonce.armextab.*)
 .ARM.extab.text._ZNSt9bad_allocD2Ev
                0x00017ad0        0x0 O:\fehqt\Proteus/EWL/lib/armv7e-m\librt.a(New.o)
 .ARM.extab.text._ZNKSt9bad_alloc4whatEv
                0x00017ad0        0x0 O:\fehqt\Proteus/EWL/lib/armv7e-m\librt.a(New.o)
 .ARM.extab.text._Znwj
                0x00017ad0       0x20 O:\fehqt\Proteus/EWL/lib/armv7e-m\librt.a(New.o)
 .ARM.extab.text._ZNSt9bad_allocD0Ev
                0x00017af0        0x0 O:\fehqt\Proteus/EWL/lib/armv7e-m\librt.a(New.o)
 .ARM.extab.text._Znaj
                0x00017af0       0x24 O:\fehqt\Proteus/EWL/lib/armv7e-m\librt.a(New.o)
 .ARM.extab.text.__cxa_bad_typeid
                0x00017b14        0xc o:/fehqt/proteus/gcc/bin/../lib/gcc/arm-none-eabi/4.6.2/../../../../arm-none-eabi/lib/armv7e-m\libsupc++.a(eh_aux_runtime.o)
 .ARM.extab.text.__cxa_call_unexpected
                0x00017b20       0x28 o:/fehqt/proteus/gcc/bin/../lib/gcc/arm-none-eabi/4.6.2/../../../../arm-none-eabi/lib/armv7e-m\libsupc++.a(eh_call.o)
 .ARM.extab.text.__cxa_begin_catch
                0x00017b48       0x20 o:/fehqt/proteus/gcc/bin/../lib/gcc/arm-none-eabi/4.6.2/../../../../arm-none-eabi/lib/armv7e-m\libsupc++.a(eh_catch.o)
 .ARM.extab.text._ZL21base_of_encoded_valuehP15_Unwind_Context
                0x00017b68        0xc o:/fehqt/proteus/gcc/bin/../lib/gcc/arm-none-eabi/4.6.2/../../../../arm-none-eabi/lib/armv7e-m\libsupc++.a(eh_personality.o)
 .ARM.extab.text.__gxx_personality_v0
                0x00017b74       0x20 o:/fehqt/proteus/gcc/bin/../lib/gcc/arm-none-eabi/4.6.2/../../../../arm-none-eabi/lib/armv7e-m\libsupc++.a(eh_personality.o)
 .ARM.extab.text._ZN10__cxxabiv111__terminateEPFvvE
                0x00017b94       0x2c o:/fehqt/proteus/gcc/bin/../lib/gcc/arm-none-eabi/4.6.2/../../../../arm-none-eabi/lib/armv7e-m\libsupc++.a(eh_terminate.o)
 .ARM.extab.text._ZN10__cxxabiv112__unexpectedEPFvvE
                0x00017bc0        0xc o:/fehqt/proteus/gcc/bin/../lib/gcc/arm-none-eabi/4.6.2/../../../../arm-none-eabi/lib/armv7e-m\libsupc++.a(eh_terminate.o)
 .ARM.extab.text._ZSt10unexpectedv
                0x00017bcc        0xc o:/fehqt/proteus/gcc/bin/../lib/gcc/arm-none-eabi/4.6.2/../../../../arm-none-eabi/lib/armv7e-m\libsupc++.a(eh_terminate.o)
 .ARM.extab.text._ZNK10__cxxabiv117__pbase_type_info15__pointer_catchEPKS0_PPvj
                0x00017bd8        0x0 o:/fehqt/proteus/gcc/bin/../lib/gcc/arm-none-eabi/4.6.2/../../../../arm-none-eabi/lib/armv7e-m\libsupc++.a(pbase_type_info.o)
 .ARM.extab     0x00017bd8       0x18 o:/fehqt/proteus/gcc/bin/../lib/gcc/arm-none-eabi/4.6.2/armv7e-m\libgcc.a(unwind-arm.o)
 .ARM.extab     0x00017bf0       0x18 o:/fehqt/proteus/gcc/bin/../lib/gcc/arm-none-eabi/4.6.2/armv7e-m\libgcc.a(pr-support.o)

.ARM            0x00017c08      0x200
                0x00017c08                __exidx_start = .
 *(.ARM.exidx*)
 .ARM.exidx.text._ZNSt9bad_allocD2Ev
                0x00017cc8        0x0 O:\fehqt\Proteus/EWL/lib/armv7e-m\librt.a(New.o)
                                  0x8 (size before relaxing)
 .ARM.exidx.text._ZNKSt9bad_alloc4whatEv
                0x00017cc8        0x0 O:\fehqt\Proteus/EWL/lib/armv7e-m\librt.a(New.o)
                                  0x8 (size before relaxing)
 .ARM.exidx.text._Znwj
                0x00017cc8        0x8 O:\fehqt\Proteus/EWL/lib/armv7e-m\librt.a(New.o)
 .ARM.exidx.text._ZdlPv
                0x00017cd0        0x8 O:\fehqt\Proteus/EWL/lib/armv7e-m\librt.a(New.o)
 .ARM.exidx.text._ZNSt9bad_allocD0Ev
                0x00017cd8        0x0 O:\fehqt\Proteus/EWL/lib/armv7e-m\librt.a(New.o)
                                  0x8 (size before relaxing)
 .ARM.exidx.text._Znaj
                0x00017cd8        0x8 O:\fehqt\Proteus/EWL/lib/armv7e-m\librt.a(New.o)
 .ARM.exidx.text._ZdaPv
                0x00017ce0        0x8 O:\fehqt\Proteus/EWL/lib/armv7e-m\librt.a(New.o)
 .ARM.exidx.text._ZNK10__cxxabiv117__class_type_info11__do_upcastEPKS0_PPv
                0x00017ce8        0x8 o:/fehqt/proteus/gcc/bin/../lib/gcc/arm-none-eabi/4.6.2/../../../../arm-none-eabi/lib/armv7e-m\libsupc++.a(class_type_info.o)
 .ARM.exidx.text._ZNK10__cxxabiv117__class_type_info20__do_find_public_srcEiPKvPKS0_S2_
                0x00017cf0        0x8 o:/fehqt/proteus/gcc/bin/../lib/gcc/arm-none-eabi/4.6.2/../../../../arm-none-eabi/lib/armv7e-m\libsupc++.a(class_type_info.o)
 .ARM.exidx.text._ZNK10__cxxabiv117__class_type_info11__do_upcastEPKS0_PKvRNS0_15__upcast_resultE
                0x00017cf8        0x8 o:/fehqt/proteus/gcc/bin/../lib/gcc/arm-none-eabi/4.6.2/../../../../arm-none-eabi/lib/armv7e-m\libsupc++.a(class_type_info.o)
 .ARM.exidx.text._ZN10__cxxabiv117__class_type_infoD2Ev
                0x00017d00        0x8 o:/fehqt/proteus/gcc/bin/../lib/gcc/arm-none-eabi/4.6.2/../../../../arm-none-eabi/lib/armv7e-m\libsupc++.a(class_type_info.o)
 .ARM.exidx.text._ZN10__cxxabiv117__class_type_infoD0Ev
                0x00017d08        0x0 o:/fehqt/proteus/gcc/bin/../lib/gcc/arm-none-eabi/4.6.2/../../../../arm-none-eabi/lib/armv7e-m\libsupc++.a(class_type_info.o)
                                  0x8 (size before relaxing)
 .ARM.exidx.text._ZNK10__cxxabiv117__class_type_info12__do_dyncastEiNS0_10__sub_kindEPKS0_PKvS3_S5_RNS0_16__dyncast_resultE
                0x00017d08        0x8 o:/fehqt/proteus/gcc/bin/../lib/gcc/arm-none-eabi/4.6.2/../../../../arm-none-eabi/lib/armv7e-m\libsupc++.a(class_type_info.o)
 .ARM.exidx.text._ZNK10__cxxabiv117__class_type_info10__do_catchEPKSt9type_infoPPvj
                0x00017d10        0x8 o:/fehqt/proteus/gcc/bin/../lib/gcc/arm-none-eabi/4.6.2/../../../../arm-none-eabi/lib/armv7e-m\libsupc++.a(class_type_info.o)
 .ARM.exidx.text.__cxa_allocate_exception
                0x00017d18        0x8 o:/fehqt/proteus/gcc/bin/../lib/gcc/arm-none-eabi/4.6.2/../../../../arm-none-eabi/lib/armv7e-m\libsupc++.a(eh_alloc.o)
 .ARM.exidx.text.__cxa_free_exception
                0x00017d20        0x0 o:/fehqt/proteus/gcc/bin/../lib/gcc/arm-none-eabi/4.6.2/../../../../arm-none-eabi/lib/armv7e-m\libsupc++.a(eh_alloc.o)
                                  0x8 (size before relaxing)
 .ARM.exidx.text.__cxa_type_match
                0x00017d20        0x8 o:/fehqt/proteus/gcc/bin/../lib/gcc/arm-none-eabi/4.6.2/../../../../arm-none-eabi/lib/armv7e-m\libsupc++.a(eh_arm.o)
 .ARM.exidx.text.__cxa_begin_cleanup
                0x00017d28        0x8 o:/fehqt/proteus/gcc/bin/../lib/gcc/arm-none-eabi/4.6.2/../../../../arm-none-eabi/lib/armv7e-m\libsupc++.a(eh_arm.o)
 .ARM.exidx.text.__gnu_end_cleanup
                0x00017d30        0x0 o:/fehqt/proteus/gcc/bin/../lib/gcc/arm-none-eabi/4.6.2/../../../../arm-none-eabi/lib/armv7e-m\libsupc++.a(eh_arm.o)
                                  0x8 (size before relaxing)
 .ARM.exidx.text.__cxa_bad_typeid
                0x00017d30        0x8 o:/fehqt/proteus/gcc/bin/../lib/gcc/arm-none-eabi/4.6.2/../../../../arm-none-eabi/lib/armv7e-m\libsupc++.a(eh_aux_runtime.o)
 .ARM.exidx.text.__cxa_call_terminate
                0x00017d38        0x8 o:/fehqt/proteus/gcc/bin/../lib/gcc/arm-none-eabi/4.6.2/../../../../arm-none-eabi/lib/armv7e-m\libsupc++.a(eh_call.o)
 .ARM.exidx.text.__cxa_call_unexpected
                0x00017d40        0x8 o:/fehqt/proteus/gcc/bin/../lib/gcc/arm-none-eabi/4.6.2/../../../../arm-none-eabi/lib/armv7e-m\libsupc++.a(eh_call.o)
 .ARM.exidx.text.__cxa_begin_catch
                0x00017d48        0x8 o:/fehqt/proteus/gcc/bin/../lib/gcc/arm-none-eabi/4.6.2/../../../../arm-none-eabi/lib/armv7e-m\libsupc++.a(eh_catch.o)
 .ARM.exidx.text.__cxa_end_catch
                0x00017d50        0x8 o:/fehqt/proteus/gcc/bin/../lib/gcc/arm-none-eabi/4.6.2/../../../../arm-none-eabi/lib/armv7e-m\libsupc++.a(eh_catch.o)
 .ARM.exidx.text._ZNSt9exceptionD2Ev
                0x00017d58        0x0 o:/fehqt/proteus/gcc/bin/../lib/gcc/arm-none-eabi/4.6.2/../../../../arm-none-eabi/lib/armv7e-m\libsupc++.a(eh_exception.o)
                                  0x8 (size before relaxing)
 .ARM.exidx.text._ZNSt13bad_exceptionD2Ev
                0x00017d58        0x0 o:/fehqt/proteus/gcc/bin/../lib/gcc/arm-none-eabi/4.6.2/../../../../arm-none-eabi/lib/armv7e-m\libsupc++.a(eh_exception.o)
                                  0x8 (size before relaxing)
 .ARM.exidx.text._ZNKSt9exception4whatEv
                0x00017d58        0x0 o:/fehqt/proteus/gcc/bin/../lib/gcc/arm-none-eabi/4.6.2/../../../../arm-none-eabi/lib/armv7e-m\libsupc++.a(eh_exception.o)
                                  0x8 (size before relaxing)
 .ARM.exidx.text._ZNKSt13bad_exception4whatEv
                0x00017d58        0x0 o:/fehqt/proteus/gcc/bin/../lib/gcc/arm-none-eabi/4.6.2/../../../../arm-none-eabi/lib/armv7e-m\libsupc++.a(eh_exception.o)
                                  0x8 (size before relaxing)
 .ARM.exidx.text._ZNSt13bad_exceptionD0Ev
                0x00017d58        0x0 o:/fehqt/proteus/gcc/bin/../lib/gcc/arm-none-eabi/4.6.2/../../../../arm-none-eabi/lib/armv7e-m\libsupc++.a(eh_exception.o)
                                  0x8 (size before relaxing)
 .ARM.exidx.text._ZNSt9exceptionD0Ev
                0x00017d58        0x0 o:/fehqt/proteus/gcc/bin/../lib/gcc/arm-none-eabi/4.6.2/../../../../arm-none-eabi/lib/armv7e-m\libsupc++.a(eh_exception.o)
                                  0x8 (size before relaxing)
 .ARM.exidx.text.__cxa_get_globals_fast
                0x00017d58        0x0 o:/fehqt/proteus/gcc/bin/../lib/gcc/arm-none-eabi/4.6.2/../../../../arm-none-eabi/lib/armv7e-m\libsupc++.a(eh_globals.o)
                                  0x8 (size before relaxing)
 .ARM.exidx.text.__cxa_get_globals
                0x00017d58        0x0 o:/fehqt/proteus/gcc/bin/../lib/gcc/arm-none-eabi/4.6.2/../../../../arm-none-eabi/lib/armv7e-m\libsupc++.a(eh_globals.o)
                                  0x8 (size before relaxing)
 .ARM.exidx.text._ZL12read_sleb128PKhPl
                0x00017d58        0x0 o:/fehqt/proteus/gcc/bin/../lib/gcc/arm-none-eabi/4.6.2/../../../../arm-none-eabi/lib/armv7e-m\libsupc++.a(eh_personality.o)
                                  0x8 (size before relaxing)
 .ARM.exidx.text._ZL28read_encoded_value_with_basehjPKhPj
                0x00017d58        0x8 o:/fehqt/proteus/gcc/bin/../lib/gcc/arm-none-eabi/4.6.2/../../../../arm-none-eabi/lib/armv7e-m\libsupc++.a(eh_personality.o)
 .ARM.exidx.text._ZL21base_of_encoded_valuehP15_Unwind_Context
                0x00017d60        0x8 o:/fehqt/proteus/gcc/bin/../lib/gcc/arm-none-eabi/4.6.2/../../../../arm-none-eabi/lib/armv7e-m\libsupc++.a(eh_personality.o)
 .ARM.exidx.text._ZL17parse_lsda_headerP15_Unwind_ContextPKhP16lsda_header_info.constprop.1
                0x00017d68        0x8 o:/fehqt/proteus/gcc/bin/../lib/gcc/arm-none-eabi/4.6.2/../../../../arm-none-eabi/lib/armv7e-m\libsupc++.a(eh_personality.o)
 .ARM.exidx.text.__gxx_personality_v0
                0x00017d70        0x8 o:/fehqt/proteus/gcc/bin/../lib/gcc/arm-none-eabi/4.6.2/../../../../arm-none-eabi/lib/armv7e-m\libsupc++.a(eh_personality.o)
 .ARM.exidx.text._ZN10__cxxabiv111__terminateEPFvvE
                0x00017d78        0x8 o:/fehqt/proteus/gcc/bin/../lib/gcc/arm-none-eabi/4.6.2/../../../../arm-none-eabi/lib/armv7e-m\libsupc++.a(eh_terminate.o)
 .ARM.exidx.text._ZSt9terminatev
                0x00017d80        0x8 o:/fehqt/proteus/gcc/bin/../lib/gcc/arm-none-eabi/4.6.2/../../../../arm-none-eabi/lib/armv7e-m\libsupc++.a(eh_terminate.o)
 .ARM.exidx.text._ZN10__cxxabiv112__unexpectedEPFvvE
                0x00017d88        0x8 o:/fehqt/proteus/gcc/bin/../lib/gcc/arm-none-eabi/4.6.2/../../../../arm-none-eabi/lib/armv7e-m\libsupc++.a(eh_terminate.o)
 .ARM.exidx.text._ZSt10unexpectedv
                0x00017d90        0x8 o:/fehqt/proteus/gcc/bin/../lib/gcc/arm-none-eabi/4.6.2/../../../../arm-none-eabi/lib/armv7e-m\libsupc++.a(eh_terminate.o)
 .ARM.exidx.text._ZL23__gxx_exception_cleanup19_Unwind_Reason_CodeP21_Unwind_Control_Block
                0x00017d98        0x8 o:/fehqt/proteus/gcc/bin/../lib/gcc/arm-none-eabi/4.6.2/../../../../arm-none-eabi/lib/armv7e-m\libsupc++.a(eh_throw.o)
 .ARM.exidx.text.__cxa_throw
                0x00017da0        0x8 o:/fehqt/proteus/gcc/bin/../lib/gcc/arm-none-eabi/4.6.2/../../../../arm-none-eabi/lib/armv7e-m\libsupc++.a(eh_throw.o)
 .ARM.exidx.text.__cxa_rethrow
                0x00017da8        0x8 o:/fehqt/proteus/gcc/bin/../lib/gcc/arm-none-eabi/4.6.2/../../../../arm-none-eabi/lib/armv7e-m\libsupc++.a(eh_throw.o)
 .ARM.exidx.text._ZN10__cxxabiv123__fundamental_type_infoD2Ev
                0x00017db0        0x0 o:/fehqt/proteus/gcc/bin/../lib/gcc/arm-none-eabi/4.6.2/../../../../arm-none-eabi/lib/armv7e-m\libsupc++.a(fundamental_type_info.o)
                                  0x8 (size before relaxing)
 .ARM.exidx.text._ZN10__cxxabiv123__fundamental_type_infoD0Ev
                0x00017db0        0x0 o:/fehqt/proteus/gcc/bin/../lib/gcc/arm-none-eabi/4.6.2/../../../../arm-none-eabi/lib/armv7e-m\libsupc++.a(fundamental_type_info.o)
                                  0x8 (size before relaxing)
 .ARM.exidx.text._ZNK10__cxxabiv119__pointer_type_info14__is_pointer_pEv
                0x00017db0        0x8 o:/fehqt/proteus/gcc/bin/../lib/gcc/arm-none-eabi/4.6.2/../../../../arm-none-eabi/lib/armv7e-m\libsupc++.a(pointer_type_info.o)
 .ARM.exidx.text._ZN10__cxxabiv119__pointer_type_infoD2Ev
                0x00017db8        0x8 o:/fehqt/proteus/gcc/bin/../lib/gcc/arm-none-eabi/4.6.2/../../../../arm-none-eabi/lib/armv7e-m\libsupc++.a(pointer_type_info.o)
 .ARM.exidx.text._ZN10__cxxabiv119__pointer_type_infoD0Ev
                0x00017dc0        0x0 o:/fehqt/proteus/gcc/bin/../lib/gcc/arm-none-eabi/4.6.2/../../../../arm-none-eabi/lib/armv7e-m\libsupc++.a(pointer_type_info.o)
                                  0x8 (size before relaxing)
 .ARM.exidx.text._ZNK10__cxxabiv119__pointer_type_info15__pointer_catchEPKNS_17__pbase_type_infoEPPvj
                0x00017dc0        0x8 o:/fehqt/proteus/gcc/bin/../lib/gcc/arm-none-eabi/4.6.2/../../../../arm-none-eabi/lib/armv7e-m\libsupc++.a(pointer_type_info.o)
 .ARM.exidx.text._ZN10__cxxabiv120__si_class_type_infoD2Ev
                0x00017dc8        0x8 o:/fehqt/proteus/gcc/bin/../lib/gcc/arm-none-eabi/4.6.2/../../../../arm-none-eabi/lib/armv7e-m\libsupc++.a(si_class_type_info.o)
 .ARM.exidx.text._ZN10__cxxabiv120__si_class_type_infoD0Ev
                0x00017dd0        0x0 o:/fehqt/proteus/gcc/bin/../lib/gcc/arm-none-eabi/4.6.2/../../../../arm-none-eabi/lib/armv7e-m\libsupc++.a(si_class_type_info.o)
                                  0x8 (size before relaxing)
 .ARM.exidx.text._ZNK10__cxxabiv120__si_class_type_info11__do_upcastEPKNS_17__class_type_infoEPKvRNS1_15__upcast_resultE
                0x00017dd0        0x8 o:/fehqt/proteus/gcc/bin/../lib/gcc/arm-none-eabi/4.6.2/../../../../arm-none-eabi/lib/armv7e-m\libsupc++.a(si_class_type_info.o)
 .ARM.exidx.text._ZNK10__cxxabiv120__si_class_type_info12__do_dyncastEiNS_17__class_type_info10__sub_kindEPKS1_PKvS4_S6_RNS1_16__dyncast_resultE
                0x00017dd8        0x8 o:/fehqt/proteus/gcc/bin/../lib/gcc/arm-none-eabi/4.6.2/../../../../arm-none-eabi/lib/armv7e-m\libsupc++.a(si_class_type_info.o)
 .ARM.exidx.text._ZNK10__cxxabiv120__si_class_type_info20__do_find_public_srcEiPKvPKNS_17__class_type_infoES2_
                0x00017de0        0x8 o:/fehqt/proteus/gcc/bin/../lib/gcc/arm-none-eabi/4.6.2/../../../../arm-none-eabi/lib/armv7e-m\libsupc++.a(si_class_type_info.o)
 .ARM.exidx.text._ZNSt9type_infoD2Ev
                0x00017de8        0x8 o:/fehqt/proteus/gcc/bin/../lib/gcc/arm-none-eabi/4.6.2/../../../../arm-none-eabi/lib/armv7e-m\libsupc++.a(tinfo.o)
 .ARM.exidx.text._ZNKSt9type_info14__is_pointer_pEv
                0x00017df0        0x0 o:/fehqt/proteus/gcc/bin/../lib/gcc/arm-none-eabi/4.6.2/../../../../arm-none-eabi/lib/armv7e-m\libsupc++.a(tinfo.o)
                                  0x8 (size before relaxing)
 .ARM.exidx.text._ZNKSt9type_info15__is_function_pEv
                0x00017df0        0x0 o:/fehqt/proteus/gcc/bin/../lib/gcc/arm-none-eabi/4.6.2/../../../../arm-none-eabi/lib/armv7e-m\libsupc++.a(tinfo.o)
                                  0x8 (size before relaxing)
 .ARM.exidx.text._ZNKSt9type_info11__do_upcastEPKN10__cxxabiv117__class_type_infoEPPv
                0x00017df0        0x0 o:/fehqt/proteus/gcc/bin/../lib/gcc/arm-none-eabi/4.6.2/../../../../arm-none-eabi/lib/armv7e-m\libsupc++.a(tinfo.o)
                                  0x8 (size before relaxing)
 .ARM.exidx.text._ZNSt9type_infoD0Ev
                0x00017df0        0x0 o:/fehqt/proteus/gcc/bin/../lib/gcc/arm-none-eabi/4.6.2/../../../../arm-none-eabi/lib/armv7e-m\libsupc++.a(tinfo.o)
                                  0x8 (size before relaxing)
 .ARM.exidx.text._ZNKSt9type_infoeqERKS_
                0x00017df0        0x0 o:/fehqt/proteus/gcc/bin/../lib/gcc/arm-none-eabi/4.6.2/../../../../arm-none-eabi/lib/armv7e-m\libsupc++.a(tinfo.o)
                                  0x8 (size before relaxing)
 .ARM.exidx.text._ZNKSt9type_info10__do_catchEPKS_PPvj
                0x00017df0        0x0 o:/fehqt/proteus/gcc/bin/../lib/gcc/arm-none-eabi/4.6.2/../../../../arm-none-eabi/lib/armv7e-m\libsupc++.a(tinfo.o)
                                  0x8 (size before relaxing)
 .ARM.exidx.text._ZNKSt10bad_typeid4whatEv
                0x00017df0        0x0 o:/fehqt/proteus/gcc/bin/../lib/gcc/arm-none-eabi/4.6.2/../../../../arm-none-eabi/lib/armv7e-m\libsupc++.a(bad_typeid.o)
                                  0x8 (size before relaxing)
 .ARM.exidx.text._ZNSt10bad_typeidD2Ev
                0x00017df0        0x0 o:/fehqt/proteus/gcc/bin/../lib/gcc/arm-none-eabi/4.6.2/../../../../arm-none-eabi/lib/armv7e-m\libsupc++.a(bad_typeid.o)
                                  0x8 (size before relaxing)
 .ARM.exidx.text._ZNSt10bad_typeidD0Ev
                0x00017df0        0x0 o:/fehqt/proteus/gcc/bin/../lib/gcc/arm-none-eabi/4.6.2/../../../../arm-none-eabi/lib/armv7e-m\libsupc++.a(bad_typeid.o)
                                  0x8 (size before relaxing)
 .ARM.exidx.text._ZNK10__cxxabiv117__pbase_type_info15__pointer_catchEPKS0_PPvj
                0x00017df0        0x8 o:/fehqt/proteus/gcc/bin/../lib/gcc/arm-none-eabi/4.6.2/../../../../arm-none-eabi/lib/armv7e-m\libsupc++.a(pbase_type_info.o)
 .ARM.exidx.text._ZN10__cxxabiv117__pbase_type_infoD2Ev
                0x00017df8        0x0 o:/fehqt/proteus/gcc/bin/../lib/gcc/arm-none-eabi/4.6.2/../../../../arm-none-eabi/lib/armv7e-m\libsupc++.a(pbase_type_info.o)
                                  0x8 (size before relaxing)
 .ARM.exidx.text._ZN10__cxxabiv117__pbase_type_infoD0Ev
                0x00017df8        0x0 o:/fehqt/proteus/gcc/bin/../lib/gcc/arm-none-eabi/4.6.2/../../../../arm-none-eabi/lib/armv7e-m\libsupc++.a(pbase_type_info.o)
                                  0x8 (size before relaxing)
 .ARM.exidx.text._ZNK10__cxxabiv117__pbase_type_info10__do_catchEPKSt9type_infoPPvj
                0x00017df8       0x10 o:/fehqt/proteus/gcc/bin/../lib/gcc/arm-none-eabi/4.6.2/../../../../arm-none-eabi/lib/armv7e-m\libsupc++.a(pbase_type_info.o)
                                  0x8 (size before relaxing)
 .ARM.exidx     0x00017c08       0x88 o:/fehqt/proteus/gcc/bin/../lib/gcc/arm-none-eabi/4.6.2/armv7e-m\libgcc.a(unwind-arm.o)
                                 0xc0 (size before relaxing)
 .ARM.exidx     0x00017c90       0x38 o:/fehqt/proteus/gcc/bin/../lib/gcc/arm-none-eabi/4.6.2/armv7e-m\libgcc.a(pr-support.o)
                                 0x48 (size before relaxing)
                0x00017e08                __exidx_end = .

.ctors          0x00017e08        0x0
                0x00017e08                __CTOR_LIST__ = .
 *crtbegin.o(.ctors)
 *(EXCLUDE_FILE(*crtend.o) .ctors)
 *(SORT(.ctors.*))
 *(.ctors)
                0x00017e08                __CTOR_END__ = .

.dtors          0x00017e08        0x0
                0x00017e08                __DTOR_LIST__ = .
 *crtbegin.o(.dtors)
 *(EXCLUDE_FILE(*crtend.o) .dtors)
 *(SORT(.dtors.*))
 *(.dtors)
                0x00017e08                __DTOR_END__ = .

.preinit_array  0x00017e08        0x0
                0x00017e08                PROVIDE (__preinit_array_start, .)
 *(.preinit_array*)
                0x00017e08                PROVIDE (__preinit_array_end, .)

.init_array     0x00017e08       0x1c
                0x00017e08                PROVIDE (__init_array_start, .)
 *(SORT(.init_array.*))
 *(.init_array*)
 .init_array    0x00017e08        0x4 FEHProteus.o
 .init_array    0x00017e0c        0x4 Libraries\FEHBuzzer.o
 .init_array    0x00017e10        0x4 Libraries\FEHLCD.o
 .init_array    0x00017e14        0x4 Libraries\FEHAccel.o
 .init_array    0x00017e18        0x4 Libraries\FEHBattery.o
 .init_array    0x00017e1c        0x4 Libraries\FEHRPS.o
 .init_array    0x00017e20        0x4 Libraries\FEHSD.o
                0x00017e24                PROVIDE (__init_array_end, .)

.fini_array     0x00017e24        0x0
                0x00017e24                PROVIDE (__fini_array_start, .)
 *(SORT(.fini_array.*))
 *(.fini_array*)
                0x00017e24                PROVIDE (__fini_array_end, .)
                0x00017e24                ___ROM_AT = .

.data           0x1fff0400      0xd2c load address 0x00017e24
                0x1fff0400                . = ALIGN (0x4)
                0x1fff0400                _sdata = .
 *(.data)
 *(.data*)
 .data._ZL4Stat
                0x1fff0400        0x1 Drivers\SDHC.o
 *fill*         0x1fff0401        0x3 00
 .data.image    0x1fff0404      0x750 Libraries\FEHLCD.o
                0x1fff0404                image
 .data.logo     0x1fff0b54      0x3e8 Libraries\FEHLCD.o
                0x1fff0b54                logo
 .data._ZN6FEHLCD8fontDataE
                0x1fff0f3c      0x1e0 Libraries\FEHLCD.o
                0x1fff0f3c                FEHLCD::fontData
 .data.random_next
                0x1fff111c        0x4 O:\fehqt\Proteus/EWL/lib/armv7e-m\libc.a(rand.o)
 .data._ZN10__cxxabiv120__unexpected_handlerE