Archive member included because of file (symbol)

O:\fehqt\Proteus/EWL/lib/armv7e-m\libc.a(__strtold.o)
                              Libraries\FEHSD.o (strtod)
O:\fehqt\Proteus/EWL/lib/armv7e-m\libc.a(sprintf.o)
                              Libraries\FEHLCD.o (sprintf)
O:\fehqt\Proteus/EWL/lib/armv7e-m\libc.a(vsnprintf.o)
                              O:\fehqt\Proteus/EWL/lib/armv7e-m\libc.a(sprintf.o) (vsnprintf)
O:\fehqt\Proteus/EWL/lib/armv7e-m\libc.a(vsscanf.o)
                              O:\fehqt\Proteus/EWL/lib/armv7e-m\libc.a(__strtold.o) (__StringRead)
O:\fehqt\Proteus/EWL/lib/armv7e-m\libc.a(atoi.o)
                              Libraries\FEHSD.o (strtol)
O:\fehqt\Proteus/EWL/lib/armv7e-m\libc.a(exit.o)
                              Startup\__arm_start.o (exit)
O:\fehqt\Proteus/EWL/lib/armv7e-m\libc.a(rand.o)
                              ..\grid.o (rand)
O:\fehqt\Proteus/EWL/lib/armv7e-m\libc.a(strtoul.o)
                              Libraries\FEHSD.o (strtoul)
O:\fehqt\Proteus/EWL/lib/armv7e-m\libc.a(memchr.o)
                              Libraries\FEHSD.o (memchr)
O:\fehqt\Proteus/EWL/lib/armv7e-m\libc.a(memcpy.o)
                              O:\fehqt\Proteus/EWL/lib/armv7e-m\libc.a(vsnprintf.o) (memcpy)
O:\fehqt\Proteus/EWL/lib/armv7e-m\libc.a(memset.o)
                              Startup\__arm_start.o (memset)
O:\fehqt\Proteus/EWL/lib/armv7e-m\libc.a(strchr.o)
                              Libraries\FEHSD.o (strchr)
O:\fehqt\Proteus/EWL/lib/armv7e-m\libc.a(strcmp.o)
                              Libraries\FEHLCD.o (strcmp)
O:\fehqt\Proteus/EWL/lib/armv7e-m\libc.a(strcpy.o)
                              Libraries\FEHLCD.o (strcpy)
O:\fehqt\Proteus/EWL/lib/armv7e-m\libc.a(strlen.o)
                              Libraries\FEHLCD.o (strlen)
O:\fehqt\Proteus/EWL/lib/armv7e-m\libc.a(printformat_.o)
                              (__pformatter_)
O:\fehqt\Proteus/EWL/lib/armv7e-m\libc.a(scanformat_.o)
                              (__sformatter)
O:\fehqt\Proteus/EWL/lib/armv7e-m\libc.a(ctype_aeabi.o)
                              Libraries\FEHSD.o (isspace)
O:\fehqt\Proteus/EWL/lib/armv7e-m\libc.a(errno.o)
                              O:\fehqt\Proteus/EWL/lib/armv7e-m\libc.a(__strtold.o) (errno)
O:\fehqt\Proteus/EWL/lib/armv7e-m\libc.a(__strtoul.o)
                              O:\fehqt\Proteus/EWL/lib/armv7e-m\libc.a(atoi.o) (__strtoul)
O:\fehqt\Proteus/EWL/lib/armv7e-m\libc.a(__filll_mem.o)
                              O:\fehqt\Proteus/EWL/lib/armv7e-m\libc.a(memset.o) (__fill_mem)
O:\fehqt\Proteus/EWL/lib/armv7e-m\libm.a(ansi_fp.o)
                              O:\fehqt\Proteus/EWL/lib/armv7e-m\libc.a(__strtold.o) (__dec2num)
O:\fehqt\Proteus/EWL/lib/armv7e-m\libm.a(float.o)
                              O:\fehqt\Proteus/EWL/lib/armv7e-m\libc.a(__strtold.o) (__extended_max)
O:\fehqt\Proteus/EWL/lib/armv7e-m\libm.a(math_api.o)
                              O:\fehqt\Proteus/EWL/lib/armv7e-m\libm.a(ansi_fp.o) (__signbitd)
O:\fehqt\Proteus/EWL/lib/armv7e-m\libm.a(s_frexp.o)
                              O:\fehqt\Proteus/EWL/lib/armv7e-m\libm.a(ansi_fp.o) (frexp)
O:\fehqt\Proteus/EWL/lib/armv7e-m\libm.a(w_pow.o)
                              O:\fehqt\Proteus/EWL/lib/armv7e-m\libm.a(ansi_fp.o) (pow)
O:\fehqt\Proteus/EWL/lib/armv7e-m\libm.a(e_pow.o)
                              O:\fehqt\Proteus/EWL/lib/armv7e-m\libm.a(w_pow.o) (__ieee754_pow)
O:\fehqt\Proteus/EWL/lib/armv7e-m\libm.a(scalbn.o)
                              O:\fehqt\Proteus/EWL/lib/armv7e-m\libm.a(e_pow.o) (scalbn)
O:\fehqt\Proteus/EWL/lib/armv7e-m\libm.a(w_sqrt.o)
                              O:\fehqt\Proteus/EWL/lib/armv7e-m\libm.a(e_pow.o) (sqrt)
O:\fehqt\Proteus/EWL/lib/armv7e-m\libm.a(e_sqrt.o)
                              O:\fehqt\Proteus/EWL/lib/armv7e-m\libm.a(w_sqrt.o) (__ieee754_sqrt)
O:\fehqt\Proteus/EWL/lib/armv7e-m\libm.a(s_ldexp.o)
                              O:\fehqt\Proteus/EWL/lib/armv7e-m\libm.a(scalbn.o) (ldexp)
o:/fehqt/proteus/gcc/bin/../lib/gcc/arm-none-eabi/4.6.2/armv7e-m\libgcc.a(_arm_addsubdf3.o)
                              Libraries\FEHLCD.o (__aeabi_dsub)
o:/fehqt/proteus/gcc/bin/../lib/gcc/arm-none-eabi/4.6.2/armv7e-m\libgcc.a(_arm_muldivdf3.o)
                              Libraries\FEHMotor.o (__aeabi_dmul)
o:/fehqt/proteus/gcc/bin/../lib/gcc/arm-none-eabi/4.6.2/armv7e-m\libgcc.a(_arm_cmpdf2.o)
                              O:\fehqt\Proteus/EWL/lib/armv7e-m\libc.a(__strtold.o) (__aeabi_dcmpeq)
o:/fehqt/proteus/gcc/bin/../lib/gcc/arm-none-eabi/4.6.2/armv7e-m\libgcc.a(_arm_fixdfsi.o)
                              Libraries\FEHMotor.o (__aeabi_d2iz)
o:/fehqt/proteus/gcc/bin/../lib/gcc/arm-none-eabi/4.6.2/armv7e-m\libgcc.a(_arm_fixunsdfsi.o)
                              ..\main.o (__aeabi_d2uiz)
o:/fehqt/proteus/gcc/bin/../lib/gcc/arm-none-eabi/4.6.2/armv7e-m\libgcc.a(_arm_truncdfsf2.o)
[...]
Memory Configuration

Name             Origin             Length             Attributes
m_interrupts     0x0000c000         0x00000400         xr
m_cfmprotrom     0x0000c400         0x00000010         xr
m_text           0x0000c410         0x00073bf0         xr
m_data           0x1fff0400         0x0000fc00         xrw
m_data2          0x20000000         0x00010000         xrw
*default*        0x00000000         0xffffffff

Linker script and memory map

LOAD ..\scoreboard.o
LOAD ..\vectorlight.o
LOAD ..\tile.o
LOAD ..\grid.o
LOAD ..\main.o
LOAD Startup\__arm_start.o
LOAD Startup\__arm_end.o
LOAD Startup\kinetis_sysinit.o
LOAD Libraries\FEHMotor.o
LOAD Drivers\mcg.o
LOAD Drivers\i2c.o
LOAD Drivers\spi.o
LOAD Drivers\uart.o
LOAD Drivers\ff.o
LOAD Drivers\SDHC.o
LOAD Drivers\lptmr.o
LOAD FEHProteus.o
LOAD Drivers\FEHPropeller.o
LOAD Libraries\FEHUtility.o
LOAD Libraries\FEHIO.o
LOAD Drivers\adc16.o
LOAD Libraries\FEHBuzzer.o
LOAD Libraries\FEHServo.o
LOAD Libraries\FEHLCD.o
LOAD Libraries\FEHAccel.o
LOAD Libraries\FEHBattery.o
LOAD Drivers\FEHXBee.o
LOAD Libraries\FEHRPS.o
LOAD Libraries\FEHSD.o
LOAD Libraries\FEHRandom.o
                0x000152d8                __pformatter = __pformatter_
                [0x000156d0]                __sformatter = __sformatter
LOAD O:\fehqt\Proteus/EWL/lib/armv7e-m\libstdc++.a
LOAD O:\fehqt\Proteus/EWL/lib/armv7e-m\libm.a
START GROUP
LOAD O:\fehqt\Proteus/EWL/lib/armv7e-m\libc.a
LOAD O:\fehqt\Proteus/EWL/lib/armv7e-m\libc++.a
LOAD O:\fehqt\Proteus/EWL/lib/armv7e-m\libm.a
LOAD o:/fehqt/proteus/gcc/bin/../lib/gcc/arm-none-eabi/4.6.2/armv7e-m\libgcc.a
LOAD O:\fehqt\Proteus/EWL/lib/armv7e-m\librt.a
LOAD o:/fehqt/proteus/gcc/bin/../lib/gcc/arm-none-eabi/4.6.2/../../../../arm-none-eabi/lib/armv7e-m\libsupc++.a
END GROUP
                0x20000000                _estack = 0x20000000
                0x20000000                __SP_INIT = _estack
                0x00000800                __heap_size = 0x800
                0x00000800                __stack_size = 0x800

.interrupts     0x0000c000      0x1e0
                0x0000c000                __vector_table = .
                0x0000c000                . = ALIGN (0x4)
 *(.vectortable)
 .vectortable   0x0000c000      0x1e0 Startup\kinetis_sysinit.o
                0x0000c1e0                . = ALIGN (0x4)

.cfmprotect     0x0000c400        0x0
                0x0000c400                . = ALIGN (0x4)
 *(.cfmconfig)
                0x0000c400                . = ALIGN (0x4)

.text           0x0000c410     0xb878
                0x0000c410                . = ALIGN (0x4)
 *(.text)
 .text          0x0000c410      0x370 o:/fehqt/proteus/gcc/bin/../lib/gcc/arm-none-eabi/4.6.2/armv7e-m\libgcc.a(_arm_addsubdf3.o)
                0x0000c410                __aeabi_drsub
                0x0000c418                __aeabi_dsub
                0x0000c418                __subdf3
                0x0000c41c                __aeabi_dadd
                0x0000c41c                __adddf3
                0x0000c694                __floatunsidf
                0x0000c694                __aeabi_ui2d
                0x0000c6b4                __floatsidf
                0x0000c6b4                __aeabi_i2d
                0x0000c6d8                __aeabi_f2d
                0x0000c6d8                __extendsfdf2
                0x0000c714                __floatundidf
                0x0000c714                __aeabi_ul2d
                0x0000c724                __floatdidf
                0x0000c724                __aeabi_l2d
 .text          0x0000c780      0x424 o:/fehqt/proteus/gcc/bin/../lib/gcc/arm-none-eabi/4.6.2/armv7e-m\libgcc.a(_arm_muldivdf3.o)
                0x0000c780                __aeabi_dmul
                0x0000c780                __muldf3
                0x0000c9d4                __divdf3
                0x0000c9d4                __aeabi_ddiv
 .text          0x0000cba4       0x50 o:/fehqt/proteus/gcc/bin/../lib/gcc/arm-none-eabi/4.6.2/armv7e-m\libgcc.a(_arm_fixdfsi.o)
                0x0000cba4                __aeabi_d2iz
                0x0000cba4                __fixdfsi
 .text          0x0000cbf4       0x40 o:/fehqt/proteus/gcc/bin/../lib/gcc/arm-none-eabi/4.6.2/armv7e-m\libgcc.a(_arm_fixunsdfsi.o)
                0x0000cbf4                __aeabi_d2uiz
                0x0000cbf4                __fixunsdfsi
 .text          0x0000cc34       0xa0 o:/fehqt/proteus/gcc/bin/../lib/gcc/arm-none-eabi/4.6.2/armv7e-m\libgcc.a(_arm_truncdfsf2.o)
                0x0000cc34                __truncdfsf2
                0x0000cc34                __aeabi_d2f
 .text          0x0000ccd4      0x21c o:/fehqt/proteus/gcc/bin/../lib/gcc/arm-none-eabi/4.6.2/armv7e-m\libgcc.a(_arm_addsubsf3.o)
                0x0000ccd4                __aeabi_frsub
                0x0000ccdc                __subsf3
                0x0000ccdc                __aeabi_fsub
                0x0000cce0                __aeabi_fadd
                0x0000cce0                __addsf3
                0x0000ce40                __aeabi_ui2f
                0x0000ce40                __floatunsisf
                0x0000ce48                __aeabi_i2f
                0x0000ce48                __floatsisf
                0x0000ce64                __aeabi_ul2f
                0x0000ce64                __floatundisf
                0x0000ce74                __aeabi_l2f
                0x0000ce74                __floatdisf
 .text          0x0000cef0      0x2a0 o:/fehqt/proteus/gcc/bin/../lib/gcc/arm-none-eabi/4.6.2/armv7e-m\libgcc.a(_arm_muldivsf3.o)
                0x0000cef0                __mulsf3
                0x0000cef0                __aeabi_fmul
                0x0000d058                __aeabi_fdiv
                0x0000d058                __divsf3
 .text          0x0000d190       0xec o:/fehqt/proteus/gcc/bin/../lib/gcc/arm-none-eabi/4.6.2/armv7e-m\libgcc.a(_arm_cmpsf2.o)
                0x0000d190                __gesf2
                0x0000d190                __gtsf2
                0x0000d198                __lesf2
                0x0000d198                __ltsf2
                0x0000d1a0                __nesf2
                0x0000d1a0                __eqsf2
                0x0000d1a0                __cmpsf2
                0x0000d200                __aeabi_cfrcmple
                0x0000d208                __aeabi_cfcmpeq
                0x0000d208                __aeabi_cfcmple
                0x0000d218                __aeabi_fcmpeq
                0x0000d22c                __aeabi_fcmplt
                0x0000d240                __aeabi_fcmple
                0x0000d254                __aeabi_fcmpge
                0x0000d268                __aeabi_fcmpgt
 .text          0x0000d27c       0x4c o:/fehqt/proteus/gcc/bin/../lib/gcc/arm-none-eabi/4.6.2/armv7e-m\libgcc.a(_arm_fixsfsi.o)
                0x0000d27c                __aeabi_f2iz
                0x0000d27c                __fixsfsi
 .text          0x0000d2c8      0xb54 o:/fehqt/proteus/gcc/bin/../lib/gcc/arm-none-eabi/4.6.2/armv7e-m\libgcc.a(unwind-arm.o)
                0x0000d570                _Unwind_VRS_Get
                0x0000d5b0                _Unwind_VRS_Set
                0x0000d910                __aeabi_unwind_cpp_pr2
                0x0000d914                __aeabi_unwind_cpp_pr1
                0x0000d918                __aeabi_unwind_cpp_pr0
                0x0000d91c                _Unwind_VRS_Pop
                0x0000dcd0                _Unwind_GetCFA
                0x0000dcd4                __gnu_Unwind_RaiseException
                0x0000dd34                __gnu_Unwind_ForcedUnwind
                0x0000dd48                __gnu_Unwind_Resume
                0x0000dd84                __gnu_Unwind_Resume_or_Rethrow
                0x0000dd94                _Unwind_Complete
                0x0000dd98                _Unwind_DeleteException
                0x0000dda8                __gnu_Unwind_Backtrace
 .text          0x0000de1c      0x1ac o:/fehqt/proteus/gcc/bin/../lib/gcc/arm-none-eabi/4.6.2/armv7e-m\libgcc.a(libunwind.o)
                0x0000de1c                __restore_core_regs
                0x0000de1c                restore_core_regs
                0x0000de34                __gnu_Unwind_Restore_VFP
                0x0000de3c                __gnu_Unwind_Save_VFP
                0x0000de44                __gnu_Unwind_Restore_VFP_D
                0x0000de4c                __gnu_Unwind_Save_VFP_D
                0x0000de54                __gnu_Unwind_Restore_VFP_D_16_to_31
                0x0000de5c                __gnu_Unwind_Save_VFP_D_16_to_31
                0x0000de64                __gnu_Unwind_Restore_WMMXD
                0x0000dea8                __gnu_Unwind_Save_WMMXD
                0x0000deec                __gnu_Unwind_Restore_WMMXC
                0x0000df00                __gnu_Unwind_Save_WMMXC
                0x0000df14                ___Unwind_RaiseException
                0x0000df14                _Unwind_RaiseException
                0x0000df38                _Unwind_Resume
                0x0000df38                ___Unwind_Resume
                0x0000df5c                _Unwind_Resume_or_Rethrow
                0x0000df5c                ___Unwind_Resume_or_Rethrow
                0x0000df80                _Unwind_ForcedUnwind
                0x0000df80                ___Unwind_ForcedUnwind
                0x0000dfa4                ___Unwind_Backtrace
                0x0000dfa4                _Unwind_Backtrace
 .text          0x0000dfc8      0x374 o:/fehqt/proteus/gcc/bin/../lib/gcc/arm-none-eabi/4.6.2/armv7e-m\libgcc.a(pr-support.o)
                0x0000e01c                __gnu_unwind_execute
                0x0000e2e4                __gnu_unwind_frame
                0x0000e30c                _Unwind_GetRegionStart
                0x0000e318                _Unwind_GetLanguageSpecificData
                0x0000e32c                _Unwind_GetDataRelBase
                0x0000e334                _Unwind_GetTextRelBase
 *(.text*)
 .text._ZN4TileC2Ev
                0x0000e33c       0x18 ..\tile.o
                0x0000e33c                Tile::Tile()
                0x0000e33c                Tile::Tile()
 .text._ZN4Tile6getRowEv
                0x0000e354       0x18 ..\tile.o
                0x0000e354                Tile::getRow()
 .text._ZN4Tile6getColEv
                0x0000e36c       0x18 ..\tile.o
                0x0000e36c                Tile::getCol()
 .text._ZN4Tile8getColorEv
                0x0000e384       0x18 ..\tile.o
                0x0000e384                Tile::getColor()
 .text._ZN4Tile10wasCheckedEv
                0x0000e39c       0x18 ..\tile.o
                0x0000e39c                Tile::wasChecked()
 .text._ZN4Tile6setRowEi
                0x0000e3b4       0x1c ..\tile.o
                0x0000e3b4                Tile::setRow(int)
 .text._ZN4Tile6setColEi
                0x0000e3d0       0x1c ..\tile.o
                0x0000e3d0                Tile::setCol(int)
 .text._ZN4Tile8setColorEi
                0x0000e3ec       0x1c ..\tile.o
                0x0000e3ec                Tile::setColor(int)
 .text._ZN4Tile10setCheckedEb
                0x0000e408       0x1c ..\tile.o
                0x0000e408                Tile::setChecked(bool)
 .text._ZN4GridC2Eiiii
                0x0000e424      0x1c8 ..\grid.o
                0x0000e424                Grid::Grid(int, int, int, int)
                0x0000e424                Grid::Grid(int, int, int, int)
 .text._ZN4Grid7getTileEii
                0x0000e5ec       0x30 ..\grid.o
                0x0000e5ec                Grid::getTile(int, int)
 .text._ZN4Grid11getMaxTriesEv
                0x0000e61c       0x18 ..\grid.o
                0x0000e61c                Grid::getMaxTries()
 .text._ZN4Grid8getTriesEv
                0x0000e634       0x18 ..\grid.o
                0x0000e634                Grid::getTries()
 .text._ZN4Grid8setTriesEi
                0x0000e64c       0x1c ..\grid.o
                0x0000e64c                Grid::setTries(int)
 .text._ZN4Grid10isCompleteEv
                0x0000e668      0x13c ..\grid.o
                0x0000e668                Grid::isComplete()
 .text._ZN4Grid12updateColorsEP4Tileii
                0x0000e7a4      0x1a8 ..\grid.o
                0x0000e7a4                Grid::updateColors(Tile*, int, int)
 .text._ZN4Grid5printEv
                0x0000e94c      0x1c8 ..\grid.o
                0x0000e94c                Grid::print()
 .text._ZN11VectorLightIP4TileEC2Ev
                0x0000eb14       0x38 ..\grid.o
                0x0000eb14                VectorLight<Tile*>::VectorLight()
                0x0000eb14                VectorLight<Tile*>::VectorLight()
 .text._ZN11VectorLightIP4TileE4sizeEv
                0x0000eb4c       0x18 ..\grid.o
                0x0000eb4c                VectorLight<Tile*>::size()
 .text._ZN11VectorLightIP4TileE5emptyEv
                0x0000eb64       0x24 ..\grid.o
                0x0000eb64                VectorLight<Tile*>::empty()
 .text._ZN11VectorLightIP4TileE8pop_backEv
                0x0000eb88       0x38 ..\grid.o
                0x0000eb88                VectorLight<Tile*>::pop_back()
 .text._ZN11VectorLightIP4TileE9push_backES1_
                0x0000ebc0       0x38 ..\grid.o
                0x0000ebc0                VectorLight<Tile*>::push_back(Tile*)
 .text._ZN11VectorLightIP4TileE13vector_resizeEv
                0x0000ebf8      0x110 ..\grid.o
                0x0000ebf8                VectorLight<Tile*>::vector_resize()
 .text._Z7FloodItiii
                0x0000ed08      0x2a4 ..\main.o
                0x0000ed08                FloodIt(int, int, int)
 .text.main     0x0000efac      0x148 ..\main.o
                0x0000efac                main
 .text.zero_fill_bss
                0x0000f0f4       0x34 Startup\__arm_start.o
 .text.__thumb_startup
                0x0000f128       0x34 Startup\__arm_start.o
                0x0000f128                __thumb_startup
 .text.InitFEHProteus
                0x0000f15c      0x168 Startup\__arm_start.o
                0x0000f15c                InitFEHProteus
 .text.pll_init_bl
                0x0000f2c4      0x130 Startup\__arm_start.o
 .text.InitPowerButton
                0x0000f3f4       0x90 Startup\__arm_start.o
                0x0000f3f4                InitPowerButton
 .text._ExitProcess
                0x0000f484        0xc Startup\__arm_end.o
                0x0000f484                _ExitProcess
 .text.Default_Handler
                0x0000f490        0xc Startup\kinetis_sysinit.o
                0x0000f490                BusFault_Handler()
                0x0000f490                HardFault_Handler()
                0x0000f490                SysTick_Handler()
                0x0000f490                PendSV_Handler()
                0x0000f490                DebugMonitor_Handler()
                0x0000f490                MemManage_Handler()
                0x0000f490                NMI_Handler()
                0x0000f490                SVC_Handler()
                0x0000f490                Default_Handler
                0x0000f490                UsageFault_Handler()
 .text.__init_hardware
                0x0000f49c       0x44 Startup\kinetis_sysinit.o
                0x0000f49c                __init_hardware
 .text._Z8PortDISRv
                0x0000f4e0       0x64 Startup\kinetis_sysinit.o
                0x0000f4e0                PortDISR()
 .text._Z21IIC_StartTransmissionhh
                0x0000f544       0x98 Drivers\i2c.o
                0x0000f544                IIC_StartTransmission(unsigned char, unsigned char)
 .text._Z5Pausev
                0x0000f5dc       0x34 Drivers\i2c.o
                0x0000f5dc                Pause()
 .text._Z21MMA8451QWriteRegisterhh
                0x0000f610       0x8c Drivers\i2c.o
                0x0000f610                MMA8451QWriteRegister(unsigned char, unsigned char)
 .text._Z8i2c_Waitv
                0x0000f69c       0x88 Drivers\i2c.o
                0x0000f69c                i2c_Wait()
 .text._Z12SPI_SendCharh
                0x0000f724       0x1c Drivers\spi.o
                0x0000f724                SPI_SendChar(unsigned char)
 .text._Z16SPI_WriteCommandhh
                0x0000f740       0x34 Drivers\spi.o
                0x0000f740                SPI_WriteCommand(unsigned char, unsigned char)
 .text._Z11SPI_GetCharv
                0x0000f774       0x14 Drivers\spi.o
                0x0000f774                SPI_GetChar()
 .text._Z15SPI_ReadCommandh
                0x0000f788       0x3c Drivers\spi.o
                0x0000f788                SPI_ReadCommand(unsigned char)
 .text._Z13SPI_CS_Assertv
                0x0000f7c4       0x24 Drivers\spi.o
                0x0000f7c4                SPI_CS_Assert()
 .text._Z15SPI_CS_Deassertv
                0x0000f7e8       0x24 Drivers\spi.o
                0x0000f7e8                SPI_CS_Deassert()
 .text._Z12SPI_Transferh
                0x0000f80c       0x88 Drivers\spi.o
                0x0000f80c                SPI_Transfer(unsigned char)
 *fill*         0x0000f894        0x4 00
 .text._Z8SPI_Initv
                0x0000f898       0xe8 Drivers\spi.o
                0x0000f898                SPI_Init()
 .text._Z9uart_initPV11UART_MemMapii
                0x0000f980      0x20c Drivers\uart.o
                0x0000f980                uart_init(UART_MemMap volatile*, int, int)
 .text._Z12uart_getcharPV11UART_MemMap
                0x0000fb8c       0x34 Drivers\uart.o
                0x0000fb8c                uart_getchar(UART_MemMap volatile*)
 .text._ZL7mem_setPvij
                0x0000fbc0       0x44 Drivers\ff.o
 .text._ZL11move_windowP5FATFSm
                0x0000fc04       0xf0 Drivers\ff.o
 .text._ZL4syncP5FATFS
                0x0000fcf4      0x188 Drivers\ff.o
 .text._ZL8validateP5FATFSt
                0x0000fe7c       0x54 Drivers\ff.o
 .text._Z6f_syncP3FIL
                0x0000fed0      0x1c0 Drivers\ff.o
                0x0000fed0                f_sync(FIL*)
 .text._Z7f_closeP3FIL
                0x00010090       0x2c Drivers\ff.o
                0x00010090                f_close(FIL*)
 .text._ZL17SDHC_set_baudratemm
                0x000100bc      0x14c Drivers\SDHC.o
 .text._Z9SDHC_initP17esdhc_info_structPK17esdhc_init_struct
                0x00010208      0x1c4 Drivers\SDHC.o
                0x00010208                SDHC_init(esdhc_info_struct*, esdhc_init_struct const*)
 .text._ZL15SDHC_is_runningv
                0x000103cc       0x28 Drivers\SDHC.o
 .text._ZL16SDHC_status_waitm
                0x000103f4       0x38 Drivers\SDHC.o
 .text._ZL17SDHC_send_commandP20esdhc_command_struct
                0x0001042c      0x2a0 Drivers\SDHC.o
 .text._Z10SDHC_ioctlmPv
                0x000106cc      0x978 Drivers\SDHC.o
                0x000106cc                SDHC_ioctl(unsigned long, void*)
 .text._ZL14rcvr_datablockPhm
                0x00011044      0x134 Drivers\SDHC.o
 .text._Z9disk_readhPhmh
                0x00011178      0x13c Drivers\SDHC.o
                0x00011178                disk_read(unsigned char, unsigned char*, unsigned long, unsigned char)
 .text._ZL14xmit_datablockPKhm
                0x000112b4       0xe0 Drivers\SDHC.o
 .text._Z10disk_writehPKhmh
                0x00011394      0x1cc Drivers\SDHC.o
                0x00011394                disk_write(unsigned char, unsigned char const*, unsigned long, unsigned char)
 .text._Z10disk_ioctlhhPv
                0x00011560      0x128 Drivers\SDHC.o
                0x00011560                disk_ioctl(unsigned char, unsigned char, void*)
 .text._Z11disk_statush
                0x00011688       0x30 Drivers\SDHC.o
                0x00011688                disk_status(unsigned char)
 .text._Z13time_delay_msm
                0x000116b8       0xa4 Drivers\lptmr.o
                0x000116b8                time_delay_ms(unsigned long)
 .text._Z41__static_initialization_and_destruction_0ii
                0x0001175c       0x30 FEHProteus.o
 .text._GLOBAL__sub_I_Propeller
                0x0001178c       0x14 FEHProteus.o
 .text._ZN12FEHPropellerC2Ev
                0x000117a0       0x20 Drivers\FEHPropeller.o
                0x000117a0                FEHPropeller::FEHPropeller()
                0x000117a0                FEHPropeller::FEHPropeller()
 .text._ZN12FEHPropeller10InitializeEv
                0x000117c0       0x94 Drivers\FEHPropeller.o
                0x000117c0                FEHPropeller::Initialize()
 .text._ZL5Delaymjj
                0x00011854       0xc4 Libraries\FEHUtility.o
 .text._Z5Sleepi
                0x00011918       0x34 Libraries\FEHUtility.o
                0x00011918                Sleep(int)
 *fill*         0x0001194c        0x4 00
 .text._Z5Sleepd
                0x00011950       0x58 Libraries\FEHUtility.o
                0x00011950                Sleep(double)
 .text._Z7TimeNowv
                0x000119a8       0x70 Libraries\FEHUtility.o
                0x000119a8                TimeNow()
 .text._Z9portB_isrv
                0x00011a18       0xd4 Libraries\FEHIO.o
                0x00011a18                portB_isr()
 .text._Z9portC_isrv
                0x00011aec       0xd8 Libraries\FEHIO.o
                0x00011aec                portC_isr()
 .text._Z9portA_isrv
                0x00011bc4       0xd8 Libraries\FEHIO.o
                0x00011bc4                portA_isr()
 .text._Z9portE_isrv
                0x00011c9c       0xd0 Libraries\FEHIO.o
                0x00011c9c                portE_isr()
 .text._ZN14AnalogInputPinC2EN5FEHIO8FEHIOPinE
                0x00011d6c       0x20 Libraries\FEHIO.o
                0x00011d6c                AnalogInputPin::AnalogInputPin(FEHIO::FEHIOPin)
                0x00011d6c                AnalogInputPin::AnalogInputPin(FEHIO::FEHIOPin)
 .text._ZN13AnalogEncoder12EncoderValueEv
                0x00011d8c       0xe4 Libraries\FEHIO.o
                0x00011d8c                AnalogEncoder::EncoderValue()
 .text._ZN14AnalogInputPin8InitADCsEv
                0x00011e70      0x120 Libraries\FEHIO.o
                0x00011e70                AnalogInputPin::InitADCs()
 .text._Z8pit0_isrv
                0x00011f90       0x34 Libraries\FEHIO.o
                0x00011f90                pit0_isr()
 .text._ZN13AnalogEncoder4InitEv
                0x00011fc4       0x64 Libraries\FEHIO.o
                0x00011fc4                AnalogEncoder::Init()
 .text._ZN13AnalogEncoder14SetCounterInitEj
                0x00012028       0x20 Libraries\FEHIO.o
                0x00012028                AnalogEncoder::SetCounterInit(unsigned int)
 .text._ZN13AnalogEncoder10ProcessIntEv
                0x00012048       0x80 Libraries\FEHIO.o
                0x00012048                AnalogEncoder::ProcessInt()
 .text._ZN13AnalogEncoder14ProcessIntSelfEv
                0x000120c8       0x80 Libraries\FEHIO.o
                0x000120c8                AnalogEncoder::ProcessIntSelf()
 .text._Z7ADC_CalPV10ADC_MemMap
                0x00012148      0x14c Drivers\adc16.o
                0x00012148                ADC_Cal(ADC_MemMap volatile*)
 .text._Z14ADC_Config_AltPV10ADC_MemMapP7adc_cfg
                0x00012294       0x6c Drivers\adc16.o
                0x00012294                ADC_Config_Alt(ADC_MemMap volatile*, adc_cfg*)
 .text._ZN9FEHBuzzerC2Ev
                0x00012300       0x18 Libraries\FEHBuzzer.o
                0x00012300                FEHBuzzer::FEHBuzzer()
                0x00012300                FEHBuzzer::FEHBuzzer()
 .text._Z41__static_initialization_and_destruction_0ii
                0x00012318       0x30 Libraries\FEHBuzzer.o
 .text._GLOBAL__sub_I_Buzzer
                0x00012348       0x14 Libraries\FEHBuzzer.o
 .text._ZN6FEHLCD11_InitializeEv
                0x0001235c      0x5dc Libraries\FEHLCD.o
                0x0001235c                FEHLCD::_Initialize()
 .text._ZN6FEHLCDC2Ev
                0x00012938       0x64 Libraries\FEHLCD.o
                0x00012938                FEHLCD::FEHLCD()
                0x00012938                FEHLCD::FEHLCD()
 .text._ZN6FEHLCD10InitializeEv
                0x0001299c       0x38 Libraries\FEHLCD.o
                0x0001299c                FEHLCD::Initialize()
 .text._ZN6FEHLCD10PrintImageEii
                0x000129d4      0x100 Libraries\FEHLCD.o
                0x000129d4                FEHLCD::PrintImage(int, int)
 .text._ZN6FEHLCD9PrintLogoEii
                0x00012ad4      0x100 Libraries\FEHLCD.o
                0x00012ad4                FEHLCD::PrintLogo(int, int)
 .text._ZN6FEHLCD22ConvertFEHColorTo24BitENS_11FEHLCDColorE
                0x00012bd4       0x80 Libraries\FEHLCD.o
                0x00012bd4                FEHLCD::ConvertFEHColorTo24Bit(FEHLCD::FEHLCDColor)
 .text._ZN6FEHLCD24Convert24BitColorTo16BitEj
                0x00012c54       0x40 Libraries\FEHLCD.o
                0x00012c54                FEHLCD::Convert24BitColorTo16Bit(unsigned int)
 .text._ZN6FEHLCD22ConvertRGBColorTo16BitEhhh
                0x00012c94       0x44 Libraries\FEHLCD.o
                0x00012c94                FEHLCD::ConvertRGBColorTo16Bit(unsigned char, unsigned char, unsigned char)
 .text._ZN6FEHLCD5ClearENS_11FEHLCDColorE
                0x00012cd8       0x28 Libraries\FEHLCD.o
                0x00012cd8                FEHLCD::Clear(FEHLCD::FEHLCDColor)
 .text._ZN6FEHLCD5ClearEj
                0x00012d00       0x2c Libraries\FEHLCD.o
                0x00012d00                FEHLCD::Clear(unsigned int)
 .text._ZN6FEHLCD18SetBackgroundColorENS_11FEHLCDColorE
                0x00012d2c       0x28 Libraries\FEHLCD.o
                0x00012d2c                FEHLCD::SetBackgroundColor(FEHLCD::FEHLCDColor)
 .text._ZN6FEHLCD18SetBackgroundColorEj
                0x00012d54       0x28 Libraries\FEHLCD.o
                0x00012d54                FEHLCD::SetBackgroundColor(unsigned int)
 .text._ZN6FEHLCD12SetFontColorENS_11FEHLCDColorE
                0x00012d7c       0x28 Libraries\FEHLCD.o
                0x00012d7c                FEHLCD::SetFontColor(FEHLCD::FEHLCDColor)
 .text._ZN6FEHLCD12SetFontColorEj
                0x00012da4       0x28 Libraries\FEHLCD.o
                0x00012da4                FEHLCD::SetFontColor(unsigned int)
 .text._ZN6FEHLCD7WriteAtEPKcii
                0x00012dcc       0x58 Libraries\FEHLCD.o
                0x00012dcc                FEHLCD::WriteAt(char const*, int, int)
 .text._ZN6FEHLCD7WriteAtEiii
                0x00012e24       0x3c Libraries\FEHLCD.o
                0x00012e24                FEHLCD::WriteAt(int, int, int)
 .text._ZN6FEHLCD11TS_SPI_InitEv
                0x00012e60       0xa8 Libraries\FEHLCD.o
                0x00012e60                FEHLCD::TS_SPI_Init()
 .text._ZN6FEHLCD5TouchEPfS0_
                0x00012f08      0x240 Libraries\FEHLCD.o
                0x00012f08                FEHLCD::Touch(float*, float*)
 .text._ZN6FEHLCD3absEi
                0x00013148       0x28 Libraries\FEHLCD.o
                0x00013148                FEHLCD::abs(int)
 .text._ZN6FEHLCD5WriteEPKc
                0x00013170       0x5c Libraries\FEHLCD.o
                0x00013170                FEHLCD::Write(char const*)
 .text._ZN6FEHLCD5WriteEi
                0x000131cc       0x34 Libraries\FEHLCD.o
                0x000131cc                FEHLCD::Write(int)
 .text._ZN6FEHLCD5WriteEb
                0x00013200       0x38 Libraries\FEHLCD.o
                0x00013200                FEHLCD::Write(bool)
 .text._ZN6FEHLCD9WriteLineEPKc
                0x00013238       0x28 Libraries\FEHLCD.o
                0x00013238                FEHLCD::WriteLine(char const*)
 .text._ZN6FEHLCD9WriteLineEi
                0x00013260       0x28 Libraries\FEHLCD.o
                0x00013260                FEHLCD::WriteLine(int)
 .text._ZN6FEHLCD9WriteLineEb
                0x00013288       0x2c Libraries\FEHLCD.o
                0x00013288                FEHLCD::WriteLine(bool)
 .text._ZN6FEHLCD10WriteIndexEh
                0x000132b4      0x288 Libraries\FEHLCD.o
                0x000132b4                FEHLCD::WriteIndex(unsigned char)
 .text._ZN6FEHLCD14WriteParameterEh
                0x0001353c      0x254 Libraries\FEHLCD.o
                0x0001353c                FEHLCD::WriteParameter(unsigned char)
 .text._ZN6FEHLCD6_ClearEv
                0x00013790      0x228 Libraries\FEHLCD.o
                0x00013790                FEHLCD::_Clear()
 .text._ZN6FEHLCD8NextLineEv
                0x000139b8       0x30 Libraries\FEHLCD.o
                0x000139b8                FEHLCD::NextLine()
 .text._ZN6FEHLCD9CheckLineEv
                0x000139e8       0x2c Libraries\FEHLCD.o
                0x000139e8                FEHLCD::CheckLine()
 .text._ZN6FEHLCD8NextCharEv
                0x00013a14       0x34 Libraries\FEHLCD.o
                0x00013a14                FEHLCD::NextChar()
 .text._ZN6FEHLCD9DrawPixelEii
                0x00013a48       0x30 Libraries\FEHLCD.o
                0x00013a48                FEHLCD::DrawPixel(int, int)
 .text._Z4SwapRiS_
                0x00013a78       0x28 Libraries\FEHLCD.o
                0x00013a78                Swap(int&, int&)
 .text._ZN6FEHLCD13DrawRectangleEiiii
                0x00013aa0       0x80 Libraries\FEHLCD.o
                0x00013aa0                FEHLCD::DrawRectangle(int, int, int, int)
 .text._ZN6FEHLCD13SetDrawRegionEiiii
                0x00013b20      0x10c Libraries\FEHLCD.o
                0x00013b20                FEHLCD::SetDrawRegion(int, int, int, int)
 .text._ZN6FEHLCD13FillRectangleEiiii
                0x00013c2c       0x5c Libraries\FEHLCD.o
                0x00013c2c                FEHLCD::FillRectangle(int, int, int, int)
 .text._ZN6FEHLCD8DrawLineEiiii
                0x00013c88      0x17c Libraries\FEHLCD.o
                0x00013c88                FEHLCD::DrawLine(int, int, int, int)
 .text._ZN6FEHLCD9WriteCharEiic
                0x00013e04       0x40 Libraries\FEHLCD.o
                0x00013e04                FEHLCD::WriteChar(int, int, char)
 .text._ZN6FEHLCD11WriteCharAtEiic
                0x00013e44      0x278 Libraries\FEHLCD.o
                0x00013e44                FEHLCD::WriteCharAt(int, int, char)
 .text._ZN6FEHLCD11RepeatColorEv
                0x000140bc       0xbc Libraries\FEHLCD.o
                0x000140bc                FEHLCD::RepeatColor()
 .text._ZN6FEHLCD10_ForePixelEv
                0x00014178      0x160 Libraries\FEHLCD.o
                0x00014178                FEHLCD::_ForePixel()
 .text._ZN6FEHLCD10_BackPixelEv
                0x000142d8      0x160 Libraries\FEHLCD.o
                0x000142d8                FEHLCD::_BackPixel()
 .text._ZN6FEHLCD22SetRegisterColorValuesEv
                0x00014438      0x4c0 Libraries\FEHLCD.o
                0x00014438                FEHLCD::SetRegisterColorValues()
 .text._Z41__static_initialization_and_destruction_0ii
                0x000148f8       0x30 Libraries\FEHLCD.o
 .text._GLOBAL__sub_I_image
                0x00014928       0x14 Libraries\FEHLCD.o
 .text._ZN8FEHAccelC2Ev
                0x0001493c       0xa8 Libraries\FEHAccel.o
                0x0001493c                FEHAccel::FEHAccel()
                0x0001493c                FEHAccel::FEHAccel()
 .text._Z41__static_initialization_and_destruction_0ii
                0x000149e4       0x30 Libraries\FEHAccel.o
 .text._GLOBAL__sub_I_Accel
                0x00014a14       0x14 Libraries\FEHAccel.o
 .text._ZN10FEHBatteryC2EN5FEHIO8FEHIOPinE
                0x00014a28       0x24 Libraries\FEHBattery.o
                0x00014a28                FEHBattery::FEHBattery(FEHIO::FEHIOPin)
                0x00014a28                FEHBattery::FEHBattery(FEHIO::FEHIOPin)
 .text._Z41__static_initialization_and_destruction_0ii
                0x00014a4c       0x34 Libraries\FEHBattery.o
 .text._GLOBAL__sub_I_Battery
                0x00014a80       0x14 Libraries\FEHBattery.o
 .text._ZN7FEHXBeeC2Ev
                0x00014a94       0x20 Drivers\FEHXBee.o
                0x00014a94                FEHXBee::FEHXBee()
                0x00014a94                FEHXBee::FEHXBee()
 .text._ZN7FEHXBee17SetPacketCallBackEPFvPhhE
                0x00014ab4       0x20 Drivers\FEHXBee.o
                0x00014ab4                FEHXBee::SetPacketCallBack(void (*)(unsigned char*, unsigned char))
 .text._Z9UART0_ISRv
                0x00014ad4      0x174 Drivers\FEHXBee.o
                0x00014ad4                UART0_ISR()
 .text._ZN6FEHRPSC2Ev
                0x00014c48       0x88 Libraries\FEHRPS.o
                0x00014c48                FEHRPS::FEHRPS()
                0x00014c48                FEHRPS::FEHRPS()
 .text._Z14RPSDataProcessPhh
                0x00014cd0      0x164 Libraries\FEHRPS.o
                0x00014cd0                RPSDataProcess(unsigned char*, unsigned char)
 .text._Z41__static_initialization_and_destruction_0ii
                0x00014e34       0x30 Libraries\FEHRPS.o
 .text._GLOBAL__sub_I_RPS
                0x00014e64       0x14 Libraries\FEHRPS.o
 .text._ZN5FEHSDC2Ev
                0x00014e78       0x34 Libraries\FEHSD.o
                0x00014e78                FEHSD::FEHSD()
                0x00014e78                FEHSD::FEHSD()
 .text._ZN5FEHSD9FCloseAllEv
                0x00014eac       0xa4 Libraries\FEHSD.o
                0x00014eac                FEHSD::FCloseAll()
 .text._Z41__static_initialization_and_destruction_0ii
                0x00014f50       0x30 Libraries\FEHSD.o
 .text._GLOBAL__sub_I_SD
                0x00014f80       0x14 Libraries\FEHSD.o
 .text._ZN9FEHRandom10InitializeEv
                0x00014f94       0x54 Libraries\FEHRandom.o
                0x00014f94                FEHRandom::Initialize()
 .text.sprintf  0x00014fe8       0x1c O:\fehqt\Proteus/EWL/lib/armv7e-m\libc.a(sprintf.o)
                0x00014fe8                sprintf
 .text.__StringWrite
                0x00015004       0x28 O:\fehqt\Proteus/EWL/lib/armv7e-m\libc.a(vsnprintf.o)
                0x00015004                __StringWrite
 .text.vsnprintf
                0x0001502c       0x34 O:\fehqt\Proteus/EWL/lib/armv7e-m\libc.a(vsnprintf.o)
                0x0001502c                vsnprintf
 .text.exit     0x00015060       0x38 O:\fehqt\Proteus/EWL/lib/armv7e-m\libc.a(exit.o)
                0x00015060                exit
 .text.rand     0x00015098       0x20 O:\fehqt\Proteus/EWL/lib/armv7e-m\libc.a(rand.o)
                0x00015098                rand
 .text.srand    0x000150b8        0xc O:\fehqt\Proteus/EWL/lib/armv7e-m\libc.a(rand.o)
                0x000150b8                srand
 .text.memchr   0x000150c4       0x1a O:\fehqt\Proteus/EWL/lib/armv7e-m\libc.a(memchr.o)
                0x000150c4                memchr
 .text.memcpy   0x000150de       0x12 O:\fehqt\Proteus/EWL/lib/armv7e-m\libc.a(memcpy.o)
                0x000150de                memcpy
 .text.memset   0x000150f0        0xc O:\fehqt\Proteus/EWL/lib/armv7e-m\libc.a(memset.o)
                0x000150f0                memset
 .text.strchr   0x000150fc       0x1c O:\fehqt\Proteus/EWL/lib/armv7e-m\libc.a(strchr.o)
                0x000150fc                strchr
 .text.strcmp   0x00015118       0x18 O:\fehqt\Proteus/EWL/lib/armv7e-m\libc.a(strcmp.o)
                0x00015118                strcmp
 .text.strlen   0x00015130       0x10 O:\fehqt\Proteus/EWL/lib/armv7e-m\libc.a(strlen.o)
                0x00015130                strlen
 .text.long2str.isra.0
                0x00015140      0x196 O:\fehqt\Proteus/EWL/lib/armv7e-m\libc.a(printformat_.o)
 *fill*         0x000152d6        0x2 00
 .text.__pformatter_
                0x000152d8      0x3f8 O:\fehqt\Proteus/EWL/lib/armv7e-m\libc.a(printformat_.o)
                0x000152d8                __pformatter_
 .text.__sformatter
                0x000156d0      0x74e O:\fehqt\Proteus/EWL/lib/armv7e-m\libc.a(scanformat_.o)
                0x000156d0                __sformatter
 *fill*         0x00015e1e        0x2 00
 .text.isalpha  0x00015e20       0x1c O:\fehqt\Proteus/EWL/lib/armv7e-m\libc.a(ctype_aeabi.o)
                0x00015e20                isalpha
 .text.isspace  0x00015e3c       0x1c O:\fehqt\Proteus/EWL/lib/armv7e-m\libc.a(ctype_aeabi.o)
                0x00015e3c                isspace
 .text.toupper  0x00015e58        0xc O:\fehqt\Proteus/EWL/lib/armv7e-m\libc.a(ctype_aeabi.o)
                0x00015e58                toupper
 .text.__strtoul
                0x00015e64      0x1dc O:\fehqt\Proteus/EWL/lib/armv7e-m\libc.a(__strtoul.o)
                0x00015e64                __strtoul
 .text.__fill_mem
                0x00016040       0x76 O:\fehqt\Proteus/EWL/lib/armv7e-m\libc.a(__filll_mem.o)
                0x00016040                __fill_mem
 *fill*         0x000160b6        0x2 00
 .text.__init_cpp
                0x000160b8       0x4c O:\fehqt\Proteus/EWL/lib/armv7e-m\librt.a(gcc_ctor_dtor.o)
                0x000160b8                __init_cpp
 .text.__fini_cpp
                0x00016104       0x34 O:\fehqt\Proteus/EWL/lib/armv7e-m\librt.a(gcc_ctor_dtor.o)
                0x00016104                __fini_cpp
 .text.__copy_rom_section
                0x00016138       0x44 O:\fehqt\Proteus/EWL/lib/armv7e-m\librt.a(ROMCopy.o)
                0x00016138                __copy_rom_section
 .text.__copy_rom_sections_to_ram
                0x0001617c       0x34 O:\fehqt\Proteus/EWL/lib/armv7e-m\librt.a(ROMCopy.o)
                0x0001617c                __copy_rom_sections_to_ram
 .text.__destroy_global_chain
                0x000161b0       0x1c O:\fehqt\Proteus/EWL/lib/armv7e-m\librt.a(__arm_eabi_init.o)
                0x000161b0                __destroy_global_chain
 .text.__init_registers
                0x000161cc       0x20 O:\fehqt\Proteus/EWL/lib/armv7e-m\librt.a(__arm_eabi_init.o)
                0x000161cc                __init_registers
 .text.__init_user
                0x000161ec        0x4 O:\fehqt\Proteus/EWL/lib/armv7e-m\librt.a(__arm_eabi_init.o)
                0x000161ec                __init_user
 .text._ZNSt9bad_allocD2Ev
                0x000161f0        0xc O:\fehqt\Proteus/EWL/lib/armv7e-m\librt.a(New.o)
                0x000161f0                std::bad_alloc::~bad_alloc()
                0x000161f0                std::bad_alloc::~bad_alloc()
 .text._ZNKSt9bad_alloc4whatEv
                0x000161fc        0x8 O:\fehqt\Proteus/EWL/lib/armv7e-m\librt.a(New.o)
                0x000161fc                std::bad_alloc::what() const
 .text._Znwj    0x00016204       0x4c O:\fehqt\Proteus/EWL/lib/armv7e-m\librt.a(New.o)
                0x00016204                operator new(unsigned int)
 .text._ZdlPv   0x00016250        0x8 O:\fehqt\Proteus/EWL/lib/armv7e-m\librt.a(New.o)
                0x00016250                operator delete(void*)
 .text._ZNSt9bad_allocD0Ev
                0x00016258       0x14 O:\fehqt\Proteus/EWL/lib/armv7e-m\librt.a(New.o)
                0x00016258                std::bad_alloc::~bad_alloc()
 .text._Znaj    0x0001626c       0x14 O:\fehqt\Proteus/EWL/lib/armv7e-m\librt.a(New.o)
                0x0001626c                operator new[](unsigned int)
 .text._ZdaPv   0x00016280        0x8 O:\fehqt\Proteus/EWL/lib/armv7e-m\librt.a(New.o)
                0x00016280                operator delete[](void*)
 .text._ZNK10__cxxabiv117__class_type_info11__do_upcastEPKS0_PPv
                0x00016288       0x38 o:/fehqt/proteus/gcc/bin/../lib/gcc/arm-none-eabi/4.6.2/../../../../arm-none-eabi/lib/armv7e-m\libsupc++.a(class_type_info.o)
                0x00016288                __cxxabiv1::__class_type_info::__do_upcast(__cxxabiv1::__class_type_info const*, void**) const
 .text._ZNK10__cxxabiv117__class_type_info20__do_find_public_srcEiPKvPKS0_S2_
                0x000162c0        0xc o:/fehqt/proteus/gcc/bin/../lib/gcc/arm-none-eabi/4.6.2/../../../../arm-none-eabi/lib/armv7e-m\libsupc++.a(class_type_info.o)
                0x000162c0                __cxxabiv1::__class_type_info::__do_find_public_src(int, void const*, __cxxabiv1::__class_type_info const*, void const*) const
 .text._ZNK10__cxxabiv117__class_type_info11__do_upcastEPKS0_PKvRNS0_15__upcast_resultE
                0x000162cc       0x1c o:/fehqt/proteus/gcc/bin/../lib/gcc/arm-none-eabi/4.6.2/../../../../arm-none-eabi/lib/armv7e-m\libsupc++.a(class_type_info.o)
                0x000162cc                __cxxabiv1::__class_type_info::__do_upcast(__cxxabiv1::__class_type_info const*, void const*, __cxxabiv1::__class_type_info::__upcast_result&) const
 .text._ZN10__cxxabiv117__class_type_infoD2Ev
                0x000162e8       0x14 o:/fehqt/proteus/gcc/bin/../lib/gcc/arm-none-eabi/4.6.2/../../../../arm-none-eabi/lib/armv7e-m\libsupc++.a(class_type_info.o)
                0x000162e8                __cxxabiv1::__class_type_info::~__class_type_info()
                0x000162e8                __cxxabiv1::__class_type_info::~__class_type_info()
 .text._ZN10__cxxabiv117__class_type_infoD0Ev
                0x000162fc       0x1c o:/fehqt/proteus/gcc/bin/../lib/gcc/arm-none-eabi/4.6.2/../../../../arm-none-eabi/lib/armv7e-m\libsupc++.a(class_type_info.o)
                0x000162fc                __cxxabiv1::__class_type_info::~__class_type_info()
 .text._ZNK10__cxxabiv117__class_type_info12__do_dyncastEiNS0_10__sub_kindEPKS0_PKvS3_S5_RNS0_16__dyncast_resultE
                0x00016318       0x3c o:/fehqt/proteus/gcc/bin/../lib/gcc/arm-none-eabi/4.6.2/../../../../arm-none-eabi/lib/armv7e-m\libsupc++.a(class_type_info.o)
                0x00016318                __cxxabiv1::__class_type_info::__do_dyncast(int, __cxxabiv1::__class_type_info::__sub_kind, __cxxabiv1::__class_type_info const*, void const*, __cxxabiv1::__class_type_info const*, void const*, __cxxabiv1::__class_type_info::__dyncast_result&) const
 .text._ZNK10__cxxabiv117__class_type_info10__do_catchEPKSt9type_infoPPvj
                0x00016354       0x28 o:/fehqt/proteus/gcc/bin/../lib/gcc/arm-none-eabi/4.6.2/../../../../arm-none-eabi/lib/armv7e-m\libsupc++.a(class_type_info.o)
                0x00016354                __cxxabiv1::__class_type_info::__do_catch(std::type_info const*, void**, unsigned int) const
 .text.__cxa_allocate_exception
                0x0001637c       0x70 o:/fehqt/proteus/gcc/bin/../lib/gcc/arm-none-eabi/4.6.2/../../../../arm-none-eabi/lib/armv7e-m\libsupc++.a(eh_alloc.o)
                0x0001637c                __cxa_allocate_exception
 .text.__cxa_free_exception
                0x000163ec       0x34 o:/fehqt/proteus/gcc/bin/../lib/gcc/arm-none-eabi/4.6.2/../../../../arm-none-eabi/lib/armv7e-m\libsupc++.a(eh_alloc.o)
                0x000163ec                __cxa_free_exception
 .text.__cxa_end_cleanup
                0x00016420        0xc o:/fehqt/proteus/gcc/bin/../lib/gcc/arm-none-eabi/4.6.2/../../../../arm-none-eabi/lib/armv7e-m\libsupc++.a(eh_arm.o)
                0x00016420                __cxa_end_cleanup
 .text.__cxa_type_match
                0x0001642c       0xec o:/fehqt/proteus/gcc/bin/../lib/gcc/arm-none-eabi/4.6.2/../../../../arm-none-eabi/lib/armv7e-m\libsupc++.a(eh_arm.o)
                0x0001642c                __cxa_type_match
 .text.__cxa_begin_cleanup
                0x00016518       0x78 o:/fehqt/proteus/gcc/bin/../lib/gcc/arm-none-eabi/4.6.2/../../../../arm-none-eabi/lib/armv7e-m\libsupc++.a(eh_arm.o)
                0x00016518                __cxa_begin_cleanup
 .text.__gnu_end_cleanup
                0x00016590       0x7c o:/fehqt/proteus/gcc/bin/../lib/gcc/arm-none-eabi/4.6.2/../../../../arm-none-eabi/lib/armv7e-m\libsupc++.a(eh_arm.o)
                0x00016590                __gnu_end_cleanup
 .text.__cxa_bad_typeid
                0x0001660c       0x24 o:/fehqt/proteus/gcc/bin/../lib/gcc/arm-none-eabi/4.6.2/../../../../arm-none-eabi/lib/armv7e-m\libsupc++.a(eh_aux_runtime.o)
                0x0001660c                __cxa_bad_typeid
 .text.__cxa_call_terminate
                0x00016630       0x50 o:/fehqt/proteus/gcc/bin/../lib/gcc/arm-none-eabi/4.6.2/../../../../arm-none-eabi/lib/armv7e-m\libsupc++.a(eh_call.o)
                0x00016630                __cxa_call_terminate
 .text.__cxa_call_unexpected
                0x00016680      0x120 o:/fehqt/proteus/gcc/bin/../lib/gcc/arm-none-eabi/4.6.2/../../../../arm-none-eabi/lib/armv7e-m\libsupc++.a(eh_call.o)
                0x00016680                __cxa_call_unexpected
 .text.__cxa_begin_catch
                0x000167a0       0x98 o:/fehqt/proteus/gcc/bin/../lib/gcc/arm-none-eabi/4.6.2/../../../../arm-none-eabi/lib/armv7e-m\libsupc++.a(eh_catch.o)
                0x000167a0                __cxa_begin_catch
 .text.__cxa_end_catch
                0x00016838       0x98 o:/fehqt/proteus/gcc/bin/../lib/gcc/arm-none-eabi/4.6.2/../../../../arm-none-eabi/lib/armv7e-m\libsupc++.a(eh_catch.o)
                0x00016838                __cxa_end_catch
 .text._ZNSt9exceptionD2Ev
                0x000168d0        0xc o:/fehqt/proteus/gcc/bin/../lib/gcc/arm-none-eabi/4.6.2/../../../../arm-none-eabi/lib/armv7e-m\libsupc++.a(eh_exception.o)
                0x000168d0                std::exception::~exception()
                0x000168d0                std::exception::~exception()
 .text._ZNSt13bad_exceptionD2Ev
                0x000168dc        0xc o:/fehqt/proteus/gcc/bin/../lib/gcc/arm-none-eabi/4.6.2/../../../../arm-none-eabi/lib/armv7e-m\libsupc++.a(eh_exception.o)
                0x000168dc                std::bad_exception::~bad_exception()
                0x000168dc                std::bad_exception::~bad_exception()
 .text._ZNKSt9exception4whatEv
                0x000168e8        0xc o:/fehqt/proteus/gcc/bin/../lib/gcc/arm-none-eabi/4.6.2/../../../../arm-none-eabi/lib/armv7e-m\libsupc++.a(eh_exception.o)
                0x000168e8                std::exception::what() const
 .text._ZNKSt13bad_exception4whatEv
                0x000168f4        0xc o:/fehqt/proteus/gcc/bin/../lib/gcc/arm-none-eabi/4.6.2/../../../../arm-none-eabi/lib/armv7e-m\libsupc++.a(eh_exception.o)
                0x000168f4                std::bad_exception::what() const
 .text._ZNSt13bad_exceptionD0Ev
                0x00016900       0x14 o:/fehqt/proteus/gcc/bin/../lib/gcc/arm-none-eabi/4.6.2/../../../../arm-none-eabi/lib/armv7e-m\libsupc++.a(eh_exception.o)
                0x00016900                std::bad_exception::~bad_exception()
 .text._ZNSt9exceptionD0Ev
                0x00016914       0x14 o:/fehqt/proteus/gcc/bin/../lib/gcc/arm-none-eabi/4.6.2/../../../../arm-none-eabi/lib/armv7e-m\libsupc++.a(eh_exception.o)
                0x00016914                std::exception::~exception()
 .text.__cxa_get_globals_fast
                0x00016928        0xc o:/fehqt/proteus/gcc/bin/../lib/gcc/arm-none-eabi/4.6.2/../../../../arm-none-eabi/lib/armv7e-m\libsupc++.a(eh_globals.o)
                0x00016928                __cxa_get_globals_fast
 .text.__cxa_get_globals
                0x00016934        0xc o:/fehqt/proteus/gcc/bin/../lib/gcc/arm-none-eabi/4.6.2/../../../../arm-none-eabi/lib/armv7e-m\libsupc++.a(eh_globals.o)
                0x00016934                __cxa_get_globals
 .text._ZL12read_sleb128PKhPl
                0x00016940       0x3c o:/fehqt/proteus/gcc/bin/../lib/gcc/arm-none-eabi/4.6.2/../../../../arm-none-eabi/lib/armv7e-m\libsupc++.a(eh_personality.o)
 .text._ZL28read_encoded_value_with_basehjPKhPj
                0x0001697c       0xa4 o:/fehqt/proteus/gcc/bin/../lib/gcc/arm-none-eabi/4.6.2/../../../../arm-none-eabi/lib/armv7e-m\libsupc++.a(eh_personality.o)
 .text._ZL21base_of_encoded_valuehP15_Unwind_Context
                0x00016a20       0x4c o:/fehqt/proteus/gcc/bin/../lib/gcc/arm-none-eabi/4.6.2/../../../../arm-none-eabi/lib/armv7e-m\libsupc++.a(eh_personality.o)
 .text._ZL17parse_lsda_headerP15_Unwind_ContextPKhP16lsda_header_info.constprop.1
                0x00016a6c       0x90 o:/fehqt/proteus/gcc/bin/../lib/gcc/arm-none-eabi/4.6.2/../../../../arm-none-eabi/lib/armv7e-m\libsupc++.a(eh_personality.o)
 .text.__gxx_personality_v0
                0x00016afc      0x3bc o:/fehqt/proteus/gcc/bin/../lib/gcc/arm-none-eabi/4.6.2/../../../../arm-none-eabi/lib/armv7e-m\libsupc++.a(eh_personality.o)
                0x00016afc                __gxx_personality_v0
 .text._ZN10__cxxabiv111__terminateEPFvvE
                0x00016eb8       0x28 o:/fehqt/proteus/gcc/bin/../lib/gcc/arm-none-eabi/4.6.2/../../../../arm-none-eabi/lib/armv7e-m\libsupc++.a(eh_terminate.o)
                0x00016eb8                __cxxabiv1::__terminate(void (*)())
 .text._ZSt9terminatev
                0x00016ee0       0x10 o:/fehqt/proteus/gcc/bin/../lib/gcc/arm-none-eabi/4.6.2/../../../../arm-none-eabi/lib/armv7e-m\libsupc++.a(eh_terminate.o)
                0x00016ee0                std::terminate()
 .text._ZN10__cxxabiv112__unexpectedEPFvvE
                0x00016ef0        0x8 o:/fehqt/proteus/gcc/bin/../lib/gcc/arm-none-eabi/4.6.2/../../../../arm-none-eabi/lib/armv7e-m\libsupc++.a(eh_terminate.o)
                0x00016ef0                __cxxabiv1::__unexpected(void (*)())
 .text._ZSt10unexpectedv
                0x00016ef8       0x14 o:/fehqt/proteus/gcc/bin/../lib/gcc/arm-none-eabi/4.6.2/../../../../arm-none-eabi/lib/armv7e-m\libsupc++.a(eh_terminate.o)
                0x00016ef8                std::unexpected()
 .text._ZL23__gxx_exception_cleanup19_Unwind_Reason_CodeP21_Unwind_Control_Block
                0x00016f0c       0x4c o:/fehqt/proteus/gcc/bin/../lib/gcc/arm-none-eabi/4.6.2/../../../../arm-none-eabi/lib/armv7e-m\libsupc++.a(eh_throw.o)
 .text.__cxa_throw
                0x00016f58       0x80 o:/fehqt/proteus/gcc/bin/../lib/gcc/arm-none-eabi/4.6.2/../../../../arm-none-eabi/lib/armv7e-m\libsupc++.a(eh_throw.o)
                0x00016f58                __cxa_throw
 .text.__cxa_rethrow
                0x00016fd8       0x78 o:/fehqt/proteus/gcc/bin/../lib/gcc/arm-none-eabi/4.6.2/../../../../arm-none-eabi/lib/armv7e-m\libsupc++.a(eh_throw.o)
                0x00016fd8                __cxa_rethrow
 .text._ZN10__cxxabiv123__fundamental_type_infoD2Ev
                0x00017050       0x14 o:/fehqt/proteus/gcc/bin/../lib/gcc/arm-none-eabi/4.6.2/../../../../arm-none-eabi/lib/armv7e-m\libsupc++.a(fundamental_type_info.o)
                0x00017050                __cxxabiv1::__fundamental_type_info::~__fundamental_type_info()
                0x00017050                __cxxabiv1::__fundamental_type_info::~__fundamental_type_info()
 .text._ZN10__cxxabiv123__fundamental_type_infoD0Ev
                0x00017064       0x1c o:/fehqt/proteus/gcc/bin/../lib/gcc/arm-none-eabi/4.6.2/../../../../arm-none-eabi/lib/armv7e-m\libsupc++.a(fundamental_type_info.o)
                0x00017064                __cxxabiv1::__fundamental_type_info::~__fundamental_type_info()
 .text._ZNK10__cxxabiv119__pointer_type_info14__is_pointer_pEv
                0x00017080        0x4 o:/fehqt/proteus/gcc/bin/../lib/gcc/arm-none-eabi/4.6.2/../../../../arm-none-eabi/lib/armv7e-m\libsupc++.a(pointer_type_info.o)
                0x00017080                __cxxabiv1::__pointer_type_info::__is_pointer_p() const
 .text._ZN10__cxxabiv119__pointer_type_infoD2Ev
                0x00017084       0x14 o:/fehqt/proteus/gcc/bin/../lib/gcc/arm-none-eabi/4.6.2/../../../../arm-none-eabi/lib/armv7e-m\libsupc++.a(pointer_type_info.o)
                0x00017084                __cxxabiv1::__pointer_type_info::~__pointer_type_info()
                0x00017084                __cxxabiv1::__pointer_type_info::~__pointer_type_info()
 .text._ZN10__cxxabiv119__pointer_type_infoD0Ev
                0x00017098       0x1c o:/fehqt/proteus/gcc/bin/../lib/gcc/arm-none-eabi/4.6.2/../../../../arm-none-eabi/lib/armv7e-m\libsupc++.a(pointer_type_info.o)
                0x00017098                __cxxabiv1::__pointer_type_info::~__pointer_type_info()
 .text._ZNK10__cxxabiv119__pointer_type_info15__pointer_catchEPKNS_17__pbase_type_infoEPPvj
                0x000170b4       0x44 o:/fehqt/proteus/gcc/bin/../lib/gcc/arm-none-eabi/4.6.2/../../../../arm-none-eabi/lib/armv7e-m\libsupc++.a(pointer_type_info.o)
                0x000170b4                __cxxabiv1::__pointer_type_info::__pointer_catch(__cxxabiv1::__pbase_type_info const*, void**, unsigned int) const
 .text._ZN10__cxxabiv120__si_class_type_infoD2Ev
                0x000170f8       0x14 o:/fehqt/proteus/gcc/bin/../lib/gcc/arm-none-eabi/4.6.2/../../../../arm-none-eabi/lib/armv7e-m\libsupc++.a(si_class_type_info.o)
                0x000170f8                __cxxabiv1::__si_class_type_info::~__si_class_type_info()
                0x000170f8                __cxxabiv1::__si_class_type_info::~__si_class_type_info()
 .text._ZN10__cxxabiv120__si_class_type_infoD0Ev
                0x0001710c       0x1c o:/fehqt/proteus/gcc/bin/../lib/gcc/arm-none-eabi/4.6.2/../../../../arm-none-eabi/lib/armv7e-m\libsupc++.a(si_class_type_info.o)
                0x0001710c                __cxxabiv1::__si_class_type_info::~__si_class_type_info()
 .text._ZNK10__cxxabiv120__si_class_type_info11__do_upcastEPKNS_17__class_type_infoEPKvRNS1_15__upcast_resultE
                0x00017128       0x24 o:/fehqt/proteus/gcc/bin/../lib/gcc/arm-none-eabi/4.6.2/../../../../arm-none-eabi/lib/armv7e-m\libsupc++.a(si_class_type_info.o)
                0x00017128                __cxxabiv1::__si_class_type_info::__do_upcast(__cxxabiv1::__class_type_info const*, void const*, __cxxabiv1::__class_type_info::__upcast_result&) const
 .text._ZNK10__cxxabiv120__si_class_type_info12__do_dyncastEiNS_17__class_type_info10__sub_kindEPKS1_PKvS4_S6_RNS1_16__dyncast_resultE
                0x0001714c       0x94 o:/fehqt/proteus/gcc/bin/../lib/gcc/arm-none-eabi/4.6.2/../../../../arm-none-eabi/lib/armv7e-m\libsupc++.a(si_class_type_info.o)
                0x0001714c                __cxxabiv1::__si_class_type_info::__do_dyncast(int, __cxxabiv1::__class_type_info::__sub_kind, __cxxabiv1::__class_type_info const*, void const*, __cxxabiv1::__class_type_info const*, void const*, __cxxabiv1::__class_type_info::__dyncast_result&) const
 .text._ZNK10__cxxabiv120__si_class_type_info20__do_find_public_srcEiPKvPKNS_17__class_type_infoES2_
                0x000171e0       0x34 o:/fehqt/proteus/gcc/bin/../lib/gcc/arm-none-eabi/4.6.2/../../../../arm-none-eabi/lib/armv7e-m\libsupc++.a(si_class_type_info.o)
                0x000171e0                __cxxabiv1::__si_class_type_info::__do_find_public_src(int, void const*, __cxxabiv1::__class_type_info const*, void const*) const
 .text._ZNSt9type_infoD2Ev
                0x00017214        0xc o:/fehqt/proteus/gcc/bin/../lib/gcc/arm-none-eabi/4.6.2/../../../../arm-none-eabi/lib/armv7e-m\libsupc++.a(tinfo.o)
                0x00017214                std::type_info::~type_info()
                0x00017214                std::type_info::~type_info()
 .text._ZNKSt9type_info14__is_pointer_pEv
                0x00017220        0x4 o:/fehqt/proteus/gcc/bin/../lib/gcc/arm-none-eabi/4.6.2/../../../../arm-none-eabi/lib/armv7e-m\libsupc++.a(tinfo.o)
                0x00017220                std::type_info::__is_pointer_p() const
 .text._ZNKSt9type_info15__is_function_pEv
                0x00017224        0x4 o:/fehqt/proteus/gcc/bin/../lib/gcc/arm-none-eabi/4.6.2/../../../../arm-none-eabi/lib/armv7e-m\libsupc++.a(tinfo.o)
                0x00017224                std::type_info::__is_function_p() const
 .text._ZNKSt9type_info11__do_upcastEPKN10__cxxabiv117__class_type_infoEPPv
                0x00017228        0x4 o:/fehqt/proteus/gcc/bin/../lib/gcc/arm-none-eabi/4.6.2/../../../../arm-none-eabi/lib/armv7e-m\libsupc++.a(tinfo.o)
                0x00017228                std::type_info::__do_upcast(__cxxabiv1::__class_type_info const*, void**) const
 .text._ZNSt9type_infoD0Ev
                0x0001722c       0x14 o:/fehqt/proteus/gcc/bin/../lib/gcc/arm-none-eabi/4.6.2/../../../../arm-none-eabi/lib/armv7e-m\libsupc++.a(tinfo.o)
                0x0001722c                std::type_info::~type_info()
 .text._ZNKSt9type_infoeqERKS_
                0x00017240       0x30 o:/fehqt/proteus/gcc/bin/../lib/gcc/arm-none-eabi/4.6.2/../../../../arm-none-eabi/lib/armv7e-m\libsupc++.a(tinfo.o)
                0x00017240                std::type_info::operator==(std::type_info const&) const
 .text._ZNKSt9type_info10__do_catchEPKS_PPvj
                0x00017270        0x4 o:/fehqt/proteus/gcc/bin/../lib/gcc/arm-none-eabi/4.6.2/../../../../arm-none-eabi/lib/armv7e-m\libsupc++.a(tinfo.o)
                0x00017270                std::type_info::__do_catch(std::type_info const*, void**, unsigned int) const
 .text._ZNKSt10bad_typeid4whatEv
                0x00017274        0xc o:/fehqt/proteus/gcc/bin/../lib/gcc/arm-none-eabi/4.6.2/../../../../arm-none-eabi/lib/armv7e-m\libsupc++.a(bad_typeid.o)
                0x00017274                std::bad_typeid::what() const
 .text._ZNSt10bad_typeidD2Ev
                0x00017280       0x14 o:/fehqt/proteus/gcc/bin/../lib/gcc/arm-none-eabi/4.6.2/../../../../arm-none-eabi/lib/armv7e-m\libsupc++.a(bad_typeid.o)
                0x00017280                std::bad_typeid::~bad_typeid()
                0x00017280                std::bad_typeid::~bad_typeid()
 .text._ZNSt10bad_typeidD0Ev
                0x00017294       0x1c o:/fehqt/proteus/gcc/bin/../lib/gcc/arm-none-eabi/4.6.2/../../../../arm-none-eabi/lib/armv7e-m\libsupc++.a(bad_typeid.o)
                0x00017294                std::bad_typeid::~bad_typeid()
 .text._ZNK10__cxxabiv117__pbase_type_info15__pointer_catchEPKS0_PPvj
                0x000172b0       0x10 o:/fehqt/proteus/gcc/bin/../lib/gcc/arm-none-eabi/4.6.2/../../../../arm-none-eabi/lib/armv7e-m\libsupc++.a(pbase_type_info.o)
                0x000172b0                __cxxabiv1::__pbase_type_info::__pointer_catch(__cxxabiv1::__pbase_type_info const*, void**, unsigned int) const
 .text._ZN10__cxxabiv117__pbase_type_infoD2Ev
                0x000172c0       0x14 o:/fehqt/proteus/gcc/bin/../lib/gcc/arm-none-eabi/4.6.2/../../../../arm-none-eabi/lib/armv7e-m\libsupc++.a(pbase_type_info.o)
                0x000172c0                __cxxabiv1::__pbase_type_info::~__pbase_type_info()
                0x000172c0                __cxxabiv1::__pbase_type_info::~__pbase_type_info()
 .text._ZN10__cxxabiv117__pbase_type_infoD0Ev
                0x000172d4       0x1c o:/fehqt/proteus/gcc/bin/../lib/gcc/arm-none-eabi/4.6.2/../../../../arm-none-eabi/lib/armv7e-m\libsupc++.a(pbase_type_info.o)
                0x000172d4                __cxxabiv1::__pbase_type_info::~__pbase_type_info()
 .text._ZNK10__cxxabiv117__pbase_type_info10__do_catchEPKSt9type_infoPPvj
                0x000172f0       0x68 o:/fehqt/proteus/gcc/bin/../lib/gcc/arm-none-eabi/4.6.2/../../../../arm-none-eabi/lib/armv7e-m\libsupc++.a(pbase_type_info.o)
                0x000172f0                __cxxabiv1::__pbase_type_info::__do_catch(std::type_info const*, void**, unsigned int) const
 .text.abort    0x00017358       0x24 O:\fehqt\Proteus/EWL/lib/armv7e-m\libc.a(abort.o)
                0x00017358                abort
 .text.sbrk     0x0001737c       0x28 O:\fehqt\Proteus/EWL/lib/armv7e-m\libc.a(alloc.o)
                0x0001737c                sbrk
 .text.malloc   0x000173a4      0x110 O:\fehqt\Proteus/EWL/lib/armv7e-m\libc.a(alloc.o)
                0x000173a4                malloc
 .text.free     0x000174b4       0x10 O:\fehqt\Proteus/EWL/lib/armv7e-m\libc.a(alloc.o)
                0x000174b4                free
 .text.raise    0x000174c4       0x3c O:\fehqt\Proteus/EWL/lib/armv7e-m\libc.a(raise.o)
                0x000174c4                raise
 *(.rodata)
 .rodata        0x00017500       0x2c ..\grid.o
 .rodata        0x0001752c       0x5c ..\main.o
 .rodata        0x00017588       0x78 Libraries\FEHIO.o
 .rodata        0x00017600       0x34 Libraries\FEHLCD.o
 *(.rodata*)
 .rodata.K60_SDHC0_init
                0x00017634        0xc Drivers\SDHC.o
                0x00017634                K60_SDHC0_init
 .rodata._ZL21ESDHC_COMMAND_XFERTYP
                0x00017640      0x100 Drivers\SDHC.o
 .rodata._ZL10ADCNumbers
                0x00017740       0x24 Libraries\FEHIO.o
 .rodata._ZL16AnalogPinNumbers
                0x00017764       0x84 Libraries\FEHIO.o
 .rodata.str1.1
                0x00000000        0x0 O:\fehqt\Proteus/EWL/lib/armv7e-m\libc.a(printformat_.o)
                                  0x1 (size before relaxing)
 .rodata.__aeabi_ctype_table_C
                0x000177e8      0x101 O:\fehqt\Proteus/EWL/lib/armv7e-m\libc.a(ctype_aeabi.o)
                0x000177e8                __aeabi_ctype_table_C
 *fill*         0x000178e9        0x7 00
 .rodata._ZTVSt9bad_alloc
                0x000178f0       0x18 O:\fehqt\Proteus/EWL/lib/armv7e-m\librt.a(New.o)
                0x000178f0                vtable for std::bad_alloc
 .rodata._ZTISt9bad_alloc
                0x00017908        0xc O:\fehqt\Proteus/EWL/lib/armv7e-m\librt.a(New.o)
                0x00017908                typeinfo for std::bad_alloc
 .rodata._ZTSSt9bad_alloc
                0x00017914        0xd O:\fehqt\Proteus/EWL/lib/armv7e-m\librt.a(New.o)
                0x00017914                typeinfo name for std::bad_alloc
 .rodata.str1.1
                0x00017921       0x14 O:\fehqt\Proteus/EWL/lib/armv7e-m\librt.a(New.o)
 *fill*         0x00017935        0x3 00
 .rodata._ZTVN10__cxxabiv117__class_type_infoE
                0x00017938       0x30 o:/fehqt/proteus/gcc/bin/../lib/gcc/arm-none-eabi/4.6.2/../../../../arm-none-eabi/lib/armv7e-m\libsupc++.a(class_type_info.o)
                0x00017938                vtable for __cxxabiv1::__class_type_info
 .rodata._ZTIN10__cxxabiv117__class_type_infoE
                0x00017968        0xc o:/fehqt/proteus/gcc/bin/../lib/gcc/arm-none-eabi/4.6.2/../../../../arm-none-eabi/lib/armv7e-m\libsupc++.a(class_type_info.o)
                0x00017968                typeinfo for __cxxabiv1::__class_type_info
 .rodata._ZTSN10__cxxabiv117__class_type_infoE
                0x00017974       0x24 o:/fehqt/proteus/gcc/bin/../lib/gcc/arm-none-eabi/4.6.2/../../../../arm-none-eabi/lib/armv7e-m\libsupc++.a(class_type_info.o)
                0x00017974                typeinfo name for __cxxabiv1::__class_type_info
 .rodata._ZTVSt9exception
                0x00017998       0x18 o:/fehqt/proteus/gcc/bin/../lib/gcc/arm-none-eabi/4.6.2/../../../../arm-none-eabi/lib/armv7e-m\libsupc++.a(eh_exception.o)
                0x00017998                vtable for std::exception
 .rodata._ZTIN10__cxxabiv115__forced_unwindE
                0x000179b0        0x8 o:/fehqt/proteus/gcc/bin/../lib/gcc/arm-none-eabi/4.6.2/../../../../arm-none-eabi/lib/armv7e-m\libsupc++.a(eh_exception.o)
                0x000179b0                typeinfo for __cxxabiv1::__forced_unwind
 .rodata._ZTISt9exception
                0x000179b8        0x8 o:/fehqt/proteus/gcc/bin/../lib/gcc/arm-none-eabi/4.6.2/../../../../arm-none-eabi/lib/armv7e-m\libsupc++.a(eh_exception.o)
                0x000179b8                typeinfo for std::exception
 .rodata._ZTSSt13bad_exception
                0x000179c0       0x14 o:/fehqt/proteus/gcc/bin/../lib/gcc/arm-none-eabi/4.6.2/../../../../arm-none-eabi/lib/armv7e-m\libsupc++.a(eh_exception.o)
                0x000179c0                typeinfo name for std::bad_exception
 .rodata.str1.4
                0x000179d4       0x23 o:/fehqt/proteus/gcc/bin/../lib/gcc/arm-none-eabi/4.6.2/../../../../arm-none-eabi/lib/armv7e-m\libsupc++.a(eh_exception.o)
                                 0x24 (size before relaxing)
 *fill*         0x000179f7        0x1 00
 .rodata._ZTSN10__cxxabiv119__foreign_exceptionE
                0x000179f8       0x24 o:/fehqt/proteus/gcc/bin/../lib/gcc/arm-none-eabi/4.6.2/../../../../arm-none-eabi/lib/armv7e-m\libsupc++.a(eh_exception.o)
                0x000179f8                typeinfo name for __cxxabiv1::__foreign_exception
 .rodata._ZTIN10__cxxabiv119__foreign_exceptionE
                0x00017a1c        0x8 o:/fehqt/proteus/gcc/bin/../lib/gcc/arm-none-eabi/4.6.2/../../../../arm-none-eabi/lib/armv7e-m\libsupc++.a(eh_exception.o)
                0x00017a1c                typeinfo for __cxxabiv1::__foreign_exception
 *fill*         0x00017a24        0x4 00
 .rodata._ZTVSt13bad_exception
                0x00017a28       0x18 o:/fehqt/proteus/gcc/bin/../lib/gcc/arm-none-eabi/4.6.2/../../../../arm-none-eabi/lib/armv7e-m\libsupc++.a(eh_exception.o)
                0x00017a28                vtable for std::bad_exception
 .rodata._ZTSSt9exception
                0x00017a40       0x10 o:/fehqt/proteus/gcc/bin/../lib/gcc/arm-none-eabi/4.6.2/../../../../arm-none-eabi/lib/armv7e-m\libsupc++.a(eh_exception.o)
                0x00017a40                typeinfo name for std::exception
 .rodata._ZTSN10__cxxabiv115__forced_unwindE
                0x00017a50       0x20 o:/fehqt/proteus/gcc/bin/../lib/gcc/arm-none-eabi/4.6.2/../../../../arm-none-eabi/lib/armv7e-m\libsupc++.a(eh_exception.o)
                0x00017a50                typeinfo name for __cxxabiv1::__forced_unwind
 .rodata._ZTISt13bad_exception
                0x00017a70        0xc o:/fehqt/proteus/gcc/bin/../lib/gcc/arm-none-eabi/4.6.2/../../../../arm-none-eabi/lib/armv7e-m\libsupc++.a(eh_exception.o)
                0x00017a70                typeinfo for std::bad_exception
 .rodata._ZTIPv
                0x00017a7c       0x10 o:/fehqt/proteus/gcc/bin/../lib/gcc/arm-none-eabi/4.6.2/../../../../arm-none-eabi/lib/armv7e-m\libsupc++.a(fundamental_type_info.o)
                0x00017a7c                typeinfo for void*
 .rodata._ZTIv  0x00017a8c        0x8 o:/fehqt/proteus/gcc/bin/../lib/gcc/arm-none-eabi/4.6.2/../../../../arm-none-eabi/lib/armv7e-m\libsupc++.a(fundamental_type_info.o)
                0x00017a8c                typeinfo for void
 .rodata._ZTSPv
                0x00017a94        0x4 o:/fehqt/proteus/gcc/bin/../lib/gcc/arm-none-eabi/4.6.2/../../../../arm-none-eabi/lib/armv7e-m\libsupc++.a(fundamental_type_info.o)
                0x00017a94                typeinfo name for void*
 .rodata._ZTSv  0x00017a98        0x4 o:/fehqt/proteus/gcc/bin/../lib/gcc/arm-none-eabi/4.6.2/../../../../arm-none-eabi/lib/armv7e-m\libsupc++.a(fundamental_type_info.o)
                0x00017a98                typeinfo name for void
 .rodata._ZTIN10__cxxabiv123__fundamental_type_infoE
                0x00017a9c        0xc o:/fehqt/proteus/gcc/bin/../lib/gcc/arm-none-eabi/4.6.2/../../../../arm-none-eabi/lib/armv7e-m\libsupc++.a(fundamental_type_info.o)
                0x00017a9c                typeinfo for __cxxabiv1::__fundamental_type_info
 .rodata._ZTSN10__cxxabiv123__fundamental_type_infoE
                0x00017aa8       0x28 o:/fehqt/proteus/gcc/bin/../lib/gcc/arm-none-eabi/4.6.2/../../../../arm-none-eabi/lib/armv7e-m\libsupc++.a(fundamental_type_info.o)
                0x00017aa8                typeinfo name for __cxxabiv1::__fundamental_type_info
 .rodata._ZTVN10__cxxabiv123__fundamental_type_infoE
                0x00017ad0       0x20 o:/fehqt/proteus/gcc/bin/../lib/gcc/arm-none-eabi/4.6.2/../../../../arm-none-eabi/lib/armv7e-m\libsupc++.a(fundamental_type_info.o)
                0x00017ad0                vtable for __cxxabiv1::__fundamental_type_info
 .rodata._ZTSN10__cxxabiv119__pointer_type_infoE
                0x00017af0       0x24 o:/fehqt/proteus/gcc/bin/../lib/gcc/arm-none-eabi/4.6.2/../../../../arm-none-eabi/lib/armv7e-m\libsupc++.a(pointer_type_info.o)
                0x00017af0                typeinfo name for __cxxabiv1::__pointer_type_info
 .rodata._ZTIN10__cxxabiv119__pointer_type_infoE
                0x00017b14        0xc o:/fehqt/proteus/gcc/bin/../lib/gcc/arm-none-eabi/4.6.2/../../../../arm-none-eabi/lib/armv7e-m\libsupc++.a(pointer_type_info.o)
                0x00017b14                typeinfo for __cxxabiv1::__pointer_type_info
 .rodata._ZTVN10__cxxabiv119__pointer_type_infoE
                0x00017b20       0x28 o:/fehqt/proteus/gcc/bin/../lib/gcc/arm-none-eabi/4.6.2/../../../../arm-none-eabi/lib/armv7e-m\libsupc++.a(pointer_type_info.o)
                0x00017b20                vtable for __cxxabiv1::__pointer_type_info
 .rodata._ZTVN10__cxxabiv120__si_class_type_infoE
                0x00017b48       0x30 o:/fehqt/proteus/gcc/bin/../lib/gcc/arm-none-eabi/4.6.2/../../../../arm-none-eabi/lib/armv7e-m\libsupc++.a(si_class_type_info.o)
                0x00017b48                vtable for __cxxabiv1::__si_class_type_info
 .rodata._ZTIN10__cxxabiv120__si_class_type_infoE
                0x00017b78        0xc o:/fehqt/proteus/gcc/bin/../lib/gcc/arm-none-eabi/4.6.2/../../../../arm-none-eabi/lib/armv7e-m\libsupc++.a(si_class_type_info.o)
                0x00017b78                typeinfo for __cxxabiv1::__si_class_type_info
 .rodata._ZTSN10__cxxabiv120__si_class_type_infoE
                0x00017b84       0x28 o:/fehqt/proteus/gcc/bin/../lib/gcc/arm-none-eabi/4.6.2/../../../../arm-none-eabi/lib/armv7e-m\libsupc++.a(si_class_type_info.o)
                0x00017b84                typeinfo name for __cxxabiv1::__si_class_type_info
 .rodata._ZTISt9type_info
                0x00017bac        0x8 o:/fehqt/proteus/gcc/bin/../lib/gcc/arm-none-eabi/4.6.2/../../../../arm-none-eabi/lib/armv7e-m\libsupc++.a(tinfo.o)
                0x00017bac                typeinfo for std::type_info
 .rodata._ZTSSt9type_info
                0x00017bb4       0x10 o:/fehqt/proteus/gcc/bin/../lib/gcc/arm-none-eabi/4.6.2/../../../../arm-none-eabi/lib/armv7e-m\libsupc++.a(tinfo.o)
                0x00017bb4                typeinfo name for std::type_info
 *fill*         0x00017bc4        0x4 00
 .rodata._ZTVSt9type_info
                0x00017bc8       0x20 o:/fehqt/proteus/gcc/bin/../lib/gcc/arm-none-eabi/4.6.2/../../../../arm-none-eabi/lib/armv7e-m\libsupc++.a(tinfo.o)
                0x00017bc8                vtable for std::type_info
 .rodata._ZTVSt10bad_typeid
                0x00017be8       0x18 o:/fehqt/proteus/gcc/bin/../lib/gcc/arm-none-eabi/4.6.2/../../../../arm-none-eabi/lib/armv7e-m\libsupc++.a(bad_typeid.o)
                0x00017be8                vtable for std::bad_typeid
 .rodata._ZTISt10bad_typeid
                0x00017c00        0xc o:/fehqt/proteus/gcc/bin/../lib/gcc/arm-none-eabi/4.6.2/../../../../arm-none-eabi/lib/armv7e-m\libsupc++.a(bad_typeid.o)
                0x00017c00                typeinfo for std::bad_typeid
 .rodata.str1.4
                0x00017c0c       0x10 o:/fehqt/proteus/gcc/bin/../lib/gcc/arm-none-eabi/4.6.2/../../../../arm-none-eabi/lib/armv7e-m\libsupc++.a(bad_typeid.o)
 .rodata._ZTSSt10bad_typeid
                0x00017c1c       0x10 o:/fehqt/proteus/gcc/bin/../lib/gcc/arm-none-eabi/4.6.2/../../../../arm-none-eabi/lib/armv7e-m\libsupc++.a(bad_typeid.o)
                0x00017c1c                typeinfo name for std::bad_typeid
 .rodata._ZTIN10__cxxabiv117__pbase_type_infoE
                0x00017c2c        0xc o:/fehqt/proteus/gcc/bin/../lib/gcc/arm-none-eabi/4.6.2/../../../../arm-none-eabi/lib/armv7e-m\libsupc++.a(pbase_type_info.o)
                0x00017c2c                typeinfo for __cxxabiv1::__pbase_type_info
 .rodata._ZTSN10__cxxabiv117__pbase_type_infoE
                0x00017c38       0x24 o:/fehqt/proteus/gcc/bin/../lib/gcc/arm-none-eabi/4.6.2/../../../../arm-none-eabi/lib/armv7e-m\libsupc++.a(pbase_type_info.o)
                0x00017c38                typeinfo name for __cxxabiv1::__pbase_type_info
 *fill*         0x00017c5c        0x4 00
 .rodata._ZTVN10__cxxabiv117__pbase_type_infoE
                0x00017c60       0x28 o:/fehqt/proteus/gcc/bin/../lib/gcc/arm-none-eabi/4.6.2/../../../../arm-none-eabi/lib/armv7e-m\libsupc++.a(pbase_type_info.o)
                0x00017c60                vtable for __cxxabiv1::__pbase_type_info
 *(.glue_7)
 .glue_7        0x00000000        0x0 linker stubs
 *(.glue_7t)
 .glue_7t       0x00000000        0x0 linker stubs
 *(.eh_frame)
 *(.init)
 *(.fini)
                0x00017c88                . = ALIGN (0x4)
                0x00017c88                _etext = .

.vfp11_veneer   0x00017c88        0x0
 .vfp11_veneer  0x00000000        0x0 linker stubs

.v4_bx          0x00017c88        0x0
 .v4_bx         0x00000000        0x0 linker stubs

.ARM.extab      0x00017c88      0x138
 *(.ARM.extab* .gnu.linkonce.armextab.*)
 .ARM.extab.text._ZNSt9bad_allocD2Ev
                0x00017c88        0x0 O:\fehqt\Proteus/EWL/lib/armv7e-m\librt.a(New.o)
 .ARM.extab.text._ZNKSt9bad_alloc4whatEv
                0x00017c88        0x0 O:\fehqt\Proteus/EWL/lib/armv7e-m\librt.a(New.o)
 .ARM.extab.text._Znwj
                0x00017c88       0x20 O:\fehqt\Proteus/EWL/lib/armv7e-m\librt.a(New.o)
 .ARM.extab.text._ZNSt9bad_allocD0Ev
                0x00017ca8        0x0 O:\fehqt\Proteus/EWL/lib/armv7e-m\librt.a(New.o)
 .ARM.extab.text._Znaj
                0x00017ca8       0x24 O:\fehqt\Proteus/EWL/lib/armv7e-m\librt.a(New.o)
 .ARM.extab.text.__cxa_bad_typeid
                0x00017ccc        0xc o:/fehqt/proteus/gcc/bin/../lib/gcc/arm-none-eabi/4.6.2/../../../../arm-none-eabi/lib/armv7e-m\libsupc++.a(eh_aux_runtime.o)
 .ARM.extab.text.__cxa_call_unexpected
                0x00017cd8       0x28 o:/fehqt/proteus/gcc/bin/../lib/gcc/arm-none-eabi/4.6.2/../../../../arm-none-eabi/lib/armv7e-m\libsupc++.a(eh_call.o)
 .ARM.extab.text.__cxa_begin_catch
                0x00017d00       0x20 o:/fehqt/proteus/gcc/bin/../lib/gcc/arm-none-eabi/4.6.2/../../../../arm-none-eabi/lib/armv7e-m\libsupc++.a(eh_catch.o)
 .ARM.extab.text._ZL21base_of_encoded_valuehP15_Unwind_Context
                0x00017d20        0xc o:/fehqt/proteus/gcc/bin/../lib/gcc/arm-none-eabi/4.6.2/../../../../arm-none-eabi/lib/armv7e-m\libsupc++.a(eh_personality.o)
 .ARM.extab.text.__gxx_personality_v0
                0x00017d2c       0x20 o:/fehqt/proteus/gcc/bin/../lib/gcc/arm-none-eabi/4.6.2/../../../../arm-none-eabi/lib/armv7e-m\libsupc++.a(eh_personality.o)
 .ARM.extab.text._ZN10__cxxabiv111__terminateEPFvvE
                0x00017d4c       0x2c o:/fehqt/proteus/gcc/bin/../lib/gcc/arm-none-eabi/4.6.2/../../../../arm-none-eabi/lib/armv7e-m\libsupc++.a(eh_terminate.o)
 .ARM.extab.text._ZN10__cxxabiv112__unexpectedEPFvvE
                0x00017d78        0xc o:/fehqt/proteus/gcc/bin/../lib/gcc/arm-none-eabi/4.6.2/../../../../arm-none-eabi/lib/armv7e-m\libsupc++.a(eh_terminate.o)
 .ARM.extab.text._ZSt10unexpectedv
                0x00017d84        0xc o:/fehqt/proteus/gcc/bin/../lib/gcc/arm-none-eabi/4.6.2/../../../../arm-none-eabi/lib/armv7e-m\libsupc++.a(eh_terminate.o)
 .ARM.extab.text._ZNK10__cxxabiv117__pbase_type_info15__pointer_catchEPKS0_PPvj
                0x00017d90        0x0 o:/fehqt/proteus/gcc/bin/../lib/gcc/arm-none-eabi/4.6.2/../../../../arm-none-eabi/lib/armv7e-m\libsupc++.a(pbase_type_info.o)
 .ARM.extab     0x00017d90       0x18 o:/fehqt/proteus/gcc/bin/../lib/gcc/arm-none-eabi/4.6.2/armv7e-m\libgcc.a(unwind-arm.o)
 .ARM.extab     0x00017da8       0x18 o:/fehqt/proteus/gcc/bin/../lib/gcc/arm-none-eabi/4.6.2/armv7e-m\libgcc.a(pr-support.o)

.ARM            0x00017dc0      0x200
                0x00017dc0                __exidx_start = .
 *(.ARM.exidx*)
 .ARM.exidx.text._ZNSt9bad_allocD2Ev
                0x00017e80        0x0 O:\fehqt\Proteus/EWL/lib/armv7e-m\librt.a(New.o)
                                  0x8 (size before relaxing)
 .ARM.exidx.text._ZNKSt9bad_alloc4whatEv
                0x00017e80        0x0 O:\fehqt\Proteus/EWL/lib/armv7e-m\librt.a(New.o)
                                  0x8 (size before relaxing)
 .ARM.exidx.text._Znwj
                0x00017e80        0x8 O:\fehqt\Proteus/EWL/lib/armv7e-m\librt.a(New.o)
 .ARM.exidx.text._ZdlPv
                0x00017e88        0x8 O:\fehqt\Proteus/EWL/lib/armv7e-m\librt.a(New.o)
 .ARM.exidx.text._ZNSt9bad_allocD0Ev
                0x00017e90        0x0 O:\fehqt\Proteus/EWL/lib/armv7e-m\librt.a(New.o)
                                  0x8 (size before relaxing)
 .ARM.exidx.text._Znaj
                0x00017e90        0x8 O:\fehqt\Proteus/EWL/lib/armv7e-m\librt.a(New.o)
 .ARM.exidx.text._ZdaPv
                0x00017e98        0x8 O:\fehqt\Proteus/EWL/lib/armv7e-m\librt.a(New.o)
 .ARM.exidx.text._ZNK10__cxxabiv117__class_type_info11__do_upcastEPKS0_PPv
                0x00017ea0        0x8 o:/fehqt/proteus/gcc/bin/../lib/gcc/arm-none-eabi/4.6.2/../../../../arm-none-eabi/lib/armv7e-m\libsupc++.a(class_type_info.o)
 .ARM.exidx.text._ZNK10__cxxabiv117__class_type_info20__do_find_public_srcEiPKvPKS0_S2_
                0x00017ea8        0x8 o:/fehqt/proteus/gcc/bin/../lib/gcc/arm-none-eabi/4.6.2/../../../../arm-none-eabi/lib/armv7e-m\libsupc++.a(class_type_info.o)
 .ARM.exidx.text._ZNK10__cxxabiv117__class_type_info11__do_upcastEPKS0_PKvRNS0_15__upcast_resultE
                0x00017eb0        0x8 o:/fehqt/proteus/gcc/bin/../lib/gcc/arm-none-eabi/4.6.2/../../../../arm-none-eabi/lib/armv7e-m\libsupc++.a(class_type_info.o)
 .ARM.exidx.text._ZN10__cxxabiv117__class_type_infoD2Ev
                0x00017eb8        0x8 o:/fehqt/proteus/gcc/bin/../lib/gcc/arm-none-eabi/4.6.2/../../../../arm-none-eabi/lib/armv7e-m\libsupc++.a(class_type_info.o)
 .ARM.exidx.text._ZN10__cxxabiv117__class_type_infoD0Ev
                0x00017ec0        0x0 o:/fehqt/proteus/gcc/bin/../lib/gcc/arm-none-eabi/4.6.2/../../../../arm-none-eabi/lib/armv7e-m\libsupc++.a(class_type_info.o)
                                  0x8 (size before relaxing)
 .ARM.exidx.text._ZNK10__cxxabiv117__class_type_info12__do_dyncastEiNS0_10__sub_kindEPKS0_PKvS3_S5_RNS0_16__dyncast_resultE
                0x00017ec0        0x8 o:/fehqt/proteus/gcc/bin/../lib/gcc/arm-none-eabi/4.6.2/../../../../arm-none-eabi/lib/armv7e-m\libsupc++.a(class_type_info.o)
 .ARM.exidx.text._ZNK10__cxxabiv117__class_type_info10__do_catchEPKSt9type_infoPPvj
                0x00017ec8        0x8 o:/fehqt/proteus/gcc/bin/../lib/gcc/arm-none-eabi/4.6.2/../../../../arm-none-eabi/lib/armv7e-m\libsupc++.a(class_type_info.o)
 .ARM.exidx.text.__cxa_allocate_exception
                0x00017ed0        0x8 o:/fehqt/proteus/gcc/bin/../lib/gcc/arm-none-eabi/4.6.2/../../../../arm-none-eabi/lib/armv7e-m\libsupc++.a(eh_alloc.o)
 .ARM.exidx.text.__cxa_free_exception
                0x00017ed8        0x0 o:/fehqt/proteus/gcc/bin/../lib/gcc/arm-none-eabi/4.6.2/../../../../arm-none-eabi/lib/armv7e-m\libsupc++.a(eh_alloc.o)
                                  0x8 (size before relaxing)
 .ARM.exidx.text.__cxa_type_match
                0x00017ed8        0x8 o:/fehqt/proteus/gcc/bin/../lib/gcc/arm-none-eabi/4.6.2/../../../../arm-none-eabi/lib/armv7e-m\libsupc++.a(eh_arm.o)
 .ARM.exidx.text.__cxa_begin_cleanup
                0x00017ee0        0x8 o:/fehqt/proteus/gcc/bin/../lib/gcc/arm-none-eabi/4.6.2/../../../../arm-none-eabi/lib/armv7e-m\libsupc++.a(eh_arm.o)
 .ARM.exidx.text.__gnu_end_cleanup
                0x00017ee8        0x0 o:/fehqt/proteus/gcc/bin/../lib/gcc/arm-none-eabi/4.6.2/../../../../arm-none-eabi/lib/armv7e-m\libsupc++.a(eh_arm.o)
                                  0x8 (size before relaxing)
 .ARM.exidx.text.__cxa_bad_typeid
                0x00017ee8        0x8 o:/fehqt/proteus/gcc/bin/../lib/gcc/arm-none-eabi/4.6.2/../../../../arm-none-eabi/lib/armv7e-m\libsupc++.a(eh_aux_runtime.o)
 .ARM.exidx.text.__cxa_call_terminate
                0x00017ef0        0x8 o:/fehqt/proteus/gcc/bin/../lib/gcc/arm-none-eabi/4.6.2/../../../../arm-none-eabi/lib/armv7e-m\libsupc++.a(eh_call.o)
 .ARM.exidx.text.__cxa_call_unexpected
                0x00017ef8        0x8 o:/fehqt/proteus/gcc/bin/../lib/gcc/arm-none-eabi/4.6.2/../../../../arm-none-eabi/lib/armv7e-m\libsupc++.a(eh_call.o)
 .ARM.exidx.text.__cxa_begin_catch
                0x00017f00        0x8 o:/fehqt/proteus/gcc/bin/../lib/gcc/arm-none-eabi/4.6.2/../../../../arm-none-eabi/lib/armv7e-m\libsupc++.a(eh_catch.o)
 .ARM.exidx.text.__cxa_end_catch
                0x00017f08        0x8 o:/fehqt/proteus/gcc/bin/../lib/gcc/arm-none-eabi/4.6.2/../../../../arm-none-eabi/lib/armv7e-m\libsupc++.a(eh_catch.o)
 .ARM.exidx.text._ZNSt9exceptionD2Ev
                0x00017f10        0x0 o:/fehqt/proteus/gcc/bin/../lib/gcc/arm-none-eabi/4.6.2/../../../../arm-none-eabi/lib/armv7e-m\libsupc++.a(eh_exception.o)
                                  0x8 (size before relaxing)
 .ARM.exidx.text._ZNSt13bad_exceptionD2Ev
                0x00017f10        0x0 o:/fehqt/proteus/gcc/bin/../lib/gcc/arm-none-eabi/4.6.2/../../../../arm-none-eabi/lib/armv7e-m\libsupc++.a(eh_exception.o)
                                  0x8 (size before relaxing)
 .ARM.exidx.text._ZNKSt9exception4whatEv
                0x00017f10        0x0 o:/fehqt/proteus/gcc/bin/../lib/gcc/arm-none-eabi/4.6.2/../../../../arm-none-eabi/lib/armv7e-m\libsupc++.a(eh_exception.o)
                                  0x8 (size before relaxing)
 .ARM.exidx.text._ZNKSt13bad_exception4whatEv
                0x00017f10        0x0 o:/fehqt/proteus/gcc/bin/../lib/gcc/arm-none-eabi/4.6.2/../../../../arm-none-eabi/lib/armv7e-m\libsupc++.a(eh_exception.o)
                                  0x8 (size before relaxing)
 .ARM.exidx.text._ZNSt13bad_exceptionD0Ev
                0x00017f10        0x0 o:/fehqt/proteus/gcc/bin/../lib/gcc/arm-none-eabi/4.6.2/../../../../arm-none-eabi/lib/armv7e-m\libsupc++.a(eh_exception.o)
                                  0x8 (size before relaxing)
 .ARM.exidx.text._ZNSt9exceptionD0Ev
                0x00017f10        0x0 o:/fehqt/proteus/gcc/bin/../lib/gcc/arm-none-eabi/4.6.2/../../../../arm-none-eabi/lib/armv7e-m\libsupc++.a(eh_exception.o)
                                  0x8 (size before relaxing)
 .ARM.exidx.text.__cxa_get_globals_fast
                0x00017f10        0x0 o:/fehqt/proteus/gcc/bin/../lib/gcc/arm-none-eabi/4.6.2/../../../../arm-none-eabi/lib/armv7e-m\libsupc++.a(eh_globals.o)
                                  0x8 (size before relaxing)
 .ARM.exidx.text.__cxa_get_globals
                0x00017f10        0x0 o:/fehqt/proteus/gcc/bin/../lib/gcc/arm-none-eabi/4.6.2/../../../../arm-none-eabi/lib/armv7e-m\libsupc++.a(eh_globals.o)
                                  0x8 (size before relaxing)
 .ARM.exidx.text._ZL12read_sleb128PKhPl
                0x00017f10        0x0 o:/fehqt/proteus/gcc/bin/../lib/gcc/arm-none-eabi/4.6.2/../../../../arm-none-eabi/lib/armv7e-m\libsupc++.a(eh_personality.o)
                                  0x8 (size before relaxing)
 .ARM.exidx.text._ZL28read_encoded_value_with_basehjPKhPj
                0x00017f10        0x8 o:/fehqt/proteus/gcc/bin/../lib/gcc/arm-none-eabi/4.6.2/../../../../arm-none-eabi/lib/armv7e-m\libsupc++.a(eh_personality.o)
 .ARM.exidx.text._ZL21base_of_encoded_valuehP15_Unwind_Context
                0x00017f18        0x8 o:/fehqt/proteus/gcc/bin/../lib/gcc/arm-none-eabi/4.6.2/../../../../arm-none-eabi/lib/armv7e-m\libsupc++.a(eh_personality.o)
 .ARM.exidx.text._ZL17parse_lsda_headerP15_Unwind_ContextPKhP16lsda_header_info.constprop.1
                0x00017f20        0x8 o:/fehqt/proteus/gcc/bin/../lib/gcc/arm-none-eabi/4.6.2/../../../../arm-none-eabi/lib/armv7e-m\libsupc++.a(eh_personality.o)
 .ARM.exidx.text.__gxx_personality_v0
                0x00017f28        0x8 o:/fehqt/proteus/gcc/bin/../lib/gcc/arm-none-eabi/4.6.2/../../../../arm-none-eabi/lib/armv7e-m\libsupc++.a(eh_personality.o)
 .ARM.exidx.text._ZN10__cxxabiv111__terminateEPFvvE
                0x00017f30        0x8 o:/fehqt/proteus/gcc/bin/../lib/gcc/arm-none-eabi/4.6.2/../../../../arm-none-eabi/lib/armv7e-m\libsupc++.a(eh_terminate.o)
 .ARM.exidx.text._ZSt9terminatev
                0x00017f38        0x8 o:/fehqt/proteus/gcc/bin/../lib/gcc/arm-none-eabi/4.6.2/../../../../arm-none-eabi/lib/armv7e-m\libsupc++.a(eh_terminate.o)
 .ARM.exidx.text._ZN10__cxxabiv112__unexpectedEPFvvE
                0x00017f40        0x8 o:/fehqt/proteus/gcc/bin/../lib/gcc/arm-none-eabi/4.6.2/../../../../arm-none-eabi/lib/armv7e-m\libsupc++.a(eh_terminate.o)
 .ARM.exidx.text._ZSt10unexpectedv
                0x00017f48        0x8 o:/fehqt/proteus/gcc/bin/../lib/gcc/arm-none-eabi/4.6.2/../../../../arm-none-eabi/lib/armv7e-m\libsupc++.a(eh_terminate.o)
 .ARM.exidx.text._ZL23__gxx_exception_cleanup19_Unwind_Reason_CodeP21_Unwind_Control_Block
                0x00017f50        0x8 o:/fehqt/proteus/gcc/bin/../lib/gcc/arm-none-eabi/4.6.2/../../../../arm-none-eabi/lib/armv7e-m\libsupc++.a(eh_throw.o)
 .ARM.exidx.text.__cxa_throw
                0x00017f58        0x8 o:/fehqt/proteus/gcc/bin/../lib/gcc/arm-none-eabi/4.6.2/../../../../arm-none-eabi/lib/armv7e-m\libsupc++.a(eh_throw.o)
 .ARM.exidx.text.__cxa_rethrow
                0x00017f60        0x8 o:/fehqt/proteus/gcc/bin/../lib/gcc/arm-none-eabi/4.6.2/../../../../arm-none-eabi/lib/armv7e-m\libsupc++.a(eh_throw.o)
 .ARM.exidx.text._ZN10__cxxabiv123__fundamental_type_infoD2Ev
                0x00017f68        0x0 o:/fehqt/proteus/gcc/bin/../lib/gcc/arm-none-eabi/4.6.2/../../../../arm-none-eabi/lib/armv7e-m\libsupc++.a(fundamental_type_info.o)
                                  0x8 (size before relaxing)
 .ARM.exidx.text._ZN10__cxxabiv123__fundamental_type_infoD0Ev
                0x00017f68        0x0 o:/fehqt/proteus/gcc/bin/../lib/gcc/arm-none-eabi/4.6.2/../../../../arm-none-eabi/lib/armv7e-m\libsupc++.a(fundamental_type_info.o)
                                  0x8 (size before relaxing)
 .ARM.exidx.text._ZNK10__cxxabiv119__pointer_type_info14__is_pointer_pEv
                0x00017f68        0x8 o:/fehqt/proteus/gcc/bin/../lib/gcc/arm-none-eabi/4.6.2/../../../../arm-none-eabi/lib/armv7e-m\libsupc++.a(pointer_type_info.o)
 .ARM.exidx.text._ZN10__cxxabiv119__pointer_type_infoD2Ev
                0x00017f70        0x8 o:/fehqt/proteus/gcc/bin/../lib/gcc/arm-none-eabi/4.6.2/../../../../arm-none-eabi/lib/armv7e-m\libsupc++.a(pointer_type_info.o)
 .ARM.exidx.text._ZN10__cxxabiv119__pointer_type_infoD0Ev
                0x00017f78        0x0 o:/fehqt/proteus/gcc/bin/../lib/gcc/arm-none-eabi/4.6.2/../../../../arm-none-eabi/lib/armv7e-m\libsupc++.a(pointer_type_info.o)
                                  0x8 (size before relaxing)
 .ARM.exidx.text._ZNK10__cxxabiv119__pointer_type_info15__pointer_catchEPKNS_17__pbase_type_infoEPPvj
                0x00017f78        0x8 o:/fehqt/proteus/gcc/bin/../lib/gcc/arm-none-eabi/4.6.2/../../../../arm-none-eabi/lib/armv7e-m\libsupc++.a(pointer_type_info.o)
 .ARM.exidx.text._ZN10__cxxabiv120__si_class_type_infoD2Ev
                0x00017f80        0x8 o:/fehqt/proteus/gcc/bin/../lib/gcc/arm-none-eabi/4.6.2/../../../../arm-none-eabi/lib/armv7e-m\libsupc++.a(si_class_type_info.o)
 .ARM.exidx.text._ZN10__cxxabiv120__si_class_type_infoD0Ev
                0x00017f88        0x0 o:/fehqt/proteus/gcc/bin/../lib/gcc/arm-none-eabi/4.6.2/../../../../arm-none-eabi/lib/armv7e-m\libsupc++.a(si_class_type_info.o)
                                  0x8 (size before relaxing)
 .ARM.exidx.text._ZNK10__cxxabiv120__si_class_type_info11__do_upcastEPKNS_17__class_type_infoEPKvRNS1_15__upcast_resultE
                0x00017f88        0x8 o:/fehqt/proteus/gcc/bin/../lib/gcc/arm-none-eabi/4.6.2/../../../../arm-none-eabi/lib/armv7e-m\libsupc++.a(si_class_type_info.o)
 .ARM.exidx.text._ZNK10__cxxabiv120__si_class_type_info12__do_dyncastEiNS_17__class_type_info10__sub_kindEPKS1_PKvS4_S6_RNS1_16__dyncast_resultE
                0x00017f90        0x8 o:/fehqt/proteus/gcc/bin/../lib/gcc/arm-none-eabi/4.6.2/../../../../arm-none-eabi/lib/armv7e-m\libsupc++.a(si_class_type_info.o)
 .ARM.exidx.text._ZNK10__cxxabiv120__si_class_type_info20__do_find_public_srcEiPKvPKNS_17__class_type_infoES2_
                0x00017f98        0x8 o:/fehqt/proteus/gcc/bin/../lib/gcc/arm-none-eabi/4.6.2/../../../../arm-none-eabi/lib/armv7e-m\libsupc++.a(si_class_type_info.o)
 .ARM.exidx.text._ZNSt9type_infoD2Ev
                0x00017fa0        0x8 o:/fehqt/proteus/gcc/bin/../lib/gcc/arm-none-eabi/4.6.2/../../../../arm-none-eabi/lib/armv7e-m\libsupc++.a(tinfo.o)
 .ARM.exidx.text._ZNKSt9type_info14__is_pointer_pEv
                0x00017fa8        0x0 o:/fehqt/proteus/gcc/bin/../lib/gcc/arm-none-eabi/4.6.2/../../../../arm-none-eabi/lib/armv7e-m\libsupc++.a(tinfo.o)
                                  0x8 (size before relaxing)
 .ARM.exidx.text._ZNKSt9type_info15__is_function_pEv
                0x00017fa8        0x0 o:/fehqt/proteus/gcc/bin/../lib/gcc/arm-none-eabi/4.6.2/../../../../arm-none-eabi/lib/armv7e-m\libsupc++.a(tinfo.o)
                                  0x8 (size before relaxing)
 .ARM.exidx.text._ZNKSt9type_info11__do_upcastEPKN10__cxxabiv117__class_type_infoEPPv
                0x00017fa8        0x0 o:/fehqt/proteus/gcc/bin/../lib/gcc/arm-none-eabi/4.6.2/../../../../arm-none-eabi/lib/armv7e-m\libsupc++.a(tinfo.o)
                                  0x8 (size before relaxing)
 .ARM.exidx.text._ZNSt9type_infoD0Ev
                0x00017fa8        0x0 o:/fehqt/proteus/gcc/bin/../lib/gcc/arm-none-eabi/4.6.2/../../../../arm-none-eabi/lib/armv7e-m\libsupc++.a(tinfo.o)
                                  0x8 (size before relaxing)
 .ARM.exidx.text._ZNKSt9type_infoeqERKS_
                0x00017fa8        0x0 o:/fehqt/proteus/gcc/bin/../lib/gcc/arm-none-eabi/4.6.2/../../../../arm-none-eabi/lib/armv7e-m\libsupc++.a(tinfo.o)
                                  0x8 (size before relaxing)
 .ARM.exidx.text._ZNKSt9type_info10__do_catchEPKS_PPvj
                0x00017fa8        0x0 o:/fehqt/proteus/gcc/bin/../lib/gcc/arm-none-eabi/4.6.2/../../../../arm-none-eabi/lib/armv7e-m\libsupc++.a(tinfo.o)
                                  0x8 (size before relaxing)
 .ARM.exidx.text._ZNKSt10bad_typeid4whatEv
                0x00017fa8        0x0 o:/fehqt/proteus/gcc/bin/../lib/gcc/arm-none-eabi/4.6.2/../../../../arm-none-eabi/lib/armv7e-m\libsupc++.a(bad_typeid.o)
                                  0x8 (size before relaxing)
 .ARM.exidx.text._ZNSt10bad_typeidD2Ev
                0x00017fa8        0x0 o:/fehqt/proteus/gcc/bin/../lib/gcc/arm-none-eabi/4.6.2/../../../../arm-none-eabi/lib/armv7e-m\libsupc++.a(bad_typeid.o)
                                  0x8 (size before relaxing)
 .ARM.exidx.text._ZNSt10bad_typeidD0Ev
                0x00017fa8        0x0 o:/fehqt/proteus/gcc/bin/../lib/gcc/arm-none-eabi/4.6.2/../../../../arm-none-eabi/lib/armv7e-m\libsupc++.a(bad_typeid.o)
                                  0x8 (size before relaxing)
 .ARM.exidx.text._ZNK10__cxxabiv117__pbase_type_info15__pointer_catchEPKS0_PPvj
                0x00017fa8        0x8 o:/fehqt/proteus/gcc/bin/../lib/gcc/arm-none-eabi/4.6.2/../../../../arm-none-eabi/lib/armv7e-m\libsupc++.a(pbase_type_info.o)
 .ARM.exidx.text._ZN10__cxxabiv117__pbase_type_infoD2Ev
                0x00017fb0        0x0 o:/fehqt/proteus/gcc/bin/../lib/gcc/arm-none-eabi/4.6.2/../../../../arm-none-eabi/lib/armv7e-m\libsupc++.a(pbase_type_info.o)
                                  0x8 (size before relaxing)
 .ARM.exidx.text._ZN10__cxxabiv117__pbase_type_infoD0Ev
                0x00017fb0        0x0 o:/fehqt/proteus/gcc/bin/../lib/gcc/arm-none-eabi/4.6.2/../../../../arm-none-eabi/lib/armv7e-m\libsupc++.a(pbase_type_info.o)
                                  0x8 (size before relaxing)
 .ARM.exidx.text._ZNK10__cxxabiv117__pbase_type_info10__do_catchEPKSt9type_infoPPvj
                0x00017fb0       0x10 o:/fehqt/proteus/gcc/bin/../lib/gcc/arm-none-eabi/4.6.2/../../../../arm-none-eabi/lib/armv7e-m\libsupc++.a(pbase_type_info.o)
                                  0x8 (size before relaxing)
 .ARM.exidx     0x00017dc0       0x88 o:/fehqt/proteus/gcc/bin/../lib/gcc/arm-none-eabi/4.6.2/armv7e-m\libgcc.a(unwind-arm.o)
                                 0xc0 (size before relaxing)
 .ARM.exidx     0x00017e48       0x38 o:/fehqt/proteus/gcc/bin/../lib/gcc/arm-none-eabi/4.6.2/armv7e-m\libgcc.a(pr-support.o)
                                 0x48 (size before relaxing)
                0x00017fc0                __exidx_end = .

.ctors          0x00017fc0        0x0
                0x00017fc0                __CTOR_LIST__ = .
 *crtbegin.o(.ctors)
 *(EXCLUDE_FILE(*crtend.o) .ctors)
 *(SORT(.ctors.*))
 *(.ctors)
                0x00017fc0                __CTOR_END__ = .

.dtors          0x00017fc0        0x0
                0x00017fc0                __DTOR_LIST__ = .
 *crtbegin.o(.dtors)
 *(EXCLUDE_FILE(*crtend.o) .dtors)
 *(SORT(.dtors.*))
 *(.dtors)
                0x00017fc0                __DTOR_END__ = .

.preinit_array  0x00017fc0        0x0
                0x00017fc0                PROVIDE (__preinit_array_start, .)
 *(.preinit_array*)
                0x00017fc0                PROVIDE (__preinit_array_end, .)

.init_array     0x00017fc0       0x1c
                0x00017fc0                PROVIDE (__init_array_start, .)
 *(SORT(.init_array.*))
 *(.init_array*)
 .init_array    0x00017fc0        0x4 FEHProteus.o
 .init_array    0x00017fc4        0x4 Libraries\FEHBuzzer.o
 .init_array    0x00017fc8        0x4 Libraries\FEHLCD.o
 .init_array    0x00017fcc        0x4 Libraries\FEHAccel.o
 .init_array    0x00017fd0        0x4 Libraries\FEHBattery.o
 .init_array    0x00017fd4        0x4 Libraries\FEHRPS.o
 .init_array    0x00017fd8        0x4 Libraries\FEHSD.o
                0x00017fdc                PROVIDE (__init_array_end, .)

.fini_array     0x00017fdc        0x0
                0x00017fdc                PROVIDE (__fini_array_start, .)
 *(SORT(.fini_array.*))
 *(.fini_array*)
                0x00017fdc                PROVIDE (__fini_array_end, .)
                0x00017fdc                ___ROM_AT = .

.data           0x1fff0400      0xd2c load address 0x00017fdc
                0x1fff0400                . = ALIGN (0x4)
                0x1fff0400                _sdata = .
 *(.data)
 *(.data*)
 .data._ZL4Stat
                0x1fff0400        0x1 Drivers\SDHC.o
 *fill*         0x1fff0401        0x3 00